(lp0
VIsn't he the Commander in Chief? He "works" about 3 hrs a day. He's a slacker and a despot. https://t.co/JN6PgPsbMn
p1
aV@MichLKosinski #heartbreaking and inspiring. #Peace
p2
aV@1043theshark @AsToldByGaby Thanks for the tweet. #VoteByMail (vote by ballots may be rejected. Check here:\u000ahttps://t.co/U7mUWYFHCa
p3
aVYour ballot may be rejected. Please check your ballot status. You can still vote early or on #November6th\u2026 https://t.co/SfaMnlMHf5
p4
aV@benwikler @JJohnsonLaw #whyisthat
p5
aV@BarbaraHershey8 Love it! #kindness
p6
aV#VoteThemOut @WillieNelson \U0001f1fa\U0001f1f8\u000ahttps://t.co/8GNczNZm3u
p7
aV@BrowardVotes SOE shows I early voted 11/04/2018?
p8
aV@realgregkinnear Amen!
p9
aV@M_Weatherly Would love to see David McCallum get a long over due star on the walk of fame. Can you make that happen please?
p10
aV@kenolin1 \U0001f494 Beautiful dog. I understand your loss
p11
aVRT @BetteMidler: What\u2019s good for the goose is good for the gander. https://t.co/C8WrjZ1Ish
p12
aV@NelsonForSenate Done. #VoteDFL
p13
aV@OfficialJLD \u2714 done #Ivotedtoday
p14
aV@FlaDems #IVotedEarly
p15
aV#VoteBlue #StopTheMadness https://t.co/K5yQCfbGl2
p16
aV@maydaymindy9 @tedcruz
p17
aV@attn @carlreiner You are a treasure!
p18
aV@kenolin1 Amen! Thank you for framing the priorities
p19
aVhttps://t.co/ERZEyn2e3h
p20
aV#VoteItForward https://t.co/tdx1O6JJuO
p21
aV@60SecDocs @Crooked_Feather Midnight, Texas?
p22
aV#Vote #allvotesmatter https://t.co/3YfITKsOeq
p23
aV@BillWeirCNN #optics
p24
aV@GoodDoctorFans Wouldn't miss it!
p25
aVRT @funder: BREAKING: Trump just called the media \u201cthe enemy of the people\u201d again. He learned absolutely nothing from the Khashoggi murder,\u2026
p26
aV#savetheplanet #savetheplanet #savetheplanet https://t.co/A3cV1pu9ix
p27
aV#VoteItForward https://t.co/lBJqG5Y5bW
p28
aV@mariashriver Acceptance is a hard and necessary process
p29
aV@ActualEPAFacts @JeffFlake If you're going to be a phony at least be a sincere one
p30
aV#VoteBlue https://t.co/69Uv7Sgj3G
p31
aV@tarastrong @realDonaldTrump Patriotism is when love of your own people comes first; nationalism, when hate for peo\u2026 https://t.co/4LFozChrgr
p32
aV@GovHowardDean No self-awareness.
p33
aV@ohholycrap Perfect!
p34
aV@cyndilauper You always make me smile Cyndi
p35
aVRT @BillClinton: I mourn those murdered at the Tree of Life Synagogue and pray for the wounded. We must all send an unequivocal message tha\u2026
p36
aV#VoteBlueToSaveAmerica. @SenBillNelson \u000aLining his pockets with industry money\u000a I'll say it. He doesn't care https://t.co/lab1Ivng4Z
p37
aV@NelsonForSenate @SenBillNelson *Grifter
p38
aVRT @RepSwalwell: Just brought a 2-day old girl home from the hospital. On the ride I saw a homeless man making a bed under a bridge. He, to\u2026
p39
aVA bunch of thieving grifters https://t.co/2jwfUOcvbV
p40
aV"It was a drive-by fruiting!"
p41
aV@LSwitlyk #karma
p42
aVRT @JohnBrennan: Stop blaming others. Look in the mirror. Your inflammatory rhetoric, insults, lies, &amp; encouragement of physical violence a\u2026
p43
aV@IJasonAlexander Self awareness
p44
aV@kenolin1 #VoteBlueToSaveAmerica https://t.co/2K9zDAsQWI
p45
aV@RealMuckmaker He's a flake
p46
aV@Acosta #Snollygoster
p47
aV#VoterSuppresion https://t.co/nZWKaNNEhT
p48
aVHe is definitely infantile. https://t.co/6fFbNlbvID
p49
aV@RealMuckmaker Squirrelly and the chipmunk
p50
aV@elephantlovers \U0001f494
p51
aV@Yo_A_88 @NelsonForSenate Thank you
p52
aVRT @mitchellreports: Intel agencies warn of Russia &amp; other adversaries trying to influence midterm voting thru fake social media accounts b\u2026
p53
aV@RawStory @alaskarebel White rich men privilege
p54
aV@jeweljk \U0001f494
p55
aV@NelsonForSenate When are you debating? I can't wait.
p56
aV@sally_field I got your book as a birthday gift today. Sure wish I had it signed.
p57
aV@NelsonForSenate He's a gifter. His wealth was gained from the spoils of his position and despicable businesses. I\u2026 https://t.co/PYBA9FJGYV
p58
aV@elephantlovers \U0001f494
p59
aV@elephantlovers \U0001f494
p60
aV@sally_field @ItsRamiMalek @themichaelcaine 2 people told me today I look like you. Always flattered.
p61
aV@1043theshark @awolnation @elohimmusic Not a fan. Cloying
p62
aVRT @robreiner: If you want to protect Medicare,Social Secuity, your health insurance,the environment,civil rights,minority rights,LBGT righ\u2026
p63
aV@NelsonForSenate Any debates on the schedule? I hope you skewer him. But in your calm measured demeanor. #FactsMatter #vote @SenBillNelson
p64
aV@CREWcrew When you elect a clown you get a circus. #Deplorables
p65
aV@joncoopertweets Never trust people who don't have dogs
p66
aV@MorinToon I love your work!
p67
aV@davidmackau Trump is #morallybankrupt
p68
aV@kenolin1 \U0001f494
p69
aV@yashar \U0001f494
p70
aV#noexcuses  #Vote https://t.co/PZkAwOBKYC
p71
aVRT @PatientAction: #PriorAuthorization forces your physician to get approval for treatment, leaving you without care for longer. RT if you\u2026
p72
aV#Voters do your homework. Your participation matters. Don't stay on the sidelines https://t.co/H4f2KQLgrk
p73
aV@GeorgeTakei Brilliant tweet!
p74
aV#ClimateChangeIsReal #Florida \u000a#voteforourfuture #Vote @SenBillNelson https://t.co/1XfHLPBw97
p75
aVRemember this: #VotingRights \u000aThank you George https://t.co/sLZqT9LjCZ
p76
aV@JohnMoralesNBC6 Sigh echo
p77
aVRT @jaketapper: In 20 years what are you going to be able to say to your children or my children about the three steps you took to mitigate\u2026
p78
aVRT @nowthisnews: Watch Kamala Harris get the FBI to admit that their investigation into Brett Kavanaugh was fixed https://t.co/TEg3e8N8QO
p79
aVRT @krassenstein: The upstanding black President couldn't select a SC Justice in his final year, but the white President who is an unindict\u2026
p80
aVRT @BillKristol: You have to wonder just how much financially the House of Trump owes the House of Saud.
p81
aV@Delrish_M Yay!
p82
aV#VoteBlueToSaveAmericanDemocracy https://t.co/uvHX99Ltyn
p83
aVPeople get ready\u000aThere's a train a-coming\u000aYou don't need no baggage\u000aYou just get on board\u000a#VoteBlue @AndrewGillum @SenBillNelson\u000a#Nov6th
p84
aVSouless mercenary https://t.co/KArHC098Lm
p85
aV#lies We're watching and #VotingBlue https://t.co/e3EKfO6ZgY
p86
aV@occupy4eles Amen
p87
aV@CuomoPrimeTime #kanyetrump Brings to mind 'Nero fiddled while Rome burned'
p88
aVPhil Hartman https://t.co/btoQ1lUF7K
p89
aVTruth! #RickScott has put his pockets over #Florida environment. Please retweet thxs\u000a#VOTE @SenBillNelson https://t.co/p7jaqubjaB
p90
aV@jaketapper Nero fiddled while Rome burned
p91
aV@jaketapper @CNN She needs to,provide proof.
p92
aV@altNOAA Brings to mind the phrase 'Nero fiddled while Rome burned'
p93
aV@driverminnie #Failed https://t.co/PI2qA6ncXD
p94
aV#climatechange Truth https://t.co/aVO5tY82kB
p95
aV@Breaking911 Yes by stealing from cancer research, FEMA, etc. Bogus.
p96
aVAmen! And some voters may have been storm prepping today. #ExtendTheDeadlineFL https://t.co/7WMFORW2tv
p97
aV#NCIS where's Ducky?
p98
aV@Acosta Oh God NO! https://t.co/dv3Dt5EN52
p99
aV#RegisterToVote #WhenWeAllVote https://t.co/t4OtheXiY9
p100
aV@PattyArquette Good argument! #votesaveamerica
p101
aV#despicable https://t.co/sIjiW2wGyG
p102
aVRT @ActForParks: National Parks provide habitat for about 600 threatened and endangered species. Park lovers can\u2019t let Congress turn back t\u2026
p103
aV#resilience #VoteBlue https://t.co/oHWF2irvdg
p104
aV@RealMuckmaker Oligarch.
p105
aV#touche' https://t.co/u7HBab7VaK
p106
aVThere isn't any gray in truth. #Factsmatter https://t.co/EvmYlYyUBA
p107
aVJoin #TheResistance \u000a https://t.co/foHCatntW7 https://t.co/nyZJ1QRSuA
p108
aVNo clean hands dirty pockets https://t.co/K6J9EhAtw2
p109
aV@mariashriver @mitchellreports He's a demagogue. #Shameful
p110
aV@SenatorHeitkamp @westfargo #virago Thank you for your principled support
p111
aV@HoarseWisperer #Snollygoster  (new word) https://t.co/ZB9CPW1u49
p112
aV@CoryBooker Nice way to reframe this. Thank you
p113
aVRT @SteveSchmidtSES: Susan Collins, the Maine Moderate is no more. She has yoked herself to Trump and in doing so has embraced his tactics\u2026
p114
aVRT @EricHolder: With the confirmation of Kavanaugh and the process which led to it, (and the treatment of Merrick Garland), the legitimacy\u2026
p115
aV@DogginTrump Don't boo. #VoteDem
p116
aV@GabbyGiffords Bless you Gabby!
p117
aVYep. Confirmed Trump's little pony https://t.co/JcWPL77BWM
p118
aV@PeterAlexander @Reuters Nuts! How could he be? #delusional
p119
aV@MurphyBrownCBS Glad you are back. We need Murphy and gang. But I really don't like the laugh track. It's not neces\u2026 https://t.co/NboMUO69Z9
p120
aVRT @Sifill_LDF: Thank you to every U.S. Senator who fought to do to fulfill their Art. III advise &amp; consent obligation w/true integrity. Th\u2026
p121
aV@RBReich "Don't boo.....VOTE!"
p122
aV#Amen https://t.co/6xNLrkBnoO
p123
aV#TakeItBack #VoteDem https://t.co/wWdByy4vRQ
p124
aV#hypocracy Snollygoster https://t.co/uyYOwGo7Cb
p125
aVRT @DemitriDawson: Vote every GOP Senator out of office for supporting Kavanaugh. \u000a\u000aEvery single one. \u000a\u000aAnd let\u2019s make @SenatorCollins go t\u2026
p126
aV@CharlesPPierce Perpetually disappointing
p127
aV#TruthBomb https://t.co/4NGZcrBYym
p128
aVDon't boo...#VOTE https://t.co/RNEDKgSucv
p129
aVYes I agree. That mentality was the catalyst to the circus we have now. #ShameOnYou https://t.co/DutIWoKWBV
p130
aV@DonnaNoble10th @TrialLawyerRich @SenatorCollins *Think Omarosa
p131
aV"Don't boo. Vote!" https://t.co/9WxuD1FPYX
p132
aVAmen! https://t.co/19IBQg8Sto
p133
aVRT @OfficialJLD: .@SenCapito Shame on you https://t.co/o05hNR1KxG
p134
aVRT @GeorgeTakei: America: Are you angry? Are you sick of this circus, masquerading as government? Then VOTE. Vote these depraved, cowardly\u2026
p135
aVWhat happened to the branches of our government? https://t.co/VvnATKdzYX
p136
aV@MalcolmNance No self- or familial - awareness.
p137
aV@DanRather Brilliant and inspiring. Thank you
p138
aV@ArtieVandelay1 @marcorubio @SenatorCollins @NRA Hoisted on his own petard!
p139
aVOptics. Empty words. Never a yes in her mind. Predictably disappointing. https://t.co/ZLmuVNIpi4
p140
aV@DanRather I love your optimism. Me too. Better Angels? Wouldn't that be amazing?
p141
aVRT @OfficialJLD: .@SenCapito, as a fellow alum of #HoltonArms , please do the right thing by voting  NO  on Kavanaugh. #VoteNo #BeAHero #St\u2026
p142
aVRT @Lawrence: Brett Kavanaugh\u2019s Yale roommate ... https://t.co/LGLSh9PSZA
p143
aV1. If (when) Dems take back the House\u000a2. We will  impeach him https://t.co/CdoEhZwKnO
p144
aV@SenatorCollins do the right thing on #Kavanaugh put country and decency over party. Lied repeatedly under oath. Un\u2026 https://t.co/wtfHZd5Zqh
p145
aV@nprpolitics She is a disappointment. Perpetually.
p146
aV@SenBooker I'm with you but if history is an example party over country politics will ram this through
p147
aV#VoteNo #KavanaughVote https://t.co/oc9tggSAfT
p148
aV@CapeCodChips is this yours? #plasticpollution https://t.co/aF9q4HtSQ7
p149
aV\U0001f6a8 Be an informed voter. #vote \U0001f1fa\U0001f1f8 https://t.co/EwLPHnxFTf
p150
aV@MaddowBlog Elect a clown get a circus
p151
aVRT @RonanFarrow: Worth noting that the Post, the Times, and the New Yorker all independently reported this same characterization of the FBI\u2026
p152
aVRT @peterdaou: ONE...\u000a\u000aONE...\u000a\u000aONE...\u000a\u000aJUST ONE REPUBLICAN WITH PRINCIPLES.\u000a\u000aIs that really too much to ask??\u000a\u000a#Kavanaugh
p153
aVRT @zachbraff: The people laughing in this video will be voting on November 6th. \u000a\u000aWill you be? https://t.co/VbNQtgJqJO
p154
aV@kasie I guess it's his MO\u000ahttps://t.co/NVBrlExFtV
p155
aV#StopKavanaughNow https://t.co/iT4h3tufv9
p156
aV#KavanaughInvestigation "Misled" is a nicer word https://t.co/P3b0QCmHm7
p157
aV@jaketapper When you elect a clown you get a circus
p158
aV@kenolin1 When you elect a clown you get a circus
p159
aV#I am voting for @SenBillNelson https://t.co/1bx0ozXkE0
p160
aV@kenolin1 A wise man said "Don't boo. Vote!"
p161
aV#VoteNo #NoKavanaugh https://t.co/a7v6unEcYg
p162
aVThank you for your courage. I hope you will inspire your colleagues who are not strong enough to do the same https://t.co/mMJci20r1j
p163
aV@Sifill_LDF #hypocrisy
p164
aV@jaketapper @SenatorCollins @jeremyherb Hmm. She is voting for #Kavanaugh
p165
aVThey put their own political ambitions over all else. Shameful. #VOTEthemOUT https://t.co/O07CRDlVl7
p166
aV@PeterAlexander Fair game? A sexual assault victim's memory of the event should be respected. Shameless and infantile.
p167
aVRT @RepAdamSchiff: President Trump is the only modern presidential candidate to refuse to release their tax returns, reneging on a promise\u2026
p168
aV@DanRather Amen!
p169
aV#vote @SenBillNelson https://t.co/qrzqZIGxyx
p170
aV#VoteForOurLives if you aren't registered yet\u000ahttps://t.co/fjnLC38QDC https://t.co/wUImeIodBM
p171
aVRT @Alyssa_Milano: This is bullshit. \u000a\u000aThe FBI has no plans to interview Dr. Ford for their investigation on Kavanaugh. https://t.co/ntoO0N\u2026
p172
aVNot "comprehensive" after all. Why did I dare to believe them? https://t.co/3TRjcXKY9l
p173
aVRT @RepSwalwell: Americans should know if the president is a tax fraud. @realDonaldTrump should come clean and immediately release his tax\u2026
p174
aV#vote #PlanetEarth voting for a greener cleaner world https://t.co/EP4sxvt9pV
p175
aV@GoodDoctorABC the title might be Good Doctor but the show is excellent!
p176
aVRT @Ocasio2018: Where are the pundits asking GOP how they plan to slash Social Sec &amp; Medicare to \u201cpay for\u201d their NEXT~$4 trillion in tax cu\u2026
p177
aVRT @StephenKing: I'm sure someone has tweeted this, I can't be the only person, but it bears repeating even if so: ONE WEEK OF INVESTIGATIO\u2026
p178
aVRT @SenGillibrand: If Brett Kavanaugh is confirmed to the Supreme Court, he could overturn Roe v. Wade and set women\u2019s rights back decades.\u2026
p179
aV#LIES #Kavanaugh and now text msgs to refute or coerce Debbie Ramirez? https://t.co/1SwX2uucHH
p180
aV#Kavanaugh yes why isn't this a ? in his background check. Maybe in the larger scope? https://t.co/7wnoHMWVUr
p181
aVRT @KevinMKruse: He found Garland "honest" with a "reputation beyond reproach," but Graham wanted to hold the seat open due to politics.\u000a\u000aW\u2026
p182
aV@Lawrence Yes he was under-age drinking and lied on the stand
p183
aVAnyone care #kavanaugh was illegally drinking in 1982 and lied on the stand?\u000a https://t.co/hJYDHHGMEY
p184
aV@CeciliaVega @CapehartJ Very disrespectful and dismissive.
p185
aV@SRuhle Thank you Stephanie
p186
aV@RealMuckmaker Says it all I think. https://t.co/R4kmJQBxa4
p187
aV#KavanaughInvestigation Fake news. Soulless #GOP https://t.co/hK9WLtvJzV
p188
aV#Amen https://t.co/X8HEJJ7e10
p189
aV@RealMuckmaker #FactsMatter https://t.co/gC3zG22jAU
p190
aV@brhodes I'm not a conspiracy theorist but I am thinking you may be right
p191
aVDespite evidence of lies, denials and unstable outbursts the WH is not interested in the truth https://t.co/v7LgOamqLR
p192
aV#KavaNO #WithdrawKavanaugh #Lied https://t.co/6maS8OtjgJ
p193
aVRT @GovHowardDean: Bye bye Lindsey. You\u2019ll be primaried again and this time you will lose to a real person, conservative or not. https://t.\u2026
p194
aV@WhitfordBradley Point taken but it sounds a bit like humblebrag
p195
aVRT @stopthenutjob: Dear @JeffFlake \u000a\u000aNot only did you NOT get your FBI investigation, you didn't even a background check\u000a\u000aYou were played b\u2026
p196
aVRT @KamalaHarris: Let's stay vocal, let's stay active, and let all of our voices be heard. Dr. Ford had the courage to let her voice be hea\u2026
p197
aV@AndrewGillum Agreed!
p198
aV@Lawrence @TheLastWord @jilldotlazz Gorgeous. Both
p199
aV@PeterAlexander More lies?
p200
aV@GlennaWPLG you are the reason I watch This week in S FL
p201
aV@CapehartJ I don't care. Do you?
p202
aV@McAllisterDen Read your bio "don't meddle"\u000a#Hypocrite
p203
aV#MarkJudge https://t.co/OygkpXGHm3
p204
aVRT @Lawrence: A man who dumped wife #2 while she was in the hospital to pursue affair then marriage with wife #3 has something to say about\u2026
p205
aV@soledadobrien Despicable. P.S. don't buy her book. Did you read her bio? "don't meddle" hypocrite!
p206
aV@RepMaxineWaters Truth to your statement. Why don't they stop this and replace with another nominee?
p207
aVRT @JoyceWhiteVance: If the WH is afraid of what a full investigation of Judge Kavanaugh would reveal, he doesn\u2019t belong on the Supreme Cou\u2026
p208
aV@mayawiley and #MarkJudge
p209
aV@DanRather #MarkJudge needs to be subpoenaed\u000aand the employment records about the Safeway timeline should come to light
p210
aVRT @OfficialJLD: It is a complete outrage. https://t.co/EpujCFAcsP
p211
aV@SenSanders Hopeful the FBI can wrap this trail of half- truths, lies, and  misrepresentations into this limited scope report.
p212
aV@Breaking911 Amen!
p213
aV@mental_floss @BillWeirCNN My lifeblood is coffee.
p214
aV@JohnMoralesNBC6 He needs to be defeated. He's a crooked, greedy, unethical potentate. (preaching to the choir)
p215
aV#StopKavanaugh We need a reset on this nomination. Control alt delete https://t.co/GGHB6VpFqN
p216
aV#Perjury #StopKavanaugh https://t.co/YkbdUoTP4G
p217
aV@MaddowBlog Yes and too tempermental.
p218
aV@CharlesPPierce I learned a new word today thanks!
p219
aVThere is a fable about this - https://t.co/LKYjyp3iQ2 https://t.co/hZJAm1gaiA
p220
aV@stopthenutjob @LindseyGrahamSC Maybe he's auditioning for @jeffsessions's job
p221
aV@PatriciaMazzei @FLGovScott @SenBillNelson My vote goes to @SenBillNelson for many reasons
p222
aV@BarbaraBoxer @AriMelber @MSNBC 27 year old button #metoo https://t.co/sgfNZywjqZ
p223
aV@BarbaraBoxer @AriMelber @MSNBC 27 year old button #metoo https://t.co/4phf6MPwum
p224
aV@SenWhitehouse @FBI Thank you Senator
p225
aV#Kavanaugh #NoToKavanaugh https://t.co/j20nFtFg7O
p226
aVRT @CoryBooker: 2018 must be the year the Senate stands up and says a man's job promotion is not worth more than a survivor's pain. For too\u2026
p227
aV@SenBooker thank you for speaking out at the #KavanaughHearings. Your passionate denouncement of the process is inspiring
p228
aV@JeffFlake #Shame
p229
aVRT @SenGillibrand: Any senator who votes to confirm Judge Kavanaugh after Dr. Ford\u2019s testimony is telling our country exactly this: the exp\u2026
p230
aV#DelayTheVote\u000ahttps://t.co/fvvoNJO4PY
p231
aVPlease convince your colleagues to join you or #DelayTheVote and investigate further. Thank you Senator https://t.co/3j9EfCn3QE
p232
aV#DelayTheVote https://t.co/2hntta3eI0
p233
aV#DelayTheVote https://t.co/LOFlSSXpwS
p234
aV@SenWhitehouse @FBI I agree. He should have been subpoenaed. #DelayTheVote
p235
aV#VoteNo #DelayTheVote https://t.co/2rQJn3Ppt2
p236
aV@thehill It should be a red light that #Kavanaugh does NOT have the temperment for #SCOTUS
p237
aV@SRuhle One of the parties in yesterday's hearing took a polygraph the other didn't. #Kavanaugh lied repeatedly. #VoteNO
p238
aV@SenAmyKlobuchar thank you for speaking out at the #KavanaughHearings. Your passionate denouncement was inspiring
p239
aV@SenWhitehouse thank you for speaking out against #KavanaughHearings. Your passionate denouncement was inspiring
p240
aVTouche' https://t.co/6M2harXdn7
p241
aVRT @Acosta: A basic unfairness in how this hearing has been handled. The prosecutor sought to find holes in Ford's testimony, but not Kavan\u2026
p242
aV@LindseyGrahamSC #MerrickGarland remember him?
p243
aV@ddale8 Remember #MerrickGarland ?
p244
aV@JRubinBlogger It's a small room and he has a microphone. Imagine how it sounds in there
p245
aV@JayRouseDC @girlsreallyrule Trump
p246
aV@JRubinBlogger I don't care. Do you?
p247
aV@KatyTurNBC Me thinks he doth protest too (loudly) much
p248
aV@mariashriver @LindseyGrahamSC I wonder why when Dr Ford talked sbout indelible memory she didn't mention his hand\u2026 https://t.co/VEfSF20W9q
p249
aVRT @kasie: I was there for this \u2014&gt; https://t.co/JPetLytCcx
p250
aV@DonaldJTrumpJr #despicable https://t.co/VJV9bGqOFV
p251
aV@MollieKatzen Picking lint. Nothing to impeach her on.\u000a#IBelieveChristineBlaseyFord
p252
aV#IBelieveChristineBlaseyFord https://t.co/J9izyI4C6I
p253
aV@PhilipRucker #IBelieveChristineBlaseyFord You don't have to have a good memory if you're telling the truth
p254
aV#IBelieveChristineBlaseyFord You don't have to have a good memory if you're telling the truth
p255
aV#IBelieveChristineBlaseyFord https://t.co/xVbcQnF0Qy
p256
aV#IBelieveChristineBlaseyFord https://t.co/D9UC0mf0tL
p257
aV@AndrewGillum @HillaryClinton And @BarackObama I hope!
p258
aV@TeamPelosi https://t.co/gFkqMdMJFB
p259
aV#KavaNO https://t.co/AuOvLIttx0
p260
aV@sally_field You go girl! Congratulations Sally!
p261
aV@helenprejean \U0001f494
p262
aV#VoterReg2018 https://t.co/fBWbVgmaRw
p263
aV@JRubinBlogger Thanks you confirmed my suspicion
p264
aV@OpenSecretsDC @AndrewGillum Maybe throw some to @SenBillNelson too!\u000a@TomSteyer
p265
aVAmen! This 'let's get it done' process smells and has since the beginning. https://t.co/2OwKiyzCy1
p266
aVAmen! https://t.co/nrQjAX7l0J
p267
aVThey can't handle the truth! https://t.co/68sCCK8F2F
p268
aVRT @stopthenutjob: Brett Kavanaugh during Starr investigation wrote: "It is our job to make Bill Clinton's pattern of revolting behaviors c\u2026
p269
aV#RegistertoVote #vote https://t.co/2gTdKY6vwP
p270
aV@shaunking \U0001f494 so sorry
p271
aV@RealRonHoward https://t.co/MthXRw4uUz
p272
aV@tedlieu https://t.co/AFAedZc1Kr
p273
aVRT @sarahkendzior: Unconvincing: "I was a virgin and it was my evil twin and look I didn't pencil in 'rape night' on my 36-year-old calenda\u2026
p274
aVRT @girlsreallyrule: Things I want Martha MacCallum to ask Brett Kavanaugh about in front of his wife, Ashley:\u000a\u279ethe Devil's Triangle\u000a\u279eThe F\u2026
p275
aV@TheRealistHom #GOP Apparently not concerned about legacy or future generations https://t.co/3eybXqXZFq
p276
aV@foe_us #FireZinke
p277
aVRT @StephenKing: Kavanaugh: "There is now a frenzy to come up with something -- anything -- that will block this process and a vote on my c\u2026
p278
aVJoin me and #BeAVoter in the U.S. election. Get started by registering to vote here https://t.co/AUHDziirZt
p279
aV#DoYourJob https://t.co/OaazkfVcxL
p280
aV#StopKavanaugh Next. https://t.co/Sw3QVHL7a9
p281
aVRT @CREWcrew: Hey, remember when we warned about the consequences of @realDonaldTrump holding onto his businesses? About how he could blend\u2026
p282
aVRT @SenGillibrand: Enough is enough. One credible sexual assault claim should have been too many to get a lifetime appointment to the Supre\u2026
p283
aVRT @emmyrossum: . @SenatorCollins is THREE accusers enough for you?!
p284
aV@JohnMoralesNBC6 Not surprised. We need to re-elect @SenBillNelson
p285
aVRT @TeamPelosi: Reminder: all of this is happening while...\u000a\u000a-Thousands of helpless children are being caged;\u000a\u000a-Republicans are trying to s\u2026
p286
aVRT @JoeNBC: Merrick. Garland. https://t.co/8gH9QIBtcR
p287
aVSo DT made bad policies and we are cleaning up the messes. Shuffling FEMA money and more to cover the bills. Now ta\u2026 https://t.co/xmDdMG5rde
p288
aV#StopKavanaugh Clearly unfit for #SCOTUS \u000a#BelieveSurvivors https://t.co/JwxWPDQaCS
p289
aV@SelaWard I loved that show!
p290
aV@CREWcrew #Deplorables
p291
aVRT @JohnOberg: When natural disasters like #flooding hit, animals are often victims, classified only as minor economic losses by the Meat I\u2026
p292
aVI am woman hear me roar!  #metoo\u000aHelen Reddy\u000ahttps://t.co/9Iyg93l3bs
p293
aVRT @mayawiley: If I was representing #DrChristineFord, I would only advise her to testify to #SenateJudiciaryCommittee members, NOT an outs\u2026
p294
aV@JohnMoralesNBC6 Boo!
p295
aV@soledadobrien I am shocked. These women are deplorable. https://t.co/kM1ChrTBMf
p296
aVRT @RepAdamSchiff: Trump today acknowledged U.S. allies have urged him not to release highly sensitive material, but left open the possibil\u2026
p297
aVRight on! https://t.co/ia6AaGyzmZ
p298
aV@StephenAtHome #Brilliant
p299
aV#Amen https://t.co/t5BvjJgcq1
p300
aVAnd another example of bias. Fait accompli. https://t.co/SmfU2FUnPd
p301
aV@SenKamalaHarris Another assault to silence her
p302
aV@Lawrence #SenateJudiciaryCommittee is essentially putting a hand over #DrFords mouth once again
p303
aV#Whatstherush https://t.co/mBgD1G5419
p304
aV@tomhanks I would love to see you play Rod Serling on SNL. Maybe a mashup of Rod Serling as the host of Survivor #MakeItHappen
p305
aVRT @NormEisen: RED ALERT: friends, this could be it. Please sign up below and be ready if Rosenstein is fired. It will be a test for our de\u2026
p306
aV#VoteBlue https://t.co/YU4yTjOfME
p307
aV@ringostarrmusic Oh how I needed that today!
p308
aV@helenprejean Amen!
p309
aVThe floor of #Deplorable has sunken to a new low. https://t.co/RwsNXTDOCX
p310
aV@RonDeSantisFL Your plan for FL "From Dunedin to Tallahassee..." what about the rest of us? @SenBillNelson will go to bat for all of us
p311
aV@1043theshark @MumfordAndSons Nice!!
p312
aV@OfficialJLD Done! (or just begun)
p313
aV@BarbaraHershey8 Yes it is. Thank you for sharing.
p314
aV#DearProfessoFord you've got this! https://t.co/ZdYP4aFHRM
p315
aVChecked! You don't have to have a great memory if you always tell the truth https://t.co/kXStidYc9j
p316
aV@sethmeyers And well you should
p317
aV@shaunking My prayers are with you and your family.
p318
aV@shaunking \U0001f494
p319
aVRT @SenGillibrand: We can\u2019t let Trump\u2019s right-wing nominee, Brett Kavanaugh, take a lifetime seat on the Supreme Court. I still need 548 mo\u2026
p320
aVRT @SenSchumer: Dr Ford reasonably requested FBI bkgd check before she testifies so all the facts come out instead of just 2 conflicting st\u2026
p321
aV@knoxnews Gumption! She can run for office but she can't #vote.
p322
aVYou said it sistah. https://t.co/aGG8baSxZF
p323
aV@ChrisCuomo Odd way of looking at the situation.
p324
aV@GeorgeTakei You are brilliant! Great tweets. Thank you
p325
aV#why #WhatstheRush https://t.co/3LIDmMRiV7
p326
aVAmen! https://t.co/baLRO5qBDh
p327
aV#GOP Party over country. Always. Shame on you. https://t.co/O7CRimY1Ds
p328
aVWhat's the rush? #MerrickGarland wasn't given the opportunity. Unfair. GOP politcs https://t.co/GW6aRNzOBZ
p329
aV@occupy4eles \u2764\U0001f494
p330
aVRT @CharlesMBlow: Al Franken was drummed out if the Senate (and criticized by Trump) after allegations of kissing and groping a woman witho\u2026
p331
aV#DelayTheVote Party over country GOP politics as usual. This confirmation is a disgrace https://t.co/v2s6BOH45E
p332
aV#DontBooVote @SenBillNelson \u000ahttps://t.co/cVv5pyNVxo
p333
aVRT @EricHolder: This is an especially dangerous abuse of power by this President. He places his self interest above the national security i\u2026
p334
aV@Sifill_LDF #WhatAreTheyHiding. #DelayTheVote
p335
aV#PostponeTheVote this is a lifetime appointment. What's the rush? https://t.co/HgWyIKfpZj
p336
aV@sally_field @AmanpourCoPBS @camanpour I'll be watching!
p337
aV@StephenKing #voteNo @ScottforFlorida
p338
aV#StopKavanaugh https://t.co/sAnPARJyPH
p339
aV#StopKavanaugh https://t.co/K2kMl0DfYs
p340
aV@sally_field I bet you're glad your journaled all those years. What gems and revelations must be in them. I look fo\u2026 https://t.co/81sMijVz4K
p341
aV@SassCaffeinated Such waste. Maybe this: https://t.co/lN72p1hUg2
p342
aV@RoseMarie4Real @TheEmmys \u2764
p343
aV@elephantlovers \U0001f494
p344
aV#StopKavanaugh https://t.co/iAbyZ4EFBF
p345
aVRT @DavidCornDC: If only you paid this much attention to the Russian attack on a US election. https://t.co/BYgbeBUAWo
p346
aV#notfit We have evidence everyday. https://t.co/3zTt2FM1Qd
p347
aVRT @CharlesMBlow: Stop infantalizing white men and pathologizing black ones. \u000a\u000aKavanaugh, accused of attempted rape, was 17: Trump defendin\u2026
p348
aV@SRuhle Why? Is the #SenateJudiciaryCommittee  watching ads? Trying to stem the flow of information on #Kavanaugh ?
p349
aV@itsdeenalang Get out of my head!
p350
aV#DelayKavanaughVote https://t.co/qiOleB86Fh
p351
aV@Delrish_M Congrats! We still miss you #Miami
p352
aV@PeterAlexander Cardboard prop. No depth to this administration. #UnfitForOffice https://t.co/qIzMxKk0Wl
p353
aVRT @DebraMessing: EXCUSE ME @senLindseyGraham ?? You should resign if you can\u2019t stand by the rule of law. \U0001f525Republican senator Lindsay Graha\u2026
p354
aV@elephantlovers \U0001f494
p355
aV@cher @primo2009 Life long fan. You always make me smile.
p356
aV@DebraMessing Tell that to @SusanSarandon
p357
aVRT @DeFede: As I have been researching why @MiamiDadeCounty maintains the policy of refusing to have early voting on college campuses - a p\u2026
p358
aV@DeFede @MiamiDadeCounty I find it excessively high. Wow!
p359
aVYes both are eloquent passionate speakers. We need both of them in FL. https://t.co/9WKb5GTw2V
p360
aVI'm voting for @AndrewGillum FL #voters you should too https://t.co/EsUc2InrVw
p361
aV@JohnMoralesNBC6 https://t.co/9gXs8sn5Pr
p362
aVRT @RepJoeKennedy: Treating sick patients is a moral requirement. Padding a CEO\u2019s pocket isn\u2019t. https://t.co/ryg5YQ5lGa
p363
aV@SenFeinstein #Resist Keep fighting and thank you
p364
aV#GOP play by the rules #WhatAreTheyHiding ? https://t.co/4zmGdfb3EP
p365
aV@FlaDems @AmyMercado I hope @SenBillNelson brings this up in their debates.
p366
aV@GOP do your job #KavaNOPE https://t.co/Ibr1DRHwYd
p367
aVSusan Sarandon is taradiddle. She threw away her vote and inspired others to do the same.
p368
aV@hersheyhiker @bubbaprog @AndrewGillum The Villages help fund the SuperPac airing ugly, dishonest tv spots against\u2026 https://t.co/g3Xn7hXuhQ
p369
aV#VoteBlue2018 #ElectionsMatter https://t.co/K0YNFlzlso
p370
aV@kenolin1 And the Trump admin transfered $10 mil from #FEMA to ICE
p371
aV@DeFede @politico He has big money (dark groups too) and no ethics. We need to get the #vote out for @SenBillNelson
p372
aV#StopKavanaugh https://t.co/h3yi1rkdpD
p373
aV@kenolin1 I don't believe he did anything to help New York recover despite having his business there. In fact... https://t.co/GjMi6Rwg6L
p374
aVRT @DanRather: Intensifying hurricanes, wildfires, floods, droughts. Coral dies. Diseases spread. Seas rise. Earth begs for a restoration t\u2026
p375
aVRT @BarackObama: We will always remember everyone we lost on 9/11, thank the first responders who keep us safe, and honor all who defend ou\u2026
p376
aV@1043theshark @Hozier I like it! "It's not the waking it's the rising" Nice!
p377
aV@JoyAnnReid https://t.co/ufYOt1si3Q
p378
aV#911Neverforget https://t.co/eXE0dI86oH
p379
aV@AsToldByGaby @itsdeenalang I was going to say that!
p380
aV#VOTEANDVOLUNTEER https://t.co/a4cy9ggWGl
p381
aV@chargrille @R3sistP3rsist @LobsterPilates @MsEyreResists @SenatorCollins @senrobportman Thanks for passing that on. Very helpful
p382
aV#vote #GillumForGovernor https://t.co/dO60iaONje
p383
aV#vote #GillumForGovernor https://t.co/PXwCU6ism3
p384
aVRT @SenatorCantwell: Judge Kavanaugh has refused to uphold the constitutionality of the Affordable Care Act, ruled against workers\u2019 rights\u2026
p385
aVRT @swingleft: "The politics of division and resentment and paranoia has unfortunately found a home in the Republican party." \u2014@BarackObama\u2026
p386
aV@alaskarebel Amen!
p387
aV@SecretaryCard @GeorgeWBush stayed on the sidelines because @BarackObama was his successor. No comparison to the un\u2026 https://t.co/77Ak7YzOiS
p388
aV#VoteBlue #TakeItBack @BarackObama https://t.co/00gaBh1G9K
p389
aV@cher @MSNBC tune in now if you can
p390
aV@cher @BarackObama is speaking at a campaign rally in just a few minutes. I think you will hear the Barack Obama you want
p391
aV@JoyAnnReid @glowbelle1 https://t.co/cOImIv5SYJ
p392
aV@KatyTurNBC https://t.co/wy0uI2iGnq
p393
aV#BarackObama Don't boo #vote https://t.co/y7TZerzSPT
p394
aVHe was a funny, talented man and will be missed but in our \u2764's forever. One of a kind #BurtReynolds
p395
aV@waltshaub Double standards. Teflon Don.\u000a#WomensEqualityDay
p396
aVThis is the passion we need to right this sinking ship. From ALL of us who are distressed about how our country is\u2026 https://t.co/HnYzd9ETwe
p397
aVRT @AliVelshi: John Dean: If Kavanaugh's confirmed, a president who shoots someone on Fifth Avenue can't be prosecuted in office https://t.\u2026
p398
aV#GOP over country, We pay you to do your job ethically and honorably #GOPTaxScam #KavanaughHearings https://t.co/QRB9s45P3a
p399
aV@soledadobrien Touche'
p400
aVRT @JasonOverstreet: HOLY SHIT!!!  https://t.co/yHI1URq3HL
p401
aVRT @SenFeinstein: Judge Kavanaugh just said Burwell v. Hobby Lobby was about "abortion-inducing drugs." That's a GROSS misunderstanding of\u2026
p402
aVRT @burgessev: Booker notes that Kavanaugh was not on Trump's SCOTUS lists until the Mueller investigation started.
p403
aV@stengel Unfortunately the people who NEED to read this book won't.
p404
aV@RepJoeKennedy This was Brett #Kavanaugh's @SenJohnMcCain's "no ma'am" moment where his true character was revealed
p405
aV@CBSNews @SenWhitehouse I think more than a euphemistic pause. This hearing should be halted. #WhatAreTheyHiding
p406
aV#kavanaughhearings #StopKavanaugh https://t.co/pcFqcELiqf
p407
aV#KavanaughConfirmation #TrumpRussia \u000aWe need transparency!#WhatAreTheyHiding https://t.co/FY6SMd1MLK
p408
aV#transparency #KavanaughConfirmation https://t.co/aiHX58uakT
p409
aV#StopKavanaugh #SCOTUSnominee @sally_field
p410
aV#WhatAreTheyHiding https://t.co/JDynLKBa15
p411
aV@JudiciaryDems This confirmation needs to be postponed. For many reasons. Only 10% of #Kavanaugh's record has been\u2026 https://t.co/oiPi4EFyRR
p412
aV@RepJoeKennedy Yes. I just watched a doc re the tragic Triangle shirtwaist fire in 1911. Because of that tragedy wo\u2026 https://t.co/H3rbYI3zxu
p413
aV@JustineBateman Yes. I just watched a doc re the tragic Triangle shirtwaist fire in 1911. Because of that tragedy w\u2026 https://t.co/IavIwa1Ze2
p414
aV@tvkatesnow @washingtonpost @KarenAttiah Thanks for sharing Kate
p415
aV@davidhogg111 Good job but we need help in Florida\u000a#stopRickScott
p416
aV@FoxNews #Ratio
p417
aV@cher Please support (donate) to @AndrewGillum\u000a https://t.co/ixEn5Kgns4
p418
aV@cher #racialdogwhistle
p419
aV@cher It's probably in the racists handbook
p420
aV#DoYourJob @senmarcorubio https://t.co/xUXzcGt8Sg
p421
aV@realgregkinnear Because of Netflix I've seen some of the best of your work.  You're an amazing actor!
p422
aV@elephantlovers \u2764
p423
aV#Grizzly protection in WY https://t.co/0vDXeNnUTA
p424
aVRT @WalshFreedom: The President of the United States has access to more classified material than anyone else on the planet.\u000a\u000aInstead he wat\u2026
p425
aV#dejavu https://t.co/Kz8EiSapO3
p426
aV@hippeas_snacks #delish
p427
aV@nbcsnl @pamelaadlon
p428
aV#bantrophyhunters https://t.co/Z5xvJncj9t
p429
aV@EricBlake12 It's as bad as #Trump mocking that jounalist\u000aSame cloth
p430
aV@MerriamWebster Yes keep up the great work!
p431
aV@emrazz @realDonaldTrump Shades of Roy Cohn
p432
aV@SarahRamsingh Well said. Grassroots and boots on the ground.
p433
aV#VOTEFOROURLIVES https://t.co/RVmOHSrC2R
p434
aVRT @Weinsteinlaw: This is the 237th day of the year. \u000a\u000aThere have been 235 mass shootings in 2018. \u000a\u000aThere are 71 days until Election Day.\u2026
p435
aV@DianaGHealth There is no bottom.
p436
aV@LawAttractionLO Yes
p437
aVRT @PattyArquette: Media please use proper terminology . Russia \u201cattacked\u201d the United States. Russia continues to \u201cattack\u201d the United State\u2026
p438
aVAmen! https://t.co/Oy4SkzOw4z
p439
aVYep that's Marco Rubio. Just when you think he'll do the right thing he doesn't. #COI? https://t.co/arnLLGifBp
p440
aVLet's trade! Who wants Trump? France? Canada? All offers taken https://t.co/gCftimDICa
p441
aVRT @freddyatton: What grade do you give @realDonaldTrump\u2019s presidency? Please retweet to get a wide sampling.
p442
aVRT @StephenKing: John McCain's finest moment (for me) came in 2008, when a woman at a rally referred to Obama as an Arab. "No, ma'am," McCa\u2026
p443
aVCompassion, grace and leadership. https://t.co/RpAOSVCtJs
p444
aV@JudiciaryDems\u000aDelay SCOTUS confirmation hearings https://t.co/rLvOccd70z
p445
aV#vote @SenBillNelson https://t.co/fNaEXLDJ0v
p446
aVWe need you Senator https://t.co/8UauAxD9Hj
p447
aV#BanTrophyHunting https://t.co/58dniJcVbS
p448
aV@TimOBrien @DavidCornDC Leona Hemsley infamously said "only little people pay taxes". Greedy, corrupt people! #LockThemAllUp
p449
aVRT @DanRather: There is a certain irony in the fact that Rudy Giuliani helped make a name for himself by prosecuting mob bosses and now sou\u2026
p450
aV@elephantlovers \u2764
p451
aV@ValeriemaeP @TIME @TommyFlanagan Civil violations concerning timely reporting vs a criminal offense. Fact
p452
aV@JohnMoralesNBC6 #vote @SenBillNelson
p453
aV@kirstenkayyyy \U0001f494
p454
aV@peta #done
p455
aV@peta \U0001f494
p456
aV#TrophyHunting https://t.co/1THebDdA65
p457
aVRT @KamalaHarris: Americans don't want a president who is an unindicted co-conspirator in a crime to have the power to appoint someone to t\u2026
p458
aV@JasonRitter Thanks for brightening my day!
p459
aV#truth #Kavanaugh Now that's a true patriot \U0001f1fa\U0001f1f8 https://t.co/fQHt4ukQJr
p460
aV#VOTE \U0001f1fa\U0001f1f8 https://t.co/D38To9Swgh
p461
aVYes #GOP put country over party and do your job! https://t.co/sSUGUibyBA
p462
aVRT @kenolin1: Last thing for today. \u000aNo matter how many of these lowlifes go to prison, including Trump himself, it will never make up for\u2026
p463
aV#Trump #Cohen #Bannon https://t.co/F4neVJCtsp
p464
aV#resist https://t.co/ZxKixj7OLO
p465
aV@marcorubio @senmarcorubio #shameful\u000aThe land of the free because of the brave https://t.co/WTgUHTfoXV
p466
aV@TomSteyer Newton's law of motion.
p467
aV#SCOTUS No. #GOP https://t.co/hgFRBaH3c7
p468
aVRT @alfranken: My wife Franni has been saying for months that Trump won\u2019t pardon Manafort\u2014because he doesn\u2019t have to. Her theory is simple\u2026
p469
aV#Hmm https://t.co/PalkOKDmKF
p470
aV@FarmSanctuary @NYCACC \u2764
p471
aV@1043theshark @marshmellomusic @bastilledan Nice! Thank you!
p472
aV@LisaBloom She is #FLOTUS. Trying to embarass her husband on the world stage. #Deplorables
p473
aV#VOTE #VoteThemOut https://t.co/auYitJ7yVe
p474
aVRT @StephenKing: Let's not forget that Rudy Giuliani--old Mr. Truth Isn't Truth--worked for Purdue Pharma in 2002. Thanks in part to his ef\u2026
p475
aV@GovHowardDean Please give your time in FL to help with our election. We need you to get the vote out. Too much mon\u2026 https://t.co/9g0NdYvq8e
p476
aV#vote @SenBillNelson https://t.co/XZFyB2DHKJ
p477
aVRT @RepJoeKennedy: Unless you are sick or will ever get sick, in which case he has completely forgotten about you. https://t.co/jynet91zFf
p478
aVSpoken like a true leader! https://t.co/gNCcKNF0r6
p479
aV@foe_us @MonsantoCo Shades of the tobacco industry. They knew for years about health repercussions yet they continu\u2026 https://t.co/3H20wubgLI
p480
aV@philklotzbach Nice!
p481
aV#RuleOfLaw https://t.co/jo7kq1oYbi
p482
aVRT @DavidCornDC: A reminder: your son, son-in-law, and campaign manager all participated in a meeting they were told was part of a secret K\u2026
p483
aVThis needs to be #TrendingNow https://t.co/sunwMKt7AH
p484
aV#FirstAmendment \U0001f1fa\U0001f1f8 https://t.co/YWHbZBnC1F
p485
aVRick Scott's campaign ad paid for by this "news" outlet...#Russia\u000a #vote @SenBillNelson\u000ahttps://t.co/yjV9lxGp9T
p486
aV#vote @SenBillNelson \u000a\u000ahttps://t.co/AbIMmxsNHB
p487
aV@IJasonAlexander Amen! This is like the easter egg that was lost and forgotten. You can smell it. It just takes a w\u2026 https://t.co/aTWs98gXDv
p488
aV#POTUS. #Trump How old is that profile pic of DT on Twitter? Asking for a friend
p489
aV@tynedalyonline to Hell in a handbasket
p490
aV@jnmet https://t.co/HDHCzPWqEL
p491
aVParty before country #VoteBlue https://t.co/Yw12oVLo5x
p492
aV@oneprotestinc @FLGovScott \U0001f494
p493
aV@johnpavlovitz https://t.co/qRzBPdzxVT
p494
aV@elephantlovers \u2764
p495
aV#VOTEBLUE https://t.co/vRgB3KiyfY
p496
aV#freeLucy https://t.co/cAWQO8PHf1
p497
aV@foe_us \U0001f494 We need to protect this precious environment and it's inhabitants
p498
aV@oneprotestinc We share but aren't sharing the planet. Shame on them
p499
aV@elephantlovers \U0001f494
p500
aV#ethics #CORRUPTION https://t.co/GCB6Wf2qUL
p501
aVRT @SenFeinstein: Republicans are asking that almost all of Kavanaugh\u2019s records provided to the Senate Judiciary Committee be marked \u201cCommi\u2026
p502
aV#ReleaseTheRecords #SCOTUS hearing https://t.co/Nn3AKf4KWx
p503
aV@iamwandasykes I hear your voice when I read your tweets
p504
aV#EPA The P is for protection! https://t.co/7mNiTWfThX
p505
aV@MercyForAnimals \U0001f494
p506
aV@nprpolitics #ByeFelicia
p507
aV#Russia #Elections2018 #cyberattacks \u000a"Several"? We need an army! https://t.co/cTmKEtEwg9
p508
aV#Hypocrisy #ChainMigration @realDonaldTrump https://t.co/avvTUJjQSL
p509
aV#FreedomOfSpeech #PressFreedom https://t.co/gbiAmWeKkj
p510
aV#Kavanaugh #doyourjob #GOP https://t.co/jLVSEO1v4u
p511
aV@staceyabrams. Love this! "You're either at the table or you're on the menu"\u000a#VoteBlue
p512
aV#VoteBlue https://t.co/nopcfSylDE
p513
aV#Vote2018 https://t.co/J6wz2SCruB
p514
aV@foe_us This is the hallmark of his administration. He doesn't have the scope of what his actions will cause and th\u2026 https://t.co/wbJFMKlLI9
p515
aV#DonaldTrump Bless you Mr Smith \u2764 https://t.co/sCVGw3fiOZ
p516
aV@CourteneyCox @joeltaylormusic Love it!
p517
aV#savethebees https://t.co/8T4iw0ugwJ
p518
aV#fairandbalanced https://t.co/1PmMKbZeeG
p519
aVRT @TNforProgress: Tax cuts for the rich do not \u201ctrickle down.\u201d Anyone who tells you otherwise is just spouting political talking points. h\u2026
p520
aV@TravelGburg Leaf peeping!
p521
aV#100%responsible @realDonaldTrump https://t.co/aNMgnBOvaU
p522
aV@4AnimalLife @FriendsOfGSE @Bigkid68 @anikasleem @AnsarBurney @doniveson @CityofEdmonton @JustinTrudeau\u2026 https://t.co/9Kz1tUayeV
p523
aV#SCOTUS Fairness on both sides of the aisle https://t.co/hvErYlru5C
p524
aV#WhatAreTheyHiding https://t.co/6fPNPgbSPH
p525
aV#ClimateChange Sound the alarm! #thisisNOTadrill https://t.co/6C5cWeizuq
p526
aV#VoteBlue https://t.co/HRTP2PpUxr
p527
aVRT @StephenKing: I think it would be nice if all the news media got together and refused to report or discuss Blabbermouth Don\u2019s tweets for\u2026
p528
aV#ReleaseTheRecords https://t.co/O0L6G9xLc4
p529
aVRT @SenFeinstein: The Presidential Records Act makes clear that Brett Kavanaugh\u2019s records belong to the American people\u2014not Republicans or\u2026
p530
aV@JohnMoralesNBC6 \U0001f494
p531
aV@DanRather #TheTwilightZone The Dummy https://t.co/VPjQPRfm5N
p532
aV@Breaking911  https://t.co/U46alCPFqB
p533
aV@PeterAlexander Thank you for keeping them "honest"
p534
aV#brutish lout https://t.co/XXL2rbIZw0
p535
aVRT @taxmarch: \U0001f6a8ALERT\U0001f6a8: @realDonaldTrump is considering bypassing Congress to give another $100 BILLION in tax breaks to millionaires and bi\u2026
p536
aVRT @peterdaou: Hello.\u000a\u000aI'd rather fight for universal health care than tax cuts for the 1%.\u000a\u000aI'd rather protect asylum seekers than abuse t\u2026
p537
aV@CdnChange @mtee88 @WildlifeSOS Done!
p538
aVRT @RealRonHoward: hats off to this guy! please retweet https://t.co/hz5Ubtuph5
p539
aV@MirrorSport \U0001f494
p540
aV@NBCNews @JohnMoralesNBC6 \U0001f494
p541
aVDistusting! DT is just a traveling showman. But don't look behind the curtain https://t.co/UwIUO56RTE
p542
aV@oneprotestinc \U0001f494
p543
aV@jaketapper #weirdhappenings https://t.co/0eFN9HcEoL
p544
aV#boycottthecircus https://t.co/uq0L7wRuBK
p545
aVThank you for standing up #transparency #DemocracyInDanger https://t.co/ZlUpxXctu8
p546
aV@NineDaves @CaroleRadziwill Bye Fiona!
p547
aV@cher Congrats on your Kennedy Center honor! I look foward to seeing you get this well-deserved recognition.
p548
aV#FreedomOfThePress https://t.co/aiutFrlVDz
p549
aV#GunControlNow https://t.co/a3E4M4XacH
p550
aV@MerriamWebster Thank you!
p551
aVAmen. Same thing with the immigration debacle. No thought about consequence https://t.co/pg5VWXrdfR
p552
aV#rejectKavanaugh https://t.co/v2vsFNgDsm
p553
aVSlippery slope just became more treacherous #Resist https://t.co/c1FwEMEsAZ
p554
aV#TreasonSummit https://t.co/rp1jRF6ZaC
p555
aV@JoshEberley What we have here...is a failure to communicate
p556
aV@SenBillNelson #Vote @SenBillNelson
p557
aV@neiltyson #WeAreEndangered\u000ahttps://t.co/LpnzvCscJZ
p558
aV#Vote https://t.co/HArwz41OmE
p559
aVWe are all endangered! #saveEndangeredSpecies https://t.co/pjeM60wYMz
p560
aV#VoteThemOut https://t.co/RXSP66D4L9
p561
aV@GeorgeTakei Clean up on aisle 45
p562
aV@RepTedDeutch @realDonaldTrump #cleanuponaisle45
p563
aV#cleanuponaisle45 https://t.co/Sywd56bNAx
p564
aV@MerriamWebster Word of the day - #quisling
p565
aV#TraitorTrump #summit https://t.co/GRyIvupFpn
p566
aV#TreasonSummit https://t.co/QXxoc0xpiO
p567
aVRT @tedlieu: Dear @realDonaldTrump: You forgot to mention the Russian military attacked American elections in 2016. \u000a\u000aAlso, Russia invaded\u2026
p568
aVRT @peterdaou: I agree with Amy. There are certainly Democratic lawmakers who are speaking out, but the Party as a whole is woefully disjoi\u2026
p569
aV#TreasonSummit https://t.co/cLbN8WP3FO
p570
aV#treasonsummit https://t.co/aZylxHCzXu
p571
aV#IstandwithAlFranken https://t.co/1fvDupVTvW
p572
aV@SenBillNelson #2018 We need to win this election. Priority 1
p573
aV@ChrisJansing Hmm. Let's digest this quote #notfit
p574
aV#GOP #despicable https://t.co/qPxsuUOvJI
p575
aV#lied #ScotusPick https://t.co/d8TD3MnatE
p576
aV@foe_us @BLMNational Yes great news!
p577
aV#protection https://t.co/W7TTgW53Mw
p578
aV@itsdeenalang There is a reason the rear view mirror is small. We're not going that way!
p579
aV#VoteThemOut https://t.co/nFVDPKqIT7
p580
aV@tomhanks Happy belated Birthday!
p581
aV#NoSCOTUSvote https://t.co/somTE4YtIl
p582
aV#NoSCOTUSvote https://t.co/e0U30XBSul
p583
aV#NoSCOTUSvote https://t.co/2sv7bfgBXC
p584
aV#NoSCOTUSvote Amen! https://t.co/SAkeWN1azJ
p585
aV#GOP #Doyourjob https://t.co/Wxku1uq9xT
p586
aV#Swamp #EPA #unacceptable https://t.co/LZ6NXDzelc
p587
aV#iceland #Whale #endangered https://t.co/eGxnUfmSS1
p588
aV#BanTrophyHunting Take a picture! https://t.co/0wX4tEDZoo
p589
aV\U0001f6ab #plastics https://t.co/u65YBKVrS4
p590
aV@MollieKatzen @gastropoda I would love to see you as a guest judge on Chopped.
p591
aV@SusanSarandon https://t.co/pjoTZ2kS7S
p592
aV#CorruptionCleanup Vote @SenBillNelson\u000ahttps://t.co/d9dvsW0z8z
p593
aV#DoYourJob @GOP https://t.co/thxUezlRWg
p594
aV#VoteThemOut https://t.co/S9O8yIhkdA
p595
aV#Trump \U0001f6ab appointees https://t.co/WjevGA1wm3
p596
aV#Gotti loved it! #JohnTravolta nailed it
p597
aVRT @GeorgeTakei: I really don't care. Do u? https://t.co/ZDcFO5JgNe
p598
aV@realDonaldTrump https://t.co/7ewUvKxbl8
p599
aV@TheTedAllen Arrgh! They are worse than plastic straws. Could yours be biodegradable?
p600
aV#istheearthflat #ClimateChange https://t.co/ZKFzA70FBB
p601
aV#savetheplanet https://t.co/aeMO8HkBlE
p602
aVIf this is an example of #BeBest https://t.co/pN2P0tQjL3
p603
aV@milesobrien @ans_org @novapbs @NewsHour Congratulations Miles!
p604
aV#KeepingFamiliesTogether https://t.co/utBY1F3mtv
p605
aV#DoYourJobGOP https://t.co/JAFrKFUtbR
p606
aV#liar https://t.co/bHEN6hdhI3
p607
aV#firehim #cleanwater https://t.co/wGOT0gp0GO
p608
aV#optics #BeBest https://t.co/VAGxsP7LIE
p609
aV#Gottimovie https://t.co/KeMEDtJV6K
p610
aVRT @chrissyteigen: You didn't think your $7.20 would be much. Some of you gave $72 you barely had. In just two days, you guys donated over\u2026
p611
aV@MichLKosinski In our case it would be the first move to get up and leave
p612
aV#hubris #Comey https://t.co/FlUhXEPRy6
p613
aV@MollieKatzen @maddow And our representatives looking the other way
p614
aV#firePruitt. #pollutingpruitt Outrageous that nothing is being done. Glass houses? https://t.co/fyx8hX9umU
p615
aV#ByeFellicia https://t.co/pIgzvKQR8V
p616
aV@jimsciutto @DonCheadle Troubling indeed. We should all be worried about this
p617
aV#deporable Mass hynosis? There can't be that many soulless people in the WH https://t.co/KcCSdsfo8g
p618
aVRT @RadioFreeTom: The President of the United States just gave an attaboy to Kim Jong Un for having the balls to take over his family\u2019s man\u2026
p619
aVEthics? What ethics? Seems as if everybody has hands in industry cookie jars https://t.co/fTqtbDCYxQ
p620
aV#despot x2 https://t.co/0Uz6jJ3PgZ
p621
aV#notacceptable https://t.co/8DDEBR62Qu
p622
aV"\u000a#44 We miss you https://t.co/qJtQP1QJ3v
p623
aVMoral turpitude https://t.co/4nNAB3EE3B
p624
aV@helloitscassia @TalentiGelato I still can't open mine
p625
aVRT @soledadobrien: If only you were a US Senator, ma'am! Then you could do something besides tweet, right? https://t.co/SPVV41IiJQ
p626
aVRT @JoeBiden: Putin\u2019s Russia invaded its neighbors, violated our sovereignty by undermining elections, and attacks dissidents abroad. Yet o\u2026
p627
aV#WorldOceansDay A better issue to focus on #POTUS https://t.co/hVFJb40hWw
p628
aV@patti_davis @peta \u2714
p629
aV#parttimePotus https://t.co/WFSEld0Vsz
p630
aV#mergefromhell https://t.co/TBRHYuB4FP
p631
aV@RealHughJackman Nice! How many pieces and when did you start it?
p632
aV#lies #Nocredibility https://t.co/ga1Ix8uBce
p633
aV#CORRUPTION https://t.co/Np94p9sBGh
p634
aVRT @stopthenutjob: The basic premise of Constitution is POTUS is NOT a King. Like every other citizen, he must adhere to US law. Yet Trump'\u2026
p635
aV#climatechange #savewildlife https://t.co/YVZlDGnr5W
p636
aV#VoteThemOut2018 https://t.co/pYy2sCqWaU
p637
aV#what? https://t.co/HkQqdkX2L5
p638
aV#SaveOurOceans https://t.co/pEK9QNZcUX
p639
aVRT @BetteMidler: #MarthaStewart is too classy to accept a pardon from #toadTrump.  Besides, she already served her time.  I have certainly\u2026
p640
aV@eugenegu @MarthaStewart did NOT get away with anything. She paid her debt. If you don't know her case I suggest you look it up.
p641
aV@eugenegu Martha Stewart did her time. She made a big mistake. She lied. Don't lump her in with "corrupt" criminals.
p642
aV@patti_davis @NRDC Thank you. Keep up your advocacy
p643
aV@elephantlovers How sad.
p644
aV#nowords https://t.co/bpSqsqCnpk
p645
aV#plasticspollution #laststraw https://t.co/8L2gjvK4Pn
p646
aV#nomorestraws #plasticpollution https://t.co/ZEYPpYmbUz
p647
aV#memorialday Approximately 22 Veterans a day commit suicide. \u000aVeterans Crisis Line 800-273-8255
p648
aVAmen! We are grateful #memorialday https://t.co/JPMei4R4f8
p649
aV#unacceptable #bekindtoAnimals https://t.co/GPxjHF47iC
p650
aV@patti_davis @Change \u2714
p651
aV#FactsMatter https://t.co/GLG7wEyGGD
p652
aV@ThomasJane You were phenomenal in #1922.
p653
aVRT @PattyArquette: @realDonaldTrump Why are you using an unsecured phone?
p654
aV@BarackObama https://t.co/DOxLMudP0h
p655
aV@BebeNeuwirth Yes especially the #leftclaw
p656
aV#truepatriot #GodBless https://t.co/fAZ6IGkQ3J
p657
aVThey have a right to donate $ to their favorite causes. But consumers have a right to shop somewhere else\u2026 https://t.co/LuZ82DTA85
p658
aVHe is a swamp monster. Who will lead the call to oust him from a job he clearly is using as a cash machine?\u2026 https://t.co/AbCy9lCATj
p659
aVRT @foe_us: HUGE WIN!\u000a\u000aPebble Mine \u2014 a project that would generate 10 billion tons of dangerous waste and pollute 5,000 acres of water \u2014 ju\u2026
p660
aVRT @stopthenutjob: Rachel Maddow asks: "Why isn't this a bigger story in news? James Clapper, the Director of National Intelligence for 7 y\u2026
p661
aVRT @oneprotestinc: Teeth removed from dolphins so that they couldn't bite tourists. There is so much cruelty that is unseen in animal touri\u2026
p662
aVRT @SenateDems: Speaker Ryan promised the #GOPTaxScam would help companies like Harley-Davidson \u201ckeep jobs in America.\u201d\u000a\u000aSo what did Harley\u2026
p663
aV@SenBillNelson We need to make some noise about this situation. Time is fleeting. @SunSentinel @FLGovScott do your current job
p664
aV#vote @SenBillNelson #saveFLbeaches https://t.co/v5X96W23an
p665
aVBureaucrats in DC are cutting seniors\u2019 access to Medicare lab benefits. @RepGusBilirakis, seniors in Florida are co\u2026 https://t.co/5QNXOhuYTE
p666
aV@itsdeenalang Plantation
p667
aV@itsdeenalang I couldn't live without J Alexanders
p668
aV@Delrish_M Miami misses you
p669
aV#Deplorable https://t.co/n7i8zS1PAK
p670
aVRT @danpfeiffer: Here's the President allowing adversaries to listen into his calls because he can't be bothered to protect the nation's se\u2026
p671
aV@BebeNeuwirth I love your off-beat humor. Let's do lunch
p672
aV#climatechange. #ourplanet https://t.co/XIYBEJrIH6
p673
aVRT @foe_us: The defeat of the regressive and unjust #GOPFarmBill is a resounding victory for public health and the environment.\u000a\u000ahttps://t.\u2026
p674
aV#vote4change https://t.co/p8nCexcGZL
p675
aVRT @ASlavitt: BREAKING: Farm bill which would strip food to low income and force work requirements to many others is defeated.\u000a\u000aBig loss fo\u2026
p676
aVRT @sally_field: I thought Michelle was honest and brilliantly funny, but what is the point of this dinner, anyway? The ship sailed on dece\u2026
p677
aV#NetNeutrality https://t.co/9IDb74jwom
p678
aVRT @RWPUSA: Article 2, Section 4 provides for impeachment for \u201cTreason, Bribery or other high Crimes and Misdemeanors.\u201d\u000aWhat would the foun\u2026
p679
aVRT @PeterAlexander: Rex Tillerson, unplugged, at VMI Commencement:\u000a"If our leaders seek to conceal the truth or we as people become accepti\u2026
p680
aVVote @SenBillNelson https://t.co/cOenZVIhdV
p681
aV#nowords https://t.co/OlSASAxpHz
p682
aVWhat were they thinking? https://t.co/WUUAP349Li
p683
aVWolf guarding the hen house https://t.co/TufxxiIkk1
p684
aVRT @funder: A guy who has a lower security clearance than the White House calligrapher, just opened the US embassy in Jerusalem.
p685
aV#GOPtaxscam #LIAR https://t.co/X1Y5RB0SND
p686
aVRT @PeterAlexander: Melania Trump, four days ago: "It is our responsibility as adults to educate and remind them... they must choose their\u2026
p687
aV#plasticfree https://t.co/5i7vC3XJfk
p688
aVRT @TurnTNBlue: Good job, @realDonaldTrump.\u000a\u000aNow Israeli and Iranian forces are now shooting at each other near the Golan Heights because o\u2026
p689
aV@KyleRichards Kyle I'm glad you stood up to the. petty shallow bullys.
p690
aVRT @MichLKosinski: Sr. European diplomat, on dealing with State Dept today re Iran:  \u201cAll is a shambles there.  Total incoherence between S\u2026
p691
aVRT @BarackObama: There are few issues more important to the security of the US than the potential spread of nuclear weapons or the potentia\u2026
p692
aV#FirePruitt https://t.co/4H4i43v47h
p693
aV#liar #grifter Hold Scott Pruitt accountable https://t.co/DKaB7f4cvt
p694
aVDT is The Grinch https://t.co/fznZ55SRmI
p695
aVRT @TheDemCoalition: The incident shows why it\u2019s best for both @RealDonaldTrump and his nominees if they\u2019re fully vetted before the preside\u2026
p696
aVAmen! https://t.co/qu3Z0rVArc
p697
aVRT @foe_us: We do not need to destroy our wildlife with drilling to give Big Oil a tax break. Opening up #ArcticRefuge is indefensible.\u000a\u000a#P\u2026
p698
aVRT @NRDC: Despite Trump\u2019s empty promises, 4% of U.S. electricity-generating capacity from coal will retire this year. Coal is more expensiv\u2026
p699
aV#guncontrol .#VoteThemOut2018\u000aRemember them in Nov https://t.co/aYm7l3mXpy
p700
aV@alaskarebel Ex- Judge Merrillee Ehrlich has no soul
p701
aV@WarmGingerTea No soul
p702
aVRT @PlanetGreen: Drilling threat looms large for Arctic National Wildlife Refuge\u000ahttps://t.co/LBWHw4WHQw https://t.co/Vtk9mXdrnk
p703
aV#draintheswamp2 https://t.co/VrPJeB7AB4
p704
aVStand with the Gwich'in and tell @BLMNational to keep oil rigs out of the #ArcticRefuge https://t.co/OIFLxoQK8t
p705
aVRT @RepJoeKennedy: Scott Pruitt believes his first class flights and secure phone booth are more worthy of protection than the environment.\u2026
p706
aVRT @OfficialJLD: This is terrifying https://t.co/a7cUGSXXdA
p707
aV#HaikuDay @flonase\u000a6 is greater than 1\u000aIs that a sum?\u000aThe more you know! https://t.co/6xaa6fo0RK
p708
aVRT @DanRather: The EPA cannot come to mean Everything with Pruitt is Acceptable. That he\u2018s remained at his post despite multiple scandals (\u2026
p709
aV@EPAScottPruitt #phonebooth @RWPUSA \u000a#coneofsilence @AliVelshi https://t.co/sUASpy2UyF
p710
aVRT @AlexCSinger16: Fun fact: This picture is NOT from last night as Mike Pence is mysteriously in the room while also out of the country.\u2026
p711
aVAmen! https://t.co/JDsx0j3IDH
p712
aV#savetheplanet. #TrumpResign https://t.co/OMyz12hMNM
p713
aV@browardsheriff Thank you BSO! Rx and documents \u2714\u000aGreat event today
p714
aV#TrumpResign #WagTheDog https://t.co/KUSjQTZy3W
p715
aVRT @RepJoeKennedy: Assad must be held accountable for his horrific use of chemical weapons on his own people. But we don\u2019t put our troops i\u2026
p716
aV#ClimateChange https://t.co/TrnCjHJYhY
p717
aVRT @TomSteyer: This is a level of dishonesty and corruption that should deeply offend every American. If you tell the truth, we\u2019ll fire you\u2026
p718
aVRT @SRuhle: Reminder - In addition to being the longtime personal lawyer to @realDonaldTrump, Michael Cohen is the Deputy National Finance\u2026
p719
aVRT @krassenstein: As Rick Scott announces he will run for the US Senate in Florida, take note that one of the deadliest mass shootings in A\u2026
p720
aVRT @ShaneGoldmacher: One person died tonight at Trump Tower in a fire on the 50th floor. I would expect the fact that the upper floors do n\u2026
p721
aVRT @nycsouthpaw: Can we see your tax returns? https://t.co/NsKXokGeYM
p722
aV#AMJoy "Now is the time for all good men to come to the aid of the party" not just a typing test
p723
aVRT @williamlegate: If Trump's base focused on stagnant wages &amp; rising income inequality instead of useless metrics like the stock market, t\u2026
p724
aVhttps://t.co/kKdGV12VFv
p725
aVRT @JimCarrey: I looked on Trivago. The cheapest room in Washington is a youth hostel with bunkbeds at $81 a night. The $50 room Scott Prui\u2026
p726
aVRT @soledadobrien: And by "wrongly claims" you mean "lies". https://t.co/olNpw8FPX0
p727
aV@repourwinesaver @GCCowgirl @TheFermtdFruit @JusttheBottle @Dracaenawines @talkavino @foodwineclick @winetraveleats\u2026 https://t.co/CT6LBYWEeX
p728
aV@repourwinesaver @TheFermtdFruit @JusttheBottle @Dracaenawines @talkavino @foodwineclick @winetraveleats @GCCowgirl\u2026 https://t.co/uO6mIes7vT
p729
aV@DearAuntCrabby #followmeAuntCrabby
p730
aVRT @MalcolmNance: Apparently Trump allowed Russia to replace 60 older spies with 60 new ones. This is sheer betrayal to protect and defend\u2026
p731
aVRT @krassenstein: BREAKING:  Remember a few days ago when Roger Stone called Sam Nunberg a 'lying psycho a-hole" and "cocaine addict" for c\u2026
p732
aVRT @sarahkendzior: When Trump fired Comey, he did it while Russian foreign minister Lavrov and ambassador Kislyak were in DC, and the three\u2026
p733
aVRT @Goss30Goss: .@realDonaldTrump\u000a\u000aThere is not one good reason to have a $50 million Military Parade on Veterans Day.\u000a\u000aVets would rather h\u2026
p734
aV#anchors4sale #slipperyslope https://t.co/eCs1vT8KJm
p735
aVRT @foe_us: Bee-killing pesticides aren't even beneficial for farmers.\u000a\u000a#SaveTheBees \U0001f41d\u000a\u000ahttps://t.co/ebnuVFb77I
p736
aVRT @wesley_jordan: According to @FortuneMagazine, "Trump\u2019s real estate holdings, ... have taken a big hit in the past year, as retail value\u2026
p737
aV\U0001f6abthisinsanity #ethics #climatechange https://t.co/uXqA8YfZZR
p738
aV#savetheplanet https://t.co/2E5dgjJFnJ
p739
aVRT @stonecold2050: It\u2019s time to give up plastic bags, plastic straws, plastic bottles etc.\u000a\u000aThe world's largest collection of ocean garbage\u2026
p740
aVRT @GeorgeTakei: The Stormy Daniels story isn't about Trump having an affair with a porn star. That's not news. It is about his campaign tr\u2026
p741
aVRT @tedlieu: Dear Rick Santorum: CPR is good for heart stoppage. Not good for victims of multiple AR-15 bullets, which typically impart 3 t\u2026
p742
aVRT @chucktodd: Perhaps this should be a pinned tweet: Commerce Sec Ross after I asked if it\u2019s possible POTUS could rescind his tariff propo\u2026
p743
aVRT @BetteMidler: That poster on the left says something the NRA does not want you to know!  And he was the most conservative Supreme Court\u2026
p744
aVRT @foe_us: The second silent spring: In France, bird numbers have dropped by one-third due to widespread use of toxic pesticides.\u000a\u000ahttps:/\u2026
p745
aVRT @BarackObama: Michelle and I are so inspired by all the young people who made today\u2019s marches happen. Keep at it. You\u2019re leading us forw\u2026
p746
aVRT @AltStateDpt: You are a LIAR, @realDonaldTrump.\u000a\u000aTruth behind LIE 1- You cancelled DACA. No one else single handedly abandoned Dreamers.\u2026
p747
aVRT @DanRather: If you think going into Iraq was a good idea, and if you still think it was a resounding success, then John Bolton is your g\u2026
p748
aVRT @RockVermont: While Putin is scheming and beaming on how to take over the World, Quasi-President Trump is watching his own March Madness\u2026
p749
aVRT @jaketapper: WaPo: President Trump did not follow specific warnings from his national security advisers when he talked to Putin post-ele\u2026
p750
aVRT @SenJohnMcCain: An American president does not lead the Free World by congratulating dictators on winning sham elections. And by doing s\u2026
p751
aVRT @helenprejean: It's long past time to abolish the death penalty. 161 innocent people have been freed from death rows since 1973. Racial\u2026
p752
aVRT @SenFeinstein: Special Counsel Mueller is a lifelong Republican. He's universally respected and will follow the facts. His investigation\u2026
p753
aVRT @RWPUSA: If he fires Mueller every member of the House and Senate who did not unequivocally stand up to him is complicit. The Constituti\u2026
p754
aVRT @RWPUSA: Every senator who does not stand up to Trump must go. Talk that \u201cthe voters of this country can decide whether he is fit for of\u2026
p755
aV@BillyCrystal #youlookmarvelous Happy Birthday \U0001f388
p756
aVRT @foe_us: Trump's pick to oversee international climate talks is the all-time biggest recipient of Koch industries money\u000a\u000ahttps://t.co/5o\u2026
p757
aVRT @politico: Gowdy breaks from GOP committee, says Russia worked to undermine Clinton\u000ahttps://t.co/MGMeyeDT0r https://t.co/cpc5BD5nYi
p758
aVRT @foe_us: Food retailers will feel the sting of pollinator declines, yet most of them aren\u2019t doing enough to reduce bee-killing pesticide\u2026
p759
aVRT @helenprejean: After three years without an execution, Oklahoma announced today that it is moving towards reopening its death chamber fo\u2026
p760
aVRT @OfficialJLD: Good guy with a gun. In a classroom. Good God. @Everytown #neveragain https://t.co/kkZY8CnvV1
p761
aVRT @RepJoeKennedy: Congress answers to citizens, not the President. Abandoning pursuit of answers to serve a political leader is beneath th\u2026
p762
aVRT @SethAbramson: Please RETWEET if you want @60Minutes to air its interview with Stormy Daniels TONIGHT, rather than giving Trump's lawyer\u2026
p763
aVRT @RepAdamSchiff: BREAKING: GOP just shut down House Intel investigation, leaving questions unanswered, leads unexplored, countless witnes\u2026
p764
aV@GlenCampbell Thank you for sharing! I loved it
p765
aVOne talking head to another @colbertlateshow https://t.co/rjBMLKBOuc
p766
aVDid we forget Trump used Chinese steel imports for construction of his buildings? #China #tariffs #Trumpville\u000a https://t.co/MTKtITUtuY
p767
aVRT @SRuhle: PLEASE NO https://t.co/zJfZZWMLS7
p768
aVRT @NormEisen: Make no mistake about it, if Trump does not fire Kellyanne Conway after THREE Hatch Act violations another redline will be c\u2026
p769
aVRT @juliaccarpenter: Remember: Jordan Peele says he quit writing \u201cGet Out\u201d 20 different times. \u000a\u000aAnd then he finished it. \u000a\u000aAnd then he won\u2026
p770
aV#inclusionrider #FrancesMcDormand #standup https://t.co/vB6ERR8LWS
p771
aVhttps://t.co/0TY9kpdJaD\u000a#Oscars #FrancesMcDormand #inclusionrider
p772
aV@amjoyshow Please don't continue to say "The Gunshine State". We depend on tourism and that kind of label denegrates Florida.
p773
aVRT @PeterAlexander: Today marks Trump's \U0001f4afth day at a Trump golf property since becoming president.
p774
aVRT @EdKrassen: BREAKING:  Maryland is on the verge of passing a law requiring all Presidential candidates to release their past 5 years of\u2026
p775
aVRT @BarbraStreisand: They complain about a $31,000 dining room set for Ben Carson. What about the weekend retreats going to Mar-a-Lago? If\u2026
p776
aVRT @julieturkewitz: The Interior Department wouldn't hand over emails related to its decision to shrink Bears Ears by 85 percent. So we sue\u2026
p777
aVRT @SRuhle: Last night...furious over Sessions, Kelly vs Jared &amp; Hope\u2019s departure, an apoplectic @realDonaldTrump decided to take aim at Ch\u2026
p778
aVRT @allinwithchris: "This is how you run a banana republic," says @RWPUSA of the Trump administration #inners https://t.co/6EQobY7u8T
p779
aVRT @keithellison: This is why they needed a trillion dollars in tax cuts \u2014 not to create jobs, but to concentrate even more wealth in the h\u2026
p780
aVRT @Goss30Goss: Tomorrow will be 2 weeks since the mass shooting at #Parkland . Congress has put no legislation forward, &amp; it looks like th\u2026
p781
aV@KyleRichards Kyle you and Teddi are the only centered women on this show. I could comfortably have lunch with either of you
p782
aV@NCIS_CBS We missed you! https://t.co/3Y9zEzB4bm
p783
aVRT @AndiRalph: NO to Number 2 \U0001f418 @ #Lahore Zoo! #Suzi life was isolated, \U0001f418rides, begging, in the end she died horribly without Medical treat\u2026
p784
aVRT @StephenAtHome: I\u2019m surprised the NRA was affiliated with car rental companies at all, considering Hertz and Avis enforce tyrannical rul\u2026
p785
aV@SRuhle #gunreformnow #teachersAndGunsDontMix  Metal detectors would be a better option over arming teaching staff in our schools
p786
aVRT @tedlieu: Let's reword the questions to Ivanka:\u000a\u000a-Cohen paid $130k to silence Stormy Daniels. Was there coordination with Trump campaign\u2026
p787
aVRT @NormEisen: If you R a White House advisor, Your job is to answer questions. Hiding behind the father daughter relationship is one more\u2026
p788
aV@guskenworthy #thankyouGus\u000ahttps://t.co/MhZbznTilG
p789
aVRe-elect @SenBillNelson \U0001f1fa\U0001f1f8 https://t.co/stSUPbuMZn
p790
aVRT @AnneFrankCenter: Anne Frank said, "Although I'm only fourteen, I know quite well what I want, I know who is right and who is wrong" \u000a\u000aW\u2026
p791
aVRT @ABC: "We've had enough of thoughts and prayers...we are coming after every single one of you and demanding that you take action, demand\u2026
p792
aV#VoteThemOut2018 https://t.co/ONoEaHKcpx
p793
aVRT @MSNBC: President Trump spent roughly 35 minutes at the hospital on Friday meeting Florida school shooting survivors.\u000a\u000aThen he went to M\u2026
p794
aVRT @jimsciutto: Obama Admin sanctioned 4 Russian individuals &amp; 5 entities incl GRU &amp; FSB for election meddling. It also expelled 35 Russian\u2026
p795
aVRT @foe_us: Prior to serving as its Administrator, Scott Pruitt spent his career trying to destroy EPA externally.\u000a\u000aUnsurprisingly, his fir\u2026
p796
aVRT @SaysHummingbird: This is all you need to know about our fake president. What a rotten human being.\u000a\u000a\U0001f447\U0001f447\U0001f447\u000a\u000aTrump rigged Miss Universe pag\u2026
p797
aV@ChelseaClinton @longlivekcx https://t.co/HngnJH3LMD
p798
aVRT @kurteichenwald: .@marcorubio says we need Ar-15s because hunters use them (and high cap mags). This shows how gun politicians dont even\u2026
p799
aVIf you won't #DoYourJob... https://t.co/PZuHiwTHKM
p800
aVRT @RedTRaccoon: I live in North Carolina.\u000a\u000aA just looked through a gun trader website.\u000a\u000aIf I had between $700-$1,300 I could have my choic\u2026
p801
aV#GunReformNow https://t.co/3ZtUC4rveY
p802
aVRT @Helenhs: In February 2018, the flu (influenza) is the 3rd leading cause of death in the US. Presently, weekly deaths:\u000aHeart disease=14,\u2026
p803
aVRT @RWPUSA: We must have zero tolerance for corruption and money in politics. \u000aMarco Rubio took the NRA money. He must resign.\u000a\u000aNRA-backed\u2026
p804
aVRT @JoyAnnReid: Important point by @PhilippeReines - Vladimir Putin didn't prefer Donald Trump because he thought Trump would be a great pr\u2026
p805
aVRT @GwenGraham: .@FLGovScott should immediately suspend the permitting and sale of the AR-15s and assault weapons like the one that killed\u2026
p806
aVRT @patti_davis: Tell Secretary Zinke: Don\u2019t auction off our oceans for oil and gas exploitation. https://t.co/FTySZVYOXY
p807
aVRT @BillWeirCNN: A kid eats tainted lettuce and dies.\u000aThere is a mass recall of lettuce.\u000a\u000aNo one says "Don't politicize this! Let the paren\u2026
p808
aV#ParklandSchoolShooting #fellthruthecracks\u000aI will tell you about the cracks- NRA funded politicians! You can't serv\u2026 https://t.co/HUhnVLcrks
p809
aVRT @BillClinton: Ron\u2019s right. Courage and conviction led to an assault weapons ban once before. Let\u2019s do it again. https://t.co/pG6bj6zzol
p810
aVRT @soledadobrien: In Feb 2017 President Trump repealed a measure aimed at blocking gun sales to certain mentally ill people.\u000aThe GOP-major\u2026
p811
aVRT @GwenGraham: These are the types of racists and radicals @realDonaldTrump calls \u201cvery fine people.\u201d\u000a\u000aTheir disgusting hatred, their extr\u2026
p812
aVRT @GwenGraham: As a mother, I will not be silent.  As governor, I will turn our anguish into action.\u000a\u000aThe Legislature should immediately s\u2026
p813
aVRT @BarackObama: We are grieving with Parkland. But we are not powerless. Caring for our kids is our first job. And until we can honestly s\u2026
p814
aVRT @GwenGraham: If our hearts are aching, it's because as parents and grandparents, as friends and neighbors \u2014 our blood is boiling. \u000a\u000aHear\u2026
p815
aVRT @Amy_Siskind: Let me break it down for you Republican Party:  you\u2019re arming terrorists with automatic weapons to kill our children. The\u2026
p816
aVRT @JoyAnnReid: This South Florida dad on @thelastword right now is preaching. It's time to stop talking and DO something about this. Our c\u2026
p817
aVRT @MSNBC: NEW: More than 130 White House political appointees working in the Executive Office of the President did not have permanent secu\u2026
p818
aVRT @johnpavlovitz: If you're outraged today at the carnage that the @GOP seems perfectly fine with:\u000a\u000aRegister to vote.\u000aShow up.\u000aClear them\u2026
p819
aVRT @robreiner: There was a time when the GOP was the party of national security. When Trump refuses to acknowledge Russia\u2019s attack on US, h\u2026
p820
aVRT @GwenGraham: Heroes, they most certainly are. Heroes of a preventable tragedy. \u000a\u000aYou know what would be heroic NOW? Politicians who actu\u2026
p821
aVRT @RWPUSA: Find a priest or minister to conduct the prayer service. Your job is to do something about our gun problem. https://t.co/MhDspN\u2026
p822
aV#complict No action has been taken to prevent these shooting tragedies from occurring over and over. #doyourjob https://t.co/YRRdhnuBuf
p823
aVRT @foe_us: Queen Elizabeth II bans plastic straws &amp; bottles across the royal estates!\u000a\u000ahttps://t.co/ZEHhSGHTam
p824
aVRT @ACLU: Yes, our Attorney General just said this. Out loud. https://t.co/ldXCgCYarx
p825
aVRT @RepJoeKennedy: From rebuilding our crumbling roads and bridges to strengthening our schools to expanding access to broadband, a substan\u2026
p826
aVRT @markmcmorris: Thank You Life\U0001f64f\U0001f3fd\u2764\ufe0f https://t.co/TdHcIdWzqJ
p827
aV\U0001f6ab Rick Scott https://t.co/f2DA8DM46h
p828
aVAnd yet it continues... https://t.co/UQ46LY5f7H
p829
aVRT @GwenGraham: .@FLGovScott and Republicans in the Florida Legislature are ignoring the will of Floridians who overwhelmingly voted to sup\u2026
p830
aV#resilience #unsinkable \u000ahttps://t.co/m0jEUNqnor
p831
aVRT @WilliamShatner: I have no problem with social justice I have a problem with the toxicity of those who do things under the guise of soci\u2026
p832
aVSpeaking about the 8 hr speech @MSNBC @TomPerez re #NancyPelosi "I'm 50 something....and male"! Ageism AND sexism?
p833
aVRT @NicolleDWallace: Who had the job of telling the White House cos that he needed to be against domestic violence and why did that stateme\u2026
p834
aVRT @Alyssa_Milano: I would much rather money go to our military and veterans than a parade. \u000a\u000aRT if you agree. https://t.co/FZPvC65xS1
p835
aVRT @CNN: White House officials knew about the domestic abuse allegations levied against top White House staffer Rob Porter and scrambled to\u2026
p836
aVRT @JimCarrey: I\u2019m dumping my @facebook stock and deleting my page because @facebook profited from Russian interference in our elections an\u2026
p837
aV#this is us Beautiful tapestry weaving before our tearful eyes. Thankyou
p838
aVRT @chelseahandler: Melania would be deported under new immigration rules.  https://t.co/zKdHtZiQqp
p839
aVRT @mental_floss: According to a survey, 1.5 million people will likely call in sick to work tomorrow, and 4.4 million employees will show\u2026
p840
aV@MiloVentimiglia #heartbreaking
p841
aVRT @JamilSmith: The woman who had been nominated to lead the Council on Environmental Quality didn\u2019t think America had any environmental pr\u2026
p842
aVRT @patti_davis: Let's keep food in the ocean for marine birds and other wildlife. Speak out now! @audubonca https://t.co/DmjjEn8h6R!
p843
aV@patti_davis @AudubonCA #Done
p844
aVRT @RepJoeKennedy: Meanwhile the wealthiest 0.1% of Americans receive an extra ~ $3,000 per week. https://t.co/YFci8V5fnN
p845
aV@StephenAtHome. Isn't live on tape an oxymoron?
p846
aVRT @NBCNews: American Meteorology Society sends letter to President Trump, saying his recent climate change comments "are not consistent wi\u2026
p847
aVRT @JohnOberg: When people think about where meat and dairy come from, they usually don\u2019t think of this. Animal farming has been nearly com\u2026
p848
aVRT @jaketapper: Fewer viewers than the first SOTU\u2019s for Obama in 2010, Bush in 2002, Clinton in 1994.\u000a\u000a\u201cWhich means Trump\u2019s initial SOTU, t\u2026
p849
aVRT @Pink: https://t.co/BI861sjSZ4
p850
aV#MrRogers @tomhanks I can't wait!
p851
aVRT @davidcrosss: Bernie Marcus is worth 5.7 BILLION$. He could easily afford to give all of his 385K employees a thousand bucks each month\u2026
p852
aVRT @mcuban: It's time for @twitter to confirm a real name and real person behind every account, and for @facebook to to get far more string\u2026
p853
aVRT @peterdaou: Donald Trump hasn't upended the standards and norms in Washington. \u000a\u000aDonald Trump hasn't changed what is and isn't acceptabl\u2026
p854
aVRT @FMoniteau: After pocketing a $5 billion tax cut from Trump, Pfizer just KILLED ALL of its Alzheimer's and Parkinson's research.\u000aThey di\u2026
p855
aVRT @SenSanders: Right now we have the absurd situation where in the last year the five largest pharmaceutical companies in America made $50\u2026
p856
aVRT @SenJohnMcCain: Trump admin's new protectionist tariffs nothing more than a tax on consumers https://t.co/2ZSZ72a9Zv
p857
aVRT @JohnOberg: By the time pigs reach the slaughterhouse, they're exhausted and absolutely defeated. The way farm animals are treated is de\u2026
p858
aV#FirstAmendment https://t.co/YRBsK72DEA
p859
aVRT @RWPUSA: A bare majority of senators can vote to put a justice on the Supreme Court for life but 60 senators must vote to end a governme\u2026
p860
aVRT @SunSentinel: Kingpin who smuggled ivory tusks and rhino horns for years finally caught: police - Sun Sentinel https://t.co/gWuETHWwms
p861
aVRT @RWPUSA: Sen. McConnell just gave an awful speech on the floor. He blames it all on Dems. Complete BS. Sen. Schumer is not much better.\u2026
p862
aV@JoyAnnReid #whiterussian
p863
aVTypical. #GOPdeflection https://t.co/qXRsCXR9yR
p864
aV@GlenCampbell Thank you for sharing the heartbreak and tender moments that so many of us have in our own way have e\u2026 https://t.co/hiOUy8jXTu
p865
aVRT @JoyAnnReid: Question for Trumpists: why exactly is it OK with you that your president is demanding that congress pass a bill making Ame\u2026
p866
aVRT @neiltyson: "Nothing in the world is more dangerous than sincere ignorance and conscientious stupidity.\u201d\u000a\u000a-Martin Luther King Jr. 1963 h\u2026
p867
aVRT @RachelKrantz: You have less than 24 hours to submit your comment telling the Trump administration not to make animal welfare regulation\u2026
p868
aVRT @PlasticPollutes: #ConnectTheCap https://t.co/Woy3eRC4Th https://t.co/OHPjTfwEiI
p869
aV@oneprotestinc We share this planet with them...but not equally
p870
aVRT @Protect_Wldlife: Trophy hunter Philip Glass shows no remorse and even boasts: \u201cGod says we have dominion over the animals. That means w\u2026
p871
aV@lifeway_kefir fyi long time customer your cs is terrible. I sent email poor response
p872
aVRT @JohnOberg: This mother cow is desperately trying to get her stolen baby back. The calf will be sold as veal, and the mother cow will ne\u2026
p873
aVExactly! He has no self-awareness and is truly an embarrassment to \U0001f1fa\U0001f1f8 https://t.co/7McFhECSq1
p874
aV@TheEllenShow Loved the \U0001f308 experience on your Dad's passing. When my Mom passed a dragonfly circled several times ar\u2026 https://t.co/puzBNHf0gq
p875
aVRT @SenJohnMcCain: My friend Senator Tom Coburn rightfully called #earmarks the gateway drug to corruption &amp; overspending in Washington. Th\u2026
p876
aV@GovJVentura @Brigida__Santos One impact -loss of protection to coastlines from flooding during extreme storms #GlobalWarming
p877
aVRT @SethAbramson: Please RETWEET if you want TV networks to stop booking Trump policy advisor Stephen Miller, whose media appearances\u2014as Ja\u2026
p878
aVRT @Protect_Wldlife: RETWEET!! This isn\u2019t okay and he can\u2019t get away with this!!! \u000aApparently he\u2019s a student at @PlaquemineHigh  School- 22\u2026
p879
aVRT @Evan_McMullin: Whether the president is actually mentally ill or just has extreme personality flaws, we may never know. Either way, he\u2019\u2026
p880
aVRT @jonfavs: Sure would be a good day for a bunch of Democrats to find a microphone and let people know what they think about this abuse of\u2026
p881
aVRT @PeterAlexander: Trump in Feb. 2017: "I want to protect our environment."\u000aTrump administration, today: Proposing vastly expanding offsho\u2026
p882
aV@JohnMoralesNBC6 @FLGovScott
p883
aVRT @PeterAlexander: BREAKING: President Trump announces he has dissolved his voter fraud commission. He never proved his claim that million\u2026
p884
aVRT @RWPUSA: This Tweet alone is grounds for removal from office under the 25th Amendment. This man should not have nukes. https://t.co/ymWi\u2026
p885
aV@AetnaHelp I never got any further assistance #fyi
p886
aVGreat performance!
p887
aVTwilight Zone episode I have never seen before this one with @GeorgeTakei ! Happy 2018 \U0001f38a
p888
aVRT @MikeHudema: Renewable energy is the future. RT if you agree!\u000a\u000a#newyears #NewYears2018 https://t.co/ivQl5YVG2i
p889
aV@jenistepanek Such a lovely soul. I think of him often especially in 2017. We needed his wisdom and compassion. Blessings to you...
p890
aV#NewYear2018 #NewYearsEve https://t.co/Gnj1mf64A1
p891
aVRT @JoyAnnReid: It is absolutely stunning that this person is president of the United States.
p892
aVRT @CREWcrew: This is the President of the United States using an official statement to reject an ongoing investigation by the United State\u2026
p893
aV@EVargasABC Enjoy!\u000aYou will be missed on 20/20. Best wishes to you on the journey ahead. Keep us posted!
p894
aVRT @JohnOberg: If these were cats or dogs on their way to a slaughterhouse, there would be a nationwide revolt.\u000a\u000aWhy turn a blind eye becau\u2026
p895
aVRT @funder: Today when Trump arrives at Mar-a-Lago, he will have officially spent over 20% of his presidency at his golf courses, wasting $\u2026
p896
aVRT @sally_field: We as women CANNOT allow women to take the blame for the misdeeds of these repugnant men. There were whole systems in plac\u2026
p897
aVRT @GeorgeTakei: By passing the #GOPTaxScam, Republicans in Congress are making clear who they really work for: the corporations that will\u2026
p898
aVRT @JoyAnnReid: @Lawrence They're literally stealing from you, America, and stuffing the money into their own pockets. If you don't see tha\u2026
p899
aVRT @funder: We will do a #VoteNo trend session at 6:30 if this gets to 1,000 RTs in the next 15 minutes.
p900
aVRT @DavidCornDC: Blitzer asks Corker about his statement that he would not vote for the tax bill if it added "one penny" to the deficit. Co\u2026
p901
aVRT @RepAdamSchiff: Make no mistake: After they borrow $1.5 trillion to pass a windfall tax break for corporations and the rich, Trump, Ryan\u2026
p902
aV#partybeforecountry #Shameful https://t.co/gHcfPDLJNG
p903
aV#VoteNo
p904
aVRT @TheDemCoalition: Don\u2019t ever say your vote doesn\u2019t matter: Following a recount in Newport News, Democrat @Shelly_Simonds has defeated De\u2026
p905
aVRT @SenSanders: Today is a victory for the largest and most profitable corporations in this country who, despite record-breaking profits, w\u2026
p906
aVRT @RepJoeKennedy: A vote for #GOPTaxScam is a vote for:\u000a\u2705Tax increase for millions of working Americans\u000a\u2705Reinforced income inequality\u000a\u2705Med\u2026
p907
aV@GlenCampbell @DollyParton @BradPaisley @ABC Thank you Glen.\u000aYou are missed
p908
aV#Resistance #reclaimourtime #disgraceful https://t.co/bupKQhRyZG
p909
aVRT @RepJoeKennedy: Medicare, Social Security, health care, food assistance, heating aid, and VA benefits. Those are the dollars that Paul R\u2026
p910
aVRT @GeorgeTakei: If Trump fires Mueller, patriotic Americans would be well within their rights to shut the country down through massive and\u2026
p911
aVRT @EricHolder: Speaking on behalf of the vast majority of the American people, Republicans in Congress be forewarned:any attempt to remove\u2026
p912
aVRT @KamalaHarris: The latest tax bill is just as bad as the previous versions: Deep permanent tax cuts for corporations, while the middle c\u2026
p913
aVRT @cher: Why aren\u2019t ppl going crazy about Net Neutrality\U0001f631
p914
aVRT @RWPUSA: The last few days a tax bill is in Congress are when those who have paid to play get to play. If the media is flooded with sex\u2026
p915
aVRT @chrislhayes: Man. Sure does suck to have your entire inbox accessed without your consent. https://t.co/2uDwVwdVfp
p916
aVRT @JoyAnnReid: The utter obedience of Republicans to Donald Trump, and their determination to defend him at all costs, even to the point o\u2026
p917
aVA page from @FLGovScott playbook https://t.co/pTvAiJCKjP
p918
aVRT @TomSteyer: America's legal scholars agree: Trump has overwhelmingly met the criteria for impeachment already. Learn more: https://t.co/\u2026
p919
aVRT @ASlavitt: I wanted to see how much a favor Rubio did low income families with his act today. \u000a\u000aFor a family w 2 kids, the average cost\u2026
p920
aVRT @PalmerReport: Marco Rubio has no spine, no balls, and no morals. Keep that in mind the next time he tries to position himself as the \u201cn\u2026
p921
aVRT @RepJoeKennedy: A week from today, hours after delivering a massive, unfunded handout to corporations sitting on $2.3 trillion in cash,\u2026
p922
aVShameful! For an ever so brief moment I thought you were voting NO but as usual you failed your constituents. @marcorubio
p923
aVSo....he voted Yes on the tax bill because?\u000aHe is only focused on his career and NOT the "lost between" https://t.co/8hT6uEzwwo
p924
aV@PeterAlexander @CNBC He is self-serving. Party over country everytime. He does not represent or protect his constituents #shameful
p925
aVRT @SenSanders: As we come toward the end of 2017, I hope and expect that most Americans know that almost every promise that @realDonaldTru\u2026
p926
aVRT @robreiner: We know he's a pathological liar,a sexual predator,&amp; conspires with an enemy power. How much more damage to US before GOP st\u2026
p927
aVRT @comcast: We support bipartisan Congressional action to permanently preserve and solidify net neutrality protections for consumers and e\u2026
p928
aVRT @SenSanders: This is an egregious attack on our democracy. The end of #NetNeutrality protections means that the internet will be for sal\u2026
p929
aVRT @funder: Senator John McCain called for the Senate to delay its business until Scott Brown could be seated in 2010. Republican must do t\u2026
p930
aVRT @StephenKing: Donald Trump is unfit for office and needs to resign.
p931
aVRT @Sifill_LDF: The work continues after Election Day. We go to trial in February on our challenge to AL's discriminatory voter i.d. law. R\u2026
p932
aV@RepMaxineWaters Reclaiming our time!
p933
aV@ChrisJansing It's a momentum change #resistance
p934
aVRT @DanRather: An earthquake has shook the nation and out of the land of the Crimson Tide comes a wave of Blue.\u000ahttps://t.co/tuG5Yvqctz
p935
aVRT @sethmeyers: Shout out to every last one of you who knocked on doors this week
p936
aV@AliVelshi #ChristmasMiracle
p937
aVRT @BobSeger: Retweet this post to be entered for a chance to win a signed I KNEW YOU WHEN vinyl by Bob Seger! https://t.co/dcsFgn3t9Y\u000aOffi\u2026
p938
aVAmen! https://t.co/eEcyg0SzG4
p939
aVRT @RepCummings: .@realDonaldTrump: I call on you to issue an apology to @SenGillibrand immediately, take down this tweet, halt your effort\u2026
p940
aVRT @VanityFair: "Parents of children with cancer and diabetes and health problems are about to get letters saying their coverage could be c\u2026
p941
aVRT @RWPUSA: We need Sen. Franken back in the hearing room to join Sen. Feinstein in asking these jokers some questions under oath. And no S\u2026
p942
aVRT @SenSanders: It looks like the president\u2019s promises to help working people were just another lie. Trump is already moving to destroy saf\u2026
p943
aVRT @MarkRuffalo: What\u000a\u000a if\u000a\u000a the\u000a\u000a Internet\u000a\u000a was\u000a\u000a so\u000a\u000a slow\u000a\u000a it\u000a\u000a loaded\u000a\u000a one\u000a\u000a word\u000a\u000a at\u000a\u000a a\u000a\u000a time?\u000a\u000a Defend #NetNeutrality https://t\u2026
p944
aV2017 PANTHERS FAN ZONE-EXPLORE-ENTER-WIN @FLAPANTHERS #ONETERRITORY https://t.co/3e33w0G9nh
p945
aVRT @BarackObama: Just got off a call to thank folks who are working hard to help more Americans across the country sign up for health cover\u2026
p946
aVRT @AdyBarkan: .@SenatorCollins there is no need to pass this cruel bill &amp; take away my Medicare disability. A bill to lower middle class r\u2026
p947
aVRT @robreiner: Tomorrow the survival of Democracy is on the ballot. The good people of Alabama can protect US. Vote for Doug Jones. Vote fo\u2026
p948
aVRT @SteveC_Photos: @guardian Waiting 32 years to tell this story, and then using it as a PR story for the launch a book that comes out tomo\u2026
p949
aVRT @sally_field: Alabamians - I\u2019m begging you, please get out and vote this Tuesday Dec 12th in the special Senate election for #DougJones.\u2026
p950
aVRT @MarkRuffalo: Alec Baldwin urges you to call your member of Congress and ask them to publicly state that if @RealDonaldTrump interferes\u2026
p951
aVRT @soledadobrien: The cuts are automatic. The letter she refers to is not a promise. https://t.co/vJmXrYcgVT
p952
aV@NatGeo I know it would only delay the inevitable but maybe a compassionate gesture of food would lessen the immediate agony.
p953
aVRT @RWPUSA: If come next week Roy Moore is headed into the Senate and Al Franken out, the two party system will be dead in Minnesota and pe\u2026
p954
aVRT @Kallie_Marie3: If the White House said it's not true that means it's probably true #DentureDonald
p955
aVRT @joncoopertweets: Conservatives, it's time to call on Clarence Thomas to resign https://t.co/fsvhKGdgV7
p956
aVRT @BillyBaldwin: Sad day\u2026 I don't know Al Franken well but have met him many times on the Hollywood &amp; advocacy circuit.\u000a\u000aHe is universally\u2026
p957
aVRT @JohnMoralesNBC6: \u201cDon\u2019t it always seem to go, that you don\u2019t know what you\u2019ve got \u2019til it\u2019s gone. They paved paradise and put up a park\u2026
p958
aV@SenFranken I believe we should wait for an ethics review. Don't resign!
p959
aV#missObama #44 https://t.co/6iouA7j175
p960
aVRT @EricHolder: DOJ leadership-do your jobs, step up. DOJ/FBI/Special Counsel ALL attacked by WH. That matters. Support these people who ke\u2026
p961
aVRT @jonfavs: This should be the obvious statement from every single elected Republican. https://t.co/QnHsTdQCoj
p962
aVRT @patagonia: This is the largest elimination of protected land in American history.\u000aTake Action: https://t.co/biZPxo7PHh\u000a#BearsEars https\u2026
p963
aVRT @madmia2: @SenJohnMcCain You're kidding, right?\u000a*THIS* is what you're concerned with?
p964
aVRT @SenSanders: .@realDonaldTrump, I have a challenge for you: https://t.co/i51O9st290
p965
aVRT @GeorgeTakei: By ramming through a bill in the middle of the night that no one had read with no public hearings, the Republicans managed\u2026
p966
aVRT @TeamPelosi: \u201cMy donors are basically saying: \u2018Get it done or don\u2019t ever call me again\u2019\u201d -Republican Rep. Chris Collins\u000a\u000a\u201cDonors are fur\u2026
p967
aVRT @jonfavs: Democrats should talk about what happened tonight every single day from now until November of 2018.
p968
aVRT @MMFlint: The Republican Party is the enemy of the American people. The Senate just passed the Trump Tax Increase, 1:50am, enriching the\u2026
p969
aVRT @Alyssa_Milano: You think this #TaxScamBill is bad? Wait until they take the internet from you and give it to big corporations. Notice t\u2026
p970
aVRT @funder: Members of Congress should lose their health insurance before any other American does. #VoteNo #GOPTaxScam
p971
aVRT @SenFeinstein: UPDATE: We may vote on the Republican tax bill TONIGHT. We don't have the final bill. We don't have analysis from the Joi\u2026
p972
aVRT @Alyssa_Milano: Hello, @SenatorCollins! The #GOPTaxPlan is going to hurt millions and millions of Americans only to give money to large\u2026
p973
aVRT @SenBrianSchatz: This Republican tax scam gives millionaires a tax cut paid for by the middle class.
p974
aV@SenJohnMcCain Party before \U0001f1fa\U0001f1f8 #disgraceful
p975
aVRT @funder: .@realDonaldTrump-I\u2019ve read the tax bill in its entirety, all 429 stupid pages of it. I know for a fact you haven\u2019t read one wo\u2026
p976
aVRT @NormEisen: this is not American https://t.co/OxtfKBT9ll
p977
aV@JoyAnnReid President Trump nominated Kelly to serve as a United States District Judge of the United States Distric\u2026 https://t.co/aDZ6LqQWST
p978
aVRT @DanRather: Pres. Trump showed a lack of sensitivity, knowledge, and caring of the plight of Native Americans. A moment that was suppose\u2026
p979
aVRT @Alyssa_Milano: The Senate plans to vote this week on a tax bill that will devastate women.\u000a\u000aTime is running out. \u000a\u000aWe must act NOW. \u000a \u2026
p980
aVRT @Alyssa_Milano: What\u000a\u000a if\u000a\u000a the\u000a\u000a Internet\u000a\u000a was\u000a\u000a so\u000a\u000a slow\u000a\u000a it\u000a\u000a loaded\u000a\u000a one\u000a\u000a word\u000a\u000a at\u000a\u000a a\u000a\u000a time?\u000a\u000a Defend #NetNeutrality https:/\u2026
p981
aVRT @chelseahandler: Chlorpyrifos is a chemical from Dow Chemical Company. It came from the nazis and is a nerve agent that does irreversibl\u2026
p982
aV"While we do our good works let us not forget that the real solution lies in a world in which charity will have bec\u2026 https://t.co/b22vf0hpyt
p983
aV#BeKindToElephants https://t.co/KBrDTKbtLN
p984
aVRT @JohnOberg: The *only* way that a turkey should be treated this #Thanksgiving. RT if you agree! \u2764\U0001f983 https://t.co/Ne4YH19SVl
p985
aVRT @TrueFactsStated: We need to know what individuals are getting permits and publically shame the hell out of them. https://t.co/nLLFL5pPjU
p986
aVRT @JoyAnnReid: You mean for you, wealthy people like you, your relatives and large corporations, who would be the only beneficiaries if th\u2026
p987
aVRT @JoyAnnReid: This is repugnant on so many levels. It\u2019s pure anti-Obama vindictiveness combined with the corrupt intent to pad the disgus\u2026
p988
aVRT @ASlavitt: BREAKING: ACA Open Enrollment up 60% vs last year. 1.5 million have already enrolled.\u000a\u000aGet the word out. 4.5mm can get covere\u2026
p989
aVRT @RepRaulGrijalva: Donald Trump's twitter account is a national security threat.
p990
aVRT @JoyAnnReid: To be clear: Donald Trump, president of the United States, does NOT believe the 17 American agencies that make up the U.S.\u2026
p991
aV#VeteransDay https://t.co/VIHhhyE0JM
p992
aVhttps://t.co/8AfzS9U4VF\u000aSounds like #The Jetsons
p993
aVElected officials you have a job to do. We elected you to serve not to pay back your wealthy donors/corporations\u2026 https://t.co/L8fsEqVTj3
p994
aVRT @leighwalton: Good morning to 69 people who decided NOT to stay home yesterday and defeated the chair of the VA House Republican caucus.\u2026
p995
aV@Jacob_Brogan Hmm. Interesting but why the study? I can think of at least 1 more beneficial to society. IMHO
p996
aVRT @JoeBiden: A resounding defeat tonight for President Trump. Voters around the country rejected the ugly politics we have seen this past\u2026
p997
aVRT @BarackObama: This is what happens when the people vote. Congrats @RalphNortham and @PhilMurphyNJ . And congratulations to all the victo\u2026
p998
aVRT @keithellison: Ok, Dems kicked butt last night; now let\u2019s go defeat the plutocratic Republican tax scam bill and organize in every zip c\u2026
p999
aV@FLGovScott #Florida needs clean energy jobs, not fracked gas megaplants!
p1000
aVRT @JoeBiden: Folks, there's an election happening tomorrow. We've got to keep our eye on the ball. Let's get this done. https://t.co/UWl53\u2026
p1001
aV#nostrawnovember
p1002
aVRT @SenFranken: To all who lost loved ones at Sutherland Springs: the nation grieves with you. We must find moral courage to address these\u2026
p1003
aVRT @funder: .@realDonaldTrump-This is what a REAL president looks like\u2014listen to the crowd roar for @BarackObama\u000a\u000a#AMJoy #Resist\u000ahttps://t.\u2026
p1004
aVRT @funder: REPUBLICAN MEMBERS OF CONGRESS ARE TO BLAME FOR EVERYTHING TRUMP DOES. Period.
p1005
aVRT @JoyAnnReid: The president of the United States is bragging about tanking the stocks of American companies. https://t.co/Qo7dwtUtTF
p1006
aVRT @jimmykimmel: But wait...he said \u201cI am going to take care of everybody. Everybody\u2019s going to be taken care of much better than they\u2019re t\u2026
p1007
aVRT @RWPUSA: Just got a Trump-Pence email using VP's taxpayer funded $250K stunt yesterday to raise campaign cash. Could they at least pay f\u2026
p1008
aVRT @RWPUSA: Chairman of Senate Foreign Relations Comm. says POTUS risks WW III. Congress doesn't act fast. Vote them out if we are still al\u2026
p1009
aVRT @GovHowardDean: This is Trump speak. The players have been clear this is not about soldiers, our flag or the Anthem. https://t.co/NMsf5M\u2026
p1010
aVRT @thedailybeast: Kimmel on Congress: \u201cThey should be praying for God to forgive them for letting the gun lobby run this country" https://\u2026
p1011
aVRT @SRuhle: Let's be clear-The planes were chartered FOR Tom Price. If he's "taking responsibility", it would be for THE PLANE, not "his se\u2026
p1012
aVYes, fire him! https://t.co/DVyw2AqT6C
p1013
aVRT @ClimateCentral: Majority of Americans now say climate change makes hurricanes more intense https://t.co/HrtAebe8ii via @washingtonpost\u2026
p1014
aV@OfficialJLD With your infatigable and positive attitude you will be fine
p1015
aVRT @RonWyden: Remember this when the GOP tells you we can't afford health care for people with disabilities https://t.co/ewbgCSctjX
p1016
aVRT @RWPUSA: Just got a "stand or kneel" email from POTUS with a push poll and ask for support. He's using our national anthem to raise cash\u2026
p1017
aVRT @Friends_of_Lucy: 10 yrs ago today Samantha (r) was sent to NC Zoo &amp; LUCY's been alone since. Pls read &amp; share: https://t.co/isi7u6jHfp\u2026
p1018
aVRT @Publici: Join the #CitizenSleuth community uncovering #Trump administration mysteries that could turn into real stories https://t.co/u2\u2026
p1019
aV@nbcsnl Pamela Adlon@pamelaadlon
p1020
aVRT @JohnJHarwood: Blue Cross Blue Shield says it does not https://t.co/vKpaHm1YH5
p1021
aVRT @funder: I miss having @BarackObama as our president. RT if u miss him too.\u000a\u000aAlso in this vid he rips Republicans to shreds.\U0001f525 https://t.\u2026
p1022
aVRT @jimmykimmel: If you too are disappointed in Sen @BillCassidy #GrahamCassidy let them know it - call (202) 224-3121 https://t.co/eswlh6B\u2026
p1023
aVRT @ProudResister: Last year Trump was calling election rigged as he was rigging it. Now he is calling justice system rigged as he is cover\u2026
p1024
aVRT @katiecouric: This is from Murry in Houston. A lovely observation that should give us all hope. https://t.co/OhbVZNdXAQ
p1025
aVRT @HoustonTX: WE WILL NOT ASK FOR IMMIGRATION STATUS OR PAPERS AT ANY SHELTER. No vamos a pedir documentos ni estatus migratorio en ningun\u2026
p1026
aVRT @DebraMessing: IMPORTANT- please share https://t.co/TitvXNV0H0
p1027
aVhttps://t.co/Jdl8icAOg5
p1028
aV@nycjim Said the man who's words to people in the path of this historic event - "Good luck" #HarveyStorm
p1029
aV@sally_field Places in the Heart in Waxahachie. Texas has our thoughts and prayers and \u2764
p1030
aVRT @JustinTrudeau: Canadians are keeping the people of Texas in our thoughts - we're ready to offer any assistance needed to help recover f\u2026
p1031
aVRT @BMcNoldy: How nice it was to have a real president in times of disasters. https://t.co/uVEqKnWnXf
p1032
aV\u201cMy mother would say to me, "Look for the helpers. You will always find people who are helping."  Fred Rogers https://t.co/ygcVRfgVd9
p1033
aVRT @GeorgeTakei: Kelly ousted Mooch, Bannon &amp; Gorka, but unless the house cleaning makes it up to Donald, it's just re-arranging deck chair\u2026
p1034
aVRT @profmusgrave: Today the president formally banned trans troops, pardoned a convicted sheriff, and told Texans facing a hurricane "good\u2026
p1035
aV#SolarEclipse2017 Oh, I'm bein' followed by a moonshadow, moon shadow, moonshadow\u000aLeapin and hoppin' on a moonshadow, moonshadow, moonshadow
p1036
aVMost of DT's picks are head scratchers. I think Pence is behind this one and others.Agenda before country and plane\u2026 https://t.co/tVWHcbNNCk
p1037
aVRT @Lin_Manuel: Impeach this bad man. https://t.co/yZiSnY7boD
p1038
aVRT @funder: Today was Trump's rock bottom\u2014for now. He will only get worse. #ImpeachTrump
p1039
aVRT @H_Combs: His dog whistle just morphed into a bullhorn. If you're not beyond outraged you're not paying attention.
p1040
aVRT @MalcolmNance: Did I see Trump just go openly Nazi apologist? We. Are. In. trouble. He is unfit for the job. He must be removed.
p1041
aVProud to be a lefty! #LeftHandersDay #lefthanded https://t.co/sTD1dU7KFA
p1042
aVRT @SallyQYates: The poison spewed by Nazis, white supremacists, and the KKK is not who we are as a country. Takes less than 140 characters\u2026
p1043
aVRT @BarackObama: "...For love comes more naturally to the human heart than its opposite." - Nelson Mandela
p1044
aVRT @ChelseaClinton: Mr. President?
p1045
aVRT @StephenKing: Donald Trump is unfit for office. Needs to be removed.
p1046
aVRT @danpfeiffer: Well this is alarming. What's the point of having all those generals if you don't talk to them before threatening nuclear\u2026
p1047
aVRT @MalcolmNance: McMaster, Kelly &amp; Mattis better defuse &amp; engage brake on Trumps mouth in the next 24 hours or it will be clear they encou\u2026
p1048
aV@GlenCampbell God bless \u2764
p1049
aVRT @funder: .@realDonaldTrump-Can u explain this video of u signing a contract with the Russian oligarch who setup Don Jr mtg? \U0001f914 https://t.\u2026
p1050
aV@sally_field. Is this fake news? https://t.co/8WoqljPLWo
p1051
aV@GlenCampbell. I am loving "Adios". Long time fan. Wishing you peace ...and love
p1052
aVRT @GeorgeTakei: People honestly think that Donald is going to finally become presidential now?\u000a\u000aHow many times do you have to have the foo\u2026
p1053
aVRT @danpfeiffer: I think the term you are looking for is "Thanks, Obama" https://t.co/bGgQEU8x5I
p1054
aVRT @jonfavs: One more person who deserves thanks today: @BarackObama, who had the political courage to fight for the Affordable Care Act at\u2026
p1055
aVRT @ChelseaClinton: Just in case helpful @GOP, here's @Scholastic on How a Bill Becomes a Law:\u000a#1 step Draft a Bill (voting comes later) ht\u2026
p1056
aVRT @RichardEngel: US intel officials tell me they\u2019re worried the chaos at WH leaves US in weak position to deal with any potential major in\u2026
p1057
aV@JoyAnnReid Typical. He has cadillac health insurance. Once again he chose party over country. Shame!
p1058
aVRT @chelseahandler: "Let Obamacare fail." From the mouth of the man running the country and looking after over 300 million constituents. #w\u2026
p1059
aVRT @DavidCornDC: Well, at least John McCain doesn't have to rush back. He can take good care of himself &amp; enjoy his government-provided hea\u2026
p1060
aV@RepDaveBrat You know who has "gold plated" insurance? Congress! You have a 'let them eat cake' mindset
p1061
aVRT @funder: Reporters- #TheResistance is huge. It's not some fringe group. I'll prove it. Retweet this if you're a proud member of The Resi\u2026
p1062
aVRT @JohnFugelsang: Mitch McConnell has to delay taking healthcare from American taxpayers until after John McCain has surgery, paid for by\u2026
p1063
aVIs these discouraging times this man is a hero... https://t.co/RqEZ0K1Zwq
p1064
aVRT @CherylStrayed: Republicans delay vote to take healthcare from millions because one of them is having surgery funded by taxpayers. https\u2026
p1065
aV@robreiner Jared or Eric's?
p1066
aVRT @DavidCornDC: I hope congressional investigators are digging into Smith/Flynn caper &amp; Don Jr./Russian lawyer meeting. This just can't be\u2026
p1067
aVThis is your moment @realDonaldTrump \U0001f1fa\U0001f1f8 https://t.co/K6yWMd9rGi
p1068
aVRT @nbc6: Fact Check: President Trump misleads on Russia hacking https://t.co/yF32gXJamo https://t.co/WmumYCYSm1
p1069
aVRT @noradunn: Jerry Brown Announces a Climate Summit Meeting in California https://t.co/A3XzgheZL9 California takes the leadership role vac\u2026
p1070
aVRT @peterdaou: So let me get this straight: The right bashes the UN at every turn, but when #NorthKorea tests an ICBM, the first place they\u2026
p1071
aVHistory repeating? https://t.co/2VMcxSdxm1
p1072
aVRT @JoeBiden: Happy 4th of July! America continues the march toward tolerance, diversity and equality of opportunity that began in 1776\u2014tha\u2026
p1073
aVHappy 4th of July! \U0001f1fa\U0001f1f8 https://t.co/AXuMNqUCp6
p1074
aVRT @fema: Wishing everyone a safe &amp; happy #July4 https://t.co/Zq9qkRyX4y
p1075
aVRT @KeithOlbermann: Please RT if you agree the cabinet must invoke the 25th Amendment, TODAY, and immediately remove @realDonaldTrump from\u2026
p1076
aVHis tweets are not just infantile they are dangerous! \U0001f1fa\U0001f1f8 https://t.co/DnClOuVVUf
p1077
aVYes. Healthcare is a right NOT a privilege... https://t.co/Q2UTmLh60t
p1078
aV@angelicbakehse Just discovered your sprouted bread. Delicious. Nutritious. But not sure about that "shelf life dat\u2026 https://t.co/bgB5szalbt
p1079
aVRT @Im_TheAntiTrump: #TheResistance #MAGA #Resist #DonTheCon\u000a\u000aTo be clear, Obamacare isn't failing. @realdonaldtrump is sabotaging it.  htt\u2026
p1080
aV@McEwenMark Congratulations Maya! \U0001f393
p1081
aVRT @robreiner: That GOP is ok with 22mil. losing health insurance &amp; knowing their votes could cause death is beyond heartless. Where's the\u2026
p1082
aVYes and that character is under assault... https://t.co/ad8gm91pr0
p1083
aVHealth care is a right not a privilege! GOP doesn't get it.... https://t.co/kYpEJ0dbdH
p1084
aV@JGerardWeather What a lovely way to start Summer!
p1085
aVRT @danpfeiffer: We could sit here on Twitter and argue about why Ossoff lost or we could fight like hell to defeat Trumpcare and then reco\u2026
p1086
aV@SenJohnMcCain do your job. Country before party (this time) https://t.co/FxKOMgyyjz
p1087
aVRT @SenKamalaHarris: My message to my colleagues: If you know this bill is bad, stand up &amp; stop it. Now isn\u2019t the time to keep quiet and ho\u2026
p1088
aVRT @Sifill_LDF: @BarackObama The secretive effort now to pass a bill that may remove coverage for 25 million Americans &amp; affects 1/6 of our\u2026
p1089
aV@hasanminhaj @SierraClub
p1090
aVPut your \U0001f1fa\U0001f1f8 country before your party! https://t.co/kqxqgXWgd7
p1091
aVRT @donnabrazile: How dare anyone try to weaken the sanctions put in place against a hostile adversary that interfered in our elections las\u2026
p1092
aVRT @StephenKing: Guns, man. When are we going to look this issue in the eye and do something about it?
p1093
aVRT @sally_field: Truth. Painful truth. https://t.co/pfvJmmVt4P
p1094
aVRT @Kate_Bates57: Call 202-224-6352 and demand GOP rescind blocking reporters from the halls of the Senate.
p1095
aVRT @DemFromCT: it is a horrible thing for @megynkelly to give a platform to a Sandy Hook truther. No justification. @msnbc reconsider what\u2026
p1096
aV#travelban @POTUS Taste of his own medicine... https://t.co/N0n350xIEZ
p1097
aVWhen he goes low we go high... https://t.co/UQA4TOKCtP
p1098
aVRT @GabbyGiffords: Mr. President, every day we are having a gun debate because every day 90 people in our country die from gun violence. Ma\u2026
p1099
aVShameful. Congress members have great healthcare benefits. #letthemeatcake https://t.co/G2ZXxOlxzD
p1100
aVHappy Birthday Mr Radford \U0001f388 https://t.co/Yb9JP6JGJg
p1101
aVRT @MikeLevinCA: "It takes little courage to aid those who are already powerful ... it takes great courage to champion the vulnerable" -Oba\u2026
p1102
aVRT @nowthisnews: Rep. Joe Kennedy had some choice words for Paul Ryan about the GOP health care bill https://t.co/7LY4yGQS9f
p1103
aVRT @davidaxelrod: Vehicles parked outside Congress to ship @GOP reps to WH for victory lap. Under the busses will be millions of Americans.
p1104
aVRT @joncoopertweets: RT if you agree that @realDonaldTrump is the \u000aWorst. President. Ever. https://t.co/3ONsVRm93F
p1105
aVRT @SethAbramson: Please RETWEET if you're one of the 74% of Americans (ABC/WaPo Poll) who want to see Trump's taxes and were _not_ paid to\u2026
p1106
aV#flapanthers https://t.co/XJT0Cxaj1s
p1107
aV@FlaPanthers Go Cats! #flapanthers https://t.co/MZf9qQcXgh
p1108
aVRT @ItIzBiz: RETWEET IF YOU DON'T TRUST THIS MAN 2 HANDLE MILITARY ACTION THAT MAY START WW3!\u000a#trumprussia #russiagate #SyriaGasAttack #syr\u2026
p1109
aV#WeThePeople #allgodschildren https://t.co/VcRJne2AzX
p1110
aV"Oh what a tangled web we weave when first we practice to deceive" Sir Walter Scott #trumprussia https://t.co/fNPFTJ1oHZ
p1111
aVAbsolutely!  @realmommagump #SCOTUS #resist https://t.co/3Hask6dWlF
p1112
aVRT @robreiner: DT is a lying failure. We need an independent commission &amp; special prosecutor now before desperation leads to war. #TrumpRus\u2026
p1113
aVRT @earthhour: Happy \U0001f30e\u23f3 USA! RT if you're celebrating #EarthHour :) Real time updates at https://t.co/wQ9jVEFuSs #ChangeClimateChange
p1114
aVRT @funder: RT if u won't forget that Trump's biggest problem is still Russia!\u000a\u000a#trumprussia #amjoy @JoyAnnReid #russiagate https://t.co/I6\u2026
p1115
aV#resist The resistance is working! https://t.co/tufbizVUoO
p1116
aVRT @Lawrence: Retweet if you agree ... https://t.co/rLQ08pChPq
p1117
aVRT @JoyAnnReid: Bookmark for up to four years: the 33 questions (so far) that need answering about Trump, his associates and Russia. https:\u2026
p1118
aVRT @mattmfm: You hear that Trump didn't hoodwink voters (they knew what they were getting!) and then find clips like this. Just breathtakin\u2026
p1119
aV#TrumpRussia @amjoyshow @funder #RESISTANCE https://t.co/Grox1MU7nv
p1120
aVWhere is a @RepJoeWilson outburst? So many opportunities ""You lie!" #Jointsession #resist @JoyAnnReid
p1121
aVRT @altNOAA: Why does EVERY person in China (and a lot of other countries) wear these masks? Answer: They don't have the #EPA. GOP is a bun\u2026
p1122
aVRT @amjoyshow: RETWEET FOR YES... LIKE FOR NO #AMJoy https://t.co/mCygHGmWzi
p1123
aVRT @HillaryClinton: If you can't stand the heat, get out of the...Congress.\u000ahttps://t.co/TEAXDPEPrt
p1124
aV#DonaldTrump reminds me of the student who reads his book report to the class and clearly hasn't read any of the book #resist @JoyAnnReid
p1125
aVRT @GeorgeTakei: The irony is strong with this one. https://t.co/YyuYmlz8Tu
p1126
aV#GaslightMeIn4Words It's a shell game
p1127
aVmendacious #onewordtweet
p1128
aVRT @HallieJackson: .@PeterAlexander on @MSNBC just now: @POTUS wrote "Art of the Deal," but that presser shows he may as well've written Ar\u2026
p1129
aV#Gorsuch @amjoyshow @JoyAnnReid Judicial Crisis Network Launches $10M Campaign to Preserve Justice Scalia\u2019s Legacy Support Trump Nominee
p1130
aVTypical. US taxpapers are always the payer of 1st resort. Bold face lie "Mexico will pay for The Wall" Let's see yo\u2026 https://t.co/JGX4pir7oN
p1131
aV9th Circuit @MMFlint #ResistTrump https://t.co/VIF2sMlFgV
p1132
aVRT @MaxineWaters: The Mysterious Disappearance of the Biggest Scandal in Washington https://t.co/2rHL2nSkmD via @motherjones
p1133
aVRT @simon_schama: President of USA talks his own country down to the level of kleptocratic autocratic Russia. congratulations Republicans
p1134
aV@JonStewartHBO *Required reading* https://t.co/fL6tUNG34p
p1135
aV#MattthewMcConaughey Life in a bubble no place to suggest those of us in crosshairs of DT #bananarepublican agenda to "give him a chance"
p1136
aVTrump asked "What do you have to lose?" Everything it seems... @Trevornoah https://t.co/Gyd8lnuDTE
p1137
aV#StandUpToTrump https://t.co/bbvk0XDC4T
p1138
aV@GeorgeTakei #FarewellPresidentObama #sad https://t.co/o3Q96K2ahO
p1139
aVThank you Mr President for ur unwavering ethics integrity intelligence + strength We r grateful\u2026 https://t.co/qZFdftP1oj
p1140
aV@FLGovScott one president at a time https://t.co/UFjpNSVuk0
p1141
aV#2016End  #newyear In a yr full of sadness, doubt +uncertainty I am thankful for the timeless wisdom and kindness o\u2026 https://t.co/LM092sf2sg
p1142
aV#IThinkIHaveHadEnough #lastresort https://t.co/RlnDWAad4L
p1143
aV@JohnMoralesNBC6  https://t.co/Icj2ouPHUb
p1144
aVRT @soledadobrien: Clinton extends popular vote lead over #Trump to ~ 2.24 million:\u000aClinton 64,654,445\u000aTrump  62,418,792 https://t.co/PpXRn\u2026
p1145
aVSo many "red flags" for alarm but you voted your "conscience" ..... https://t.co/kEZnGqte63
p1146
aVRT @DavidCornDC: In this case, you cannot say Americans will get the government they deserve. Most Americans did not vote for this incoming\u2026
p1147
aVRT @LisaBloom: We will be the only developed nation in the world led by a climate change denier. https://t.co/tR1DclGWEz
p1148
aVRT @thenation: James Comey just gave one of the most consequential "oh, neverminds" in American history.  https://t.co/g0w6amsjTA
p1149
aV4 more years! https://t.co/qRVRozMThZ
p1150
aVRT @ThisAmerLife: We asked @SaraBareilles to imagine what Obama might be thinking about this election and Trump. She wrote this song. @lesl\u2026
p1151
aVVoted today.Thank you @JohnMoralesNBC6 https://t.co/5y77lWohMz
p1152
aV@realDonaldTrump #Debates2016 is irony deficient... https://t.co/afirINJGQp
p1153
aV@alaskarebel  Editing and puppeteering https://t.co/Z6vnQuGhNX https://t.co/bdmqdyOyGl
p1154
aV@EVargasABC Standing in your truth took enormous courage and conviction. I admire you even more and feel compassion for your story Bless you
p1155
aV@MarySteenburgen #ImWithHer So happy you spoke about your longtime friendship with HRC. It's highlight tonight
p1156
aV@SeanMcElwee @gzornick Distorted story repeating it doesn't give validity. Check the facts. https://t.co/sQGDIOKtUh
p1157
aV@GovJVentura Definitely " saltier "  https://t.co/bAxVrzPILJ
p1158
aV#NeverTrump  "The last thing I am is a con man. ..I built a great business." Btw... so did Bernie Madoff
p1159
aV#NeverTrump  https://t.co/1tFzWVX2Y9
p1160
aV@PhilFerro7 You have been my go-to meteorologist for years. Well deserved.
p1161
aVRT @Montel_Williams: The 43% of R's who think Obama is a Muslim should all get fruit baskets from Clinton campaign and commemorative tinfoi\u2026
p1162
aVRT @chrislhayes: Our entire political-media system's indifference/insanity/sluggishness on climate change is going to look ghastly and crim\u2026
p1163
aVRT @Alyssa_Milano: Trump really does have an amazing resting bitch face.
p1164
aV@TheDailyShow #JonStewart http://t.co/E3KuNku9EZ
p1165
aVRT @mariashriver: #BlueMoon tonight. What are you going to do that you could only do once in a blue moon ?
p1166
aVBarack Obama's five best put-downs - via @Telegraph http://t.co/9cS9M5Vh5u
p1167
aV@HillaryClinton. #Hillary2016. Had to share. #teamHillary http://t.co/Ao0Ufwnowx
p1168
aVRT @World_Wildlife: RT if you're celebrating #EarthHour right now! http://t.co/1jI6NSNl1w
p1169
aVFreedom of speech may cost you...http://t.co/GbLetFr2TR
p1170
aV@milesobrien Courage. Life throws you a massive game changer. You respond with a new normal aplomb. I admire you more than ever.
p1171
aV#iwanttobeamarshmallow
p1172
aVRT @ChelseaClinton: Make these the last days of ivory-funded terrorism, not the last days of elephants. #LastDays http://t.co/xWAGuNAPKw
p1173
aVHolidays to remember. #givepresence
p1174
aVMy note from the universe today... Who doesn't love a little serendipity #theUniverse http://t.co/Smvt6DmbHQ
p1175
aV#OneMintJulep http://t.co/ijnMkMGLrK the always fab &amp; fun @AnaGasteyer
p1176
aV@milesobrien  #MH370 "Why Planes Vanish" is riveting. You always deliver the goods.
p1177
aV#tacky #why Are people doing plumber-themed Christmas decorations? Ugh. Awful. http://t.co/HYEzC4LIum
p1178
aVRT @ericstoltz: If (like me) you've lost loved ones to cancer, please check this link... and if possible- help my pal get this made.\u000ahttp:/\u2026
p1179
aV@DrOz First world problems!.... ;)
p1180
aV@GaryFrickFallon Happy Birthday to Jimmy! http://t.co/ijBE0BksO8
p1181
aV@jimmyfallon Happy Birthday Jimmy! http://t.co/ijBE0BksO8
p1182
aV@WhoopiGoldberg Sad couple of weeks for you. You, your friends are the best in the industry...We should all love hard. Everybody. Love hard.
p1183
aVMe too. Resilience.RT @mariashriver Never, Ever Give Up Thinking about Joan Rivers- the lessons I learned from her: http://t.co/1wRcQ9cDqF
p1184
aVAmen! RT @Ruth_A_Buzzi Let's hope there's a red carpet in heaven. \u000a\u000aRest in peace, my friend Joan.
p1185
aVYes. A brillant and generous one....RT @VanityFair "Robin Williams. What a concept."
p1186
aV#StrayerSucccess @soulpancake  Success is when what you think, say and do are in complete harmony
p1187
aVWhat a fabulous entourage of characters @robinwilliams .... I loved them all http://t.co/rBsqLy31Vq
p1188
aVThe #humisery is wicked today....
p1189
aVMy cope runneth over....
p1190
aVI'm in! RT @GaryFrickFallon RT this for a follow! Favorite for a DM!
p1191
aV@ThePresObama #HappyLefthandersDay ! Being a lefty is a superpower....
p1192
aVRobin Williams... One of the best. Such a gift of talent.... and of heart. You are leaving such a void in the world. http://t.co/HQvLNZ4ZCv
p1193
aVRT @repjohnlewis: .@BarackObama Happy 53rd Birthday, Mr. President. Keep the faith.
p1194
aV@MarthaStewart RT@mashable  Extensive 3-day search for missing elderly man,amateur drone pilot located in 20 minutes http://t.co/QUha3aSYYf
p1195
aV@andersoncooper @60minutes You are a man of mettle. Fearless .... but for green vegetables
p1196
aV@AC360 RT @CodyBrown - one of the most disconcerting articles I've read "The Russian Public and Flight 17" "http://t.co/kL39oDu07y
p1197
aV#theview Data crunching #'s to max profits/productivity has resulted in myopic employers. Happy &amp; healthy employees = improved bottom line
p1198
aV@AC360 No. Judge nullification on the sentencing. Her reasons were reaching and not warranted.
p1199
aVSpoiler alert! Earth. Mars. Same. RT @ThoughtCatalog KY Sen Made The Dumbest Claim Ever http://t.co/sVAV62IOPI http://t.co/WRSD7AGa9U
p1200
aV@andersoncooper Great discussion with @repjohnlewis tonight on @AC360. 'make some good trouble'
p1201
aVThe haves and the most of us have not....RT @ozlifeadvice Global Net Worth: 90 Richest People: $1.8 Trillion ... http://t.co/p5voX2IXLp
p1202
aVRT @AirFranceUS: #Retweet to #win round-trip tickets to Paris! The #AirFranceExpo is coming to NYC. Full rules: http://t.co/r657fjjdWC http\u2026
p1203
aVWhat?! It's #friday13th AND it's a #fullmoon? http://t.co/qauf4IWQnC
p1204
aVRT @StephenAtHome: Sure female hurricanes are more violent, you'd be too if it took 30 years to get promoted to Category 5.
p1205
aVThe slender thread connecting us w/ loved ones who are no longer w/us in this life is heart affirming Thank you @TLC #longislandmedium
p1206
aV@Theresacaputo @TLC  Loved this  spirited season of #longislandmedium It was great connecting with you!
p1207
aV"@BarackObama: Retweet if you agree that when women succeed, America succeeds. #FairFutureNow"
p1208
aVIt's impossible to be a #completeidiot Someone is always raising the bar!
p1209
aVI have an app no one has heard of #16Billion and willing to negotiate @Facebook
p1210
aV"@mashable: .@meetthepress Hits a Low with Global Warming 'Debate' http://t.co/b3V4xyMLDp"
p1211
aV@VinniePolitan Woman's voice on gas station video says 'Someone is shooting (out of) out their car'. This witness didn't see Jordan exit car
p1212
aV#OlympicPickupLines ...I must be on the podium.because I think I just medaled...
p1213
aV#OlympicPickupLines So...'chi come here often?
p1214
aVThe Middle Class Is Steadily Eroding. Just Ask the Business World. http://t.co/kjCTt4qoXX
p1215
aV@tomhanks Signal your intentions\u2026in life, love and traffic.
p1216
aVRT @AshleyJudd: "Whom angels greet with anthems sweet..." Rest in peace, dear, brave #Madiba
p1217
aV@johnkrasinski Happy Birthday! Btw my bd today too!
p1218
aV@guymichan Hi following you ... #kiltstrending
p1219
aV@johnkrasinski Just started following you. Killed it on #jimmyfallon. Btw I share same Oct 20 BD with you.
p1220
aVRT @chrisrockoz: Once again Sarah Palin on TV reminds us that in America a woman can rise up &amp; prove to be just as dumb &amp; ignorant as a man
p1221
aVRT @BarackObama: RT if you agree: We should never cut vital services for the middle class before closing tax loopholes for millionaires. ...
p1222
aVRT @Pink: I'm sorry honey @hartluck but every time Johnny Depp speaks with that low voice, I can't find my clothes. Oops there they are. ...
p1223
aV@OfficialJLD Finally! I saw Picture Paris. Funny, lovely, quirkly, lovely,.... you.
p1224
aV@MarthaStewart Mangia Mangia on Southard for sure! And yes you must do Blue Heaven in the Bahamian Village...have fun!
p1225
aV#endofworld  http://t.co/PAHITAX2
p1226
aVAmen RT @GenNexxt_Jonah: Pls say a prayer for the families who lost their children today in the senseless shooting! #BreaksOurHearts  @nbc6
p1227
aV#latenight #idiots It's impossible to be a complete idiot....someone is always raising the bar.
p1228
aV@AnaGasteyer Doesn't play well with others.
p1229
aV#fourmoreyears RT @TheDailyShow BreakingNews Detroit votes to let @MittRomney fail.
p1230
aV#fourmoreyears RT @BarackObama: RT if you're on #TeamObama tonight.
p1231
aVI'm in! RT @BarackObama: President Obama: "After a decade of war, it\u2019s time to do some nation building here at home." #StrongerWithObama
p1232
aV@CharlesMBlow Undecideds at this point are low information voters. I can't believe they tune in for debates
p1233
aVRT @VanityFair: Mitt Romney: "I've got a policy for the future." EXACTLY. He will TELL YOU his policy in the FUTURE. Any questions?
p1234
aV#debates #MittLies  O-"the math doesn't work"
p1235
aV#debates Damn! Obama tells it. Your policies didn't drive jobs in MA
p1236
aV@andersoncooper Advantage Obama....he's strong, composed, articulate
p1237
aV#debates As Commander in Chief "you have to be clear" not capable Mr Romney
p1238
aV#debates Romnesia hearing his "old" positions from Obama!
p1239
aVExactly! #debate  RT @IJasonAlexander: Mr President, you made me proud tonight. I am with you...
p1240
aV#debate  #MittLies RT @Alyssa_Milano: FACT: When @MittRomney was Governor of MA, it was ranked the 47th in the nation in job creation
p1241
aV@CharlesMBlow Well-played Mr. president, well done!
p1242
aV#debate #MittLies Multi-personality disorder who is Mitt Romney?
p1243
aV#debate #TeamObamaBiden What's with Mitt's body language? Strange stool-sitting style....
p1244
aV#debate Right? Huh?RT @maddow: Women need flexibility in the workplace because they're the ones who have to cook dinner?
p1245
aV#TeamObamaBiden #MittLies RT @summertomato: RT @drgrist: Is this a story about how hard it is to find qualified women?!
p1246
aV#debate #MittLies Can't buy his sales pitch!
p1247
aV#MittLies RT @DavidCornDC Romney's charge re 14 percent drop in oil production "half true."Fell because of hurricanes http://t.co/UaiDWxkx
p1248
aV#TeamObamaBiden RT @CharlesMBlow: The CNN voter meter ppl don't like Romney tonight. At all... #debate
p1249
aV#MittLies Bullying Crowley!
p1250
aV#TeamObamaBiden #debate Gloves off!
p1251
aV#MittLies RT @MoveOn: FACT: Washington Post: 4 Pinocchios for Romney\u2019s "12 Million" jobs plan: http://t.co/t26yYtID
p1252
aV#VPDebate #TeamObamaBiden  Seriously? Are voters that superficial, low-information? Fact-check! http://t.co/GO6bWAGZ
p1253
aV@CityFurnitureUS Actually it's coffee! Even better
p1254
aV#VPdebate amen RT @CharlesMBlow: That sound you here is liberals across America exhaling... #VPdebate
p1255
aV#LyinRyan Ryan slams the Recovery Act but asked for stimulus funds himself, including over $20 million for a Wisconsin energy company.
p1256
aVRyan- Romney is a car guy. Yeah with a dog strapped on the roof! #bunkum #VPdebate #WrongAgainRyan
p1257
aVRT @BarackObama: "Facts matter." \u2014Joe Biden #WrongAgainRyan
p1258
aV#VPdebate RT @billmaher: Republican point about Benghazi - what kind of clueless incompetent lets Al Qaida attack Americans on Sept 11?
p1259
aV#lyinryan #bunkum RT @thinkprogress: Ryan just criticized defense cuts he voted for http://t.co/uLq3mcfI
p1260
aV#lyinryan RT @thinkprogress: Ryan says it took the Obama administration weeks to call the Libya attack "terrorism."
p1261
aV#lyinryan RT @billmaher: Hello, under Bush: 3000 Americans killed by Al Quada on American soil; under Obama, 4 Americans killed in Libya.
p1262
aV@donnabrazile I say it's a non-issue, usual distractions and bunkum
p1263
aV#wwhl how about Vampessa?
p1264
aVRT @BarackObama: RT if you're on #TeamObama tonight.
p1265
aV#debate When you're in a mud fight it may be time to get some dirt on, fling back some mud. Just saying.
p1266
aV#debate RT @indecision: Obama shorter: no details in Paul Ryan's budget plan.. it's just a big question mark he xeroxed a bunch of times
p1267
aV#debate line of the night re Mitt: "IS THE REASON HE'S KEEPING ALL THESE PLANS SECRET BECAUSE THEY'RE TOO GOOD?" boom! #DebateWatch
p1268
aV#debate #debatesRT @Obama2012: POTUS on Obamacare: "The irony is that we\u2019ve seen this model work really well in Massachusetts." #Debate2012
p1269
aVRT @factcheckdotorg: Romney said Obama doubled deficits. But Obama inherited $1.2T deficit when he took office in FY2009, which ended wi ...
p1270
aV@andersoncooper Jim Lehrer isn't letting them debate
p1271
aV#debate Romney's "big bold idea is never mind"
p1272
aVRT @BarackObama: It\u2019s go time. RT if you\u2019ve got the President\u2019s back in tonight\u2019s debate: http://t.co/jDtb4Di5
p1273
aV@OfficialJLD Celebrations have ensued? Well you are the Veep...congrats and cheers to you
p1274
aV@RobinRoberts 'cannot control the wind but you can adjust your sails' wishes for health coming your way
p1275
aV@NorahODonnell You go girl! Asking the tough questions unlike @davidgregory
p1276
aVWhew! Happy @davidgregory not a moderator #2012debates so not #davidgregorytoughquestions
p1277
aV@RobinRoberts May this path to wellness be kind to you http://t.co/TrkPbyDw
p1278
aVRT @piersmorgan: Already the best speech of either convention. An oratorical genius right up there with Churchill, Kennedy, MLK &amp; Ma ...
p1279
aV@MarthaStewart Dynamic, real-time, expressive communication
p1280
aVRT @benkronberg: Humor is an alibi to intelligent people and a weapon to ignorant people.
p1281
aV@RobinRoberts My heart aches for you..sending love and support
p1282
aVRT @BarackObama: This seat's taken. http://t.co/tvHZDcfw, http://t.co/jgGZTb02
p1283
aV@JerrySeinfeld @urbn_dictionary Shatner texting......
p1284
aV@RobinRoberts All so imporant to nourish the soul too.  Have a joyous trip!
p1285
aV@LesterHoltNBC Not your fault Lester .....damn that mercury retrograde!
p1286
aV@RobinRoberts Peace &amp; love back to you &amp;hearts
p1287
aVRT @BarackObama: "Tonight, on the planet Mars, the United States of America made history."\u2014President Obama
p1288
aV@SethMacFarlane And NASA takes gold!
p1289
aV@MarthaStewart Happy Birthday Martha! You look fabulous
p1290
aV@andersoncooper time is irrelevant with loss we feel a void that never leaves we move onward but a part of us remains behind ~
p1291
aV@CharlesMBlow Thanks, Charles - well rounded piece both poignant and thought-provoking
p1292
aVRT @AnnCurry: The sky over Aurora, Colorado tonight as we report a national tragedy. http://t.co/2VI5ztez
p1293
aV#RIPJessica
p1294
aVCurrently experiencing a willpower outage.
p1295
aVRT @CharlesMBlow: So basically, in 1999 Romney changed his relationship status with Bain to "It's complicated."
p1296
aVRT @SenSanders: At a time when millions of Americans are unemployed, there is no reason why US Olympic uniforms are not being manufactur ...
p1297
aVRT @ihatequotes: The hardest thing in life is knowing which bridges to cross, and which bridges to burn.
p1298
aVRT @CharlesMBlow: There is a true you somewhere beneath the you that you show the world to protect yourself. Finding that person is the  ...
p1299
aVRT @MoveOn: RT if you stand with @BarackObama on ending tax cuts for the super-rich &amp; protecting middle-class Americans who make les ...
p1300
aVRT @billmaher: Is it treason to purposefully block any help for the economy so voters blame the president and turn to the other party? J ...
p1301
aV@TiffanyDouglas5 Happy Birthday!
p1302
aVRT @maddow: If you have Memorial Day off on Monday, read this before you leave for the weekend: http://t.co/dLL335ZA
p1303
aV@BeingLarryDavid Why is it when you run into a spider web, you suddenly turn into a ninja?
p1304
aVWhat do you get when you have a solar spill? A really nice day!
p1305
aVRT @CharlesMBlow: "I think the first duty of society is justice." \u2014 Alexander Hamilton
p1306
aV@jimmyfallon Spring is nature's way of saying, "Let's party!"\u000aRobin Williams
p1307
aVSpring is nature's way of saying, "Let's party!"~Robin Williams
p1308
aV@alecbaldwin "Sláinte!" Happy St Patrick's Day!
p1309
aV@TheDailyShow Dick Cheney cancels Toronto trip, says "Canada is too dangerous"
p1310
aV@maddow Dick Cheney cancels Toronto trip, says "Canada is too dangerous"
p1311
aV@billmaher Dick Cheney cancels Toronto trip, says "Canada is too dangerous"
p1312
aVRT @SenatorSanders: The wealthiest 400 people in America now own more wealth than the bottom 150 million Americans. #SOTU
p1313
aVRT @alecbaldwin: Etta James. Put down your magazine, kindle, e-mail, catalog or telephone. Turn off the TV and spend some time with this ...
p1314
aV@RicoA87 SNL w/Jimmy Fallon are you in the studio?
p1315
aV#outfront Martha Stewart did not serve time in "the pokey" for insider trading. Factually wrong.
p1316
aVRT @whitehouse: President Obama on Steve Jobs: "Bold enough to believe he could change the world & talented enough to do it" http://t.co ...
p1317
aVR.I.P. Steve Jobs. The king of coolness.
p1318
aV@mariashriver Heartfelt thoughts to you and your family. Your warm openness extends your loss to us, your twitter friends. Much love.
p1319
aVRT @mariashriver: I want to build this Architects of Change @Twitter community to one million strong by Labor Day. We're almost there! C ...
p1320
aV@MarthaStewart Hip? If constantly evolving, exploring new ventures that carry the brand values is hip I say yes you ARE hip!
p1321
aV@whitehouse @barackobama Happy Birthday Mr. President!
p1322
aV@MarthaStewart Happy Birthday Martha ~ all 'good things' to you today ~
p1323
aVRT @sethmeyers21: "Now is the time for belt tightening."  "But I already ate my belt."
p1324
aVRT @JoyVBehar: Just read that red wine can be as good for you as exercise.  Please, God, let it be true!
p1325
aV#AskObama Why is it taking so long for the US to put a national cellphone alert system in place? It shouldn't require a high-tech chip.
p1326
aV@Tatum_Oneal You managed to survive and keep moving. Your past neither defines or limits you.
p1327
aV@Tatum_Oneal You cannot control the wind but you can adjust your sails. Stay strong.
p1328
aV@AlecBaldwin Couldn't have said it better....bunkum!
p1329
aV"@mariashriver: Congrats to all who participated in @BestBuddies bike ride from Boston to Hyannis Port.." @MarthaStewart
p1330
aV@mariashriver  -you can't control the wind but you can adjust your sails
p1331
aV@SteveMartinToGo \u000aWhere all hats are going - the William-Kate wedding.
p1332
aVRT @jimmyfallon: GMA is not, but Microsoft is suing Chris Brown for violating their patent on crashing Windows. #FallonMono
p1333
aVLooking for vegetarian Thanksgiving recipes.
p1334
a.