(lp0
V@TeaPainUSA @BrianKempGA is a Yuuuuuuuge CHEATER! And he's going to lose. #StaceyAbrams4GAgov
p1
aV@rtraister #GoBetoGo!
p2
aV@realDonaldTrump @BrianKarem #ThanksObama!
p3
aV@DonaldJTrumpJr #ThanksObama!
p4
aV@JoyceWhiteVance There is no bottom.
p5
aVRT @MignonetteBooks: PLEASE RETWEET! This is the person in charge of elections for Dodge City, KS. She has moved the 1 voting place outside\u2026
p6
aV@tribelaw Yes! Yes! \U0001f4aftimes yes!
p7
aV@SethAbramson @SteveSchmidtSES Agree with you \U0001f4af%. When Steve is on TV, I stop whatever I'm doing and hang on his every word.
p8
aV@BetoORourke #GoBetoGo\u2757\u2757\u2757
p9
aV@gtconway3d Tell your wife.
p10
aV@AndrewGillum @realDonaldTrump Don't listen to the #FakePresident. Cheering you on from Illinois! #GillumForGovernor
p11
aVRT @justinjm1: America in the past decade has suffered the deadliest:\u000a- synagogue shooting\u000a- mass shooting\u000a- church shooting \u000a- nightclub s\u2026
p12
aV@RandyRainbow EXACTLY!
p13
aV@crampell Lock him up?
p14
aV@SpoxDHS #Liar
p15
aV@Amy_Siskind Thank you, @CNN https://t.co/hGjStAEFIj
p16
aV@DickDurbin I voted today!
p17
aV@staceyabrams I'm in Illinois and wrote postcards for you yesterday! #TurnGeorgiaBlue
p18
aV@perlmutations Truth
p19
aV@DickDurbin I will be voting on Monday!
p20
aV@Janet4OH These ads are brilliant. I really hope you win. He needs to go. Rooting for you from Illinois!
p21
aV@KremlinAnnex Done.
p22
aV@SiegelForTexas @maddow This was an eye opening report. Rooting for you from Illinois!
p23
aV@ryangrim @Lawrence I just watched three of his ads. Wow! #Ojeda
p24
aV@chrislhayes In Trump's America, yes.
p25
aV@tribelaw My alma mater. I have a son in school there now. Just asked him if it's too late to sign up. \U0001f644
p26
aV@etuckerAP Challenge accepted.
p27
aV@jacobsoboroff This is terrifying.
p28
aV@wthanyway @joanwalsh @Crthompson2010 Bart is a ffffffliar.
p29
aV@GovMikeHuckabee @taylorswift13 I'm 51, not 13 and I think Taylor Swift is brilliant!
p30
aV@DickDurbin Thank you for trying.
p31
aV@SenatorCollins Shame on you.
p32
aV@rolandscahill @TheRickWilson Or that it wasn't toilet paper on his shoe?
p33
aV@ananavarro Betcha he starts a  tweet storm about how "It wasn't toilet paper!"
p34
aV@AndrewLSeidel @MalcolmNance cc: @JeffFlake \u000a      @SenatorCollins \u000a      @lisamurkowski
p35
aV@TeaPainUSA So how is he better than Merrick Garland?
p36
aV@perlmutations Sadly, I agree with you.
p37
aV@KatyTurNBC, @sarafagen2 is awful and if I never see her again on one of your shows, it won't be soon enough.
p38
aV@MalcolmNance \U0001f4af%
p39
aV@DickDurbin You did a great job today. Proud to be one of your constituents.
p40
aV@JRubinBlogger DEFCON 5
p41
aV@chrislhayes Oh. My. God.
p42
aV@neeratanden https://t.co/pC72oSDhIm
p43
aV@JRubinBlogger The parallels between #Kavanaugh and the #FakePresident are frightening.
p44
aV@JRubinBlogger ..or the presidency.
p45
aVRT @SethAbramson: Texans could either have the coolest Senator in the Senate\u2014young, energetic, sharp as a tack, charismatic, and funny; a m\u2026
p46
aV@tedcruz #BetoForSenate #BetoForTexas #BetoForAmerica #Beto4Texas #Beto
p47
aV@neeratanden @BetoORourke Lordy, I really hope so.
p48
aV@TheRickWilson Hi Rick, I'm a little more than halfway through reading Everything Trump Touches Dies (and really en\u2026 https://t.co/V7fTD7D7W4
p49
aV@maggieNYT I choose that.
p50
aV@davidhogg111 #LoseCruz
p51
aV@TLinfesty Your avatar is THE BEST!!
p52
aV@JeffFlake #VoteNoOnKavanaugh
p53
aV@Acosta #IBelieveWoodard
p54
aV@ANNELAMOTT Yep!
p55
aV@chelseahandler Yep!
p56
aV@tonyschwartz I canceled my Amazon order--they told me it could take up to 3 weeks to ship-- and picked it up from\u2026 https://t.co/qkYLHDyD8i
p57
aV@tedlieu #ThanksObama
p58
aV@brhodes @DavidCornDC Looks like Obama may have to rescue us from Trump too!
p59
aV@jaketapper @KellyannePolls How about if Anonymous resigns, 45* resigns too.
p60
aV@BillKristol As a staunch Democrat, I'm totally supportive of you and others like @BenSasse staying and fixing the\u2026 https://t.co/EU1w2apwao
p61
aV@JoeSudbay @ANNELAMOTT @SenatorCollins https://t.co/hORDSULvVj
p62
aV@kenvogel @EliStokols @MickMulvaneyOMB @tedcruz And also because #BetoForTexas is the better candidate.
p63
aV@kylegriffin1 Also, #BetoForTexas #beto is AWESOME!!
p64
aV@BarackObama #ThanksObama
p65
aV@kylegriffin1 #ThanksObama
p66
aV@PressSec You are pathetic.
p67
aV@politico @davidfrum I believe @realBobWoodward
p68
aV@neeratanden @BetoORourke #BetoForTexas!!
p69
aV@realDonaldTrump #BetoForTexas!!!
p70
aV@JoyceWhiteVance Monsters.
p71
aV@twentyfourtoo OMG you are there!!!!
p72
aV@neeratanden I want to know what they've got on @RudyGiuliani. He seems mighty panicked.
p73
aV@tonyschwartz \U0001f91e
p74
aV@tedcruz You are small, pathetic, have no class and you will be voted out. Beto is everything you are not. But if s\u2026 https://t.co/KiCoXHjt8I
p75
aV@CharlesMBlow @BetoORourke \u2764 Beto!!
p76
aV@StevenTDennis https://t.co/mcAK3qimob
p77
aV@neeratanden https://t.co/mcAK3qimob
p78
aV@JRubinBlogger #PenceKnew
p79
aV@Janet4OH @maddow @Jim_Jordan Wish I could help vote him out. Rooting for you from Illinois!
p80
aV@davidmweissman @HillaryClinton × 3,000,000
p81
aV@realDonaldTrump You are ridiculous and illegitimate.
p82
aVHey @KatyTurNBC, You just made me sadder on @MeetThePress \U0001f622 #CurveballCancelled
p83
aV@KatyTurNBC My son and his friends were in the car on their way to Curveball when they got word of its cancellation. \U0001f622
p84
aV@Rob_Rogers @AAEC_Cartoonist It is pathetic and yet funny that he has to pay people and have them sign NDAs so they\u2026 https://t.co/i7J0uS66iZ
p85
aV@neeratanden @brad_mcnichols For sure, Old city is a must. Also, the food in Montréal is the best. Make sure to get bagels.
p86
aV@neeratanden One of my favorite cities! Daughter goes to college there. \U0001f1e8\U0001f1e6
p87
aV@brad_mcnichols @neeratanden Hike up Mont Royal.
p88
aV@kylegriffin1 @maddow did a fantastic segment on this last week.
p89
aV@Lawrence Your calm, cool, rational analyses are keeping me sane during this reign of terror.
p90
aV@TheRickWilson If the shoe fits..
p91
aV@PressSec Delete your job. #Liar
p92
aV@Acosta You are a class act. @seanhannity is an asshat. #Truth will prevail.
p93
aV@MalcolmNance "You want the truth? You can't handle the truth!"
p94
aV@jaketapper @DianneG @TheLeadCNN Unacceptable.
p95
aV@AdamParkhomenko I want to come and protest!!
p96
aV@neeratanden Love @BetoORourke !!
p97
aV@BetoORourke Cheering you on from Illinois! Go Beto!!!
p98
aV@maddow A-Block was mind blowing. I hope everyone is paying serious attention.
p99
aV@nelliebelle1197 @NicolleDWallace Me too. \U0001f351
p100
aV@NicolleDWallace Yes. Yes. and Yes.
p101
aV@DavidCornDC The protests will be epic.
p102
aV@RepSwalwell @realDonaldTrump @McFaul Why wait?
p103
aV@TheBeatWithAri @AriMelber #Wouldnt
p104
aV@DanaBashCNN It depends on what your definition of "is" is.
p105
aV@HoarseWisperer It depends on what your definition of "is" is.
p106
aV@SenBobCorker @Lawrence Switch parties and vote with the Democrats!
p107
aV@realDonaldTrump #TreasonSummit #TreasonousTrump
p108
aV@rmayemsinger NYC May 2017 https://t.co/vl4hUccgvc
p109
aV@JeffFlake @jaketapper How about you vote NO on the #IllegitimatePresident's SCOTUS pick.
p110
aV@SenWarren @SethAbramson @realDonaldTrump Agree with cancel the summit, but I'd be fine if he never returned to the US.
p111
aV@Janet4OH @ncec1948 Cheering you on from Illinois!
p112
aV@realDonaldTrump #FakeNews
p113
aV@realDonaldTrump #BeBest
p114
aV@JamesKosur My sign today at our town's rally: https://t.co/UQ7KQpQDF8
p115
aV@JRubinBlogger I HATE him. Hoping Ohio VOTES HIM OUT!
p116
aV@TeaPainUSA In the movie version...
p117
aV@TeaPainUSA That was @HillaryClinton and she was right.
p118
aV@PressSec @POTUS Take the hint. Time to resign.
p119
aV@GOPChairwoman @realDonaldTrump #Liar
p120
aV@GovMikeHuckabee Hey, @PressSec what is the @WhiteHouse position on this. Do you agree? #racist
p121
aV@jacobsoboroff @HHSGov If our government deported a parent without their child, they need to bring that parent back\u2026 https://t.co/LrNsUckeED
p122
aV@IvankaTrump @POTUS Are you kidding me? You are complicit in this and every bit as evil as your fake president fath\u2026 https://t.co/zlkK1DH1BX
p123
aV@MichaelAvenatti Tell the gate agent. @AmericanAir says no more transporting of migrant children on their planes.
p124
aV@maddow Don't be sorry. \U0001f494
p125
aV@SecNielsen RESIGN you lying, evil witch! SHAME on you!!
p126
aV@SecNielsen You are a disgusting #Liar. History will judge you harshly. You are pure evil. #RESIGN
p127
aV@AndrewFeinberg @younmt @AlohaTimAloha @Lawrence I was able to hear you ask your questions over the other reporters\u2026 https://t.co/0I5wHmWLiY
p128
aV@realDonaldTrump You are an egregious #Liar and everyone knows it.
p129
aV@chrislhayes Atrocity committed by our government.
p130
aV@funder @PressSec is vile. #BeBest
p131
aV@Jordanfabian @EliStokols @PressSec Let the gaslighting begin..
p132
aV@RBReich Of course, because our #FakePresident is a white supremacist and a racist.
p133
aV@markmobility @MalcolmNance Is this for real??? WTF!!!
p134
aV@leahmcelrath @MalcolmNance #TwoDictators
p135
aV@RVAwonk #TwoDictators
p136
aV@TheRickWilson Kudlow is off the rails
p137
aV@Eugene_Scott @jaketapper Pure evil.
p138
aV@JeffMerkley @MalcolmNance Please go back to the Walmart and take a group of other senators with you. Don't leave u\u2026 https://t.co/BzqN2Mg4n4
p139
aV@SenJeffMerkley @neeratanden @WhiteHouse Please go back to the Walmart and take a group of other senators with you.\u2026 https://t.co/5vL9zHHrl0
p140
aV@chrislhayes Sick to my stomach. We need many senators to go down there and demand entry.
p141
aV@kylegriffin1 Bring it on
p142
aV@Amy_Siskind Is he available now?
p143
aV@Amy_Siskind I can hear his voice when I read that tweet.
p144
aV@twentyfourtoo @realDonaldTrump @WhiteHouse @KimKardashian This is not The Onion?
p145
aV@BillKristol #IgnoreTrump
p146
aV@IvankaTrump #WhereAreTheChildren
p147
aV@MalcolmNance #LieGate
p148
aV@realDonaldTrump #liar #LiarInChief #FakePresident
p149
aV@PressSec You are a despicable person and a stain on all women.
p150
aV@funder @realDonaldTrump #FakePresident
p151
aV@BorowitzReport Just bought tickets to your Chicago show in September. Really hoping they'll be obsolete by then an\u2026 https://t.co/WSWrLUNrwk
p152
aV@SykesCharlie Not a chance. He will be tweeting during it trying to turn the attention to him. #Narcissist
p153
aV@NicolleDWallace @SteveSchmidtSES I \u2764 Steve!
p154
aV@Tom_Winter How do I get a contract like that.
p155
aV@EdKrassen @LouDobbs @mitchellvii @FoxNews @SethAbramson @renato_mariotti @lawfareblog @NatashaBertrand Opposition\u2026 https://t.co/QCSFNWIKF6
p156
aV@RobLowe Snow White is a real sore spot with you! She comes up a lot in your books, interviews and tweets. Don't worry, we forgive you. \U0001f60a
p157
aV@JRubinBlogger And sadly, he will get away with it and his falsified medical report too.
p158
aV@MichaelAvenatti Truth.
p159
aV@SethAbramson This, like every other outrage will go unchecked.
p160
aV@rolandscahill Only he's not joking when he calls Elizabeth Warren Pocahontas.
p161
aV@EdKrassen @MichaelAvenatti Captain Cool. \U0001f576
p162
aV@kaitlancollins @maggieNYT He's playing him.
p163
aV@TheRickWilson Everything Trump touches dies.
p164
aV@MichaelAvenatti Those who are critical of you are afraid of you. Keep it coming!
p165
aV@prominentplay @NatashaBertrand @NicolleDWallace Nah, I think he's just plain stupid.
p166
aV@realDonaldTrump *Haberman
p167
aV@NicolleDWallace *Haberman
p168
aV@TeaPainUSA I would like to sue him for emotional trauma.
p169
aV@JRubinBlogger Weird doesn't even scratch the surface.
p170
aV@AC360 @Jim_Jordan is a lying liar who lies. He is also a conspiracy theory nutjob. #VoteThemOut
p171
aV@krassenstein He's going to do it right before the ABC 20/20 Comey episode airs.
p172
aV@RWPUSA @HuffPostPol I think he'll massacre the DOJ Sunday evening to preempt ABC's 20/20 Comey interview.
p173
aV@TheBeatWithAri @PhilipRucker Deservedly so.
p174
aV@JoyAnnReid You are 100% correct.
p175
aV@chrislhayes How did you just tweet that? You are talking! But yes, he seems quite rattled.
p176
aV@chrislhayes I think I'm watching too much TV. I had a dream about work the other night and you were my boss.
p177
aV@saraecook @BrianKarem At least 30 seconds was focused on Hillary's emails.
p178
aV@tedlieu You crack me up.
p179
aV@Amy_Siskind I know, right????
p180
aV@RawStory @perlmutations I adore @SteveSchmidtSES. Anytime he is on TV, I stop what I'm doing and listen. One of th\u2026 https://t.co/eDUwL6vOX9
p181
aV@ddale8 Maybe he should schedule in some golf time to keep busy.
p182
aV@RWPUSA Go Richard!! \U0001f44f\U0001f44f\U0001f44f
p183
aV@cameron_kasky @Sarahchadwickk Perfect.
p184
aV@neeratanden and ignorance!
p185
aV@KatyTurNBC Just finished listening to the audiobook.  How you managed to stay sane and keep your sense of humor af\u2026 https://t.co/xy5Vg2p5zf
p186
aV@GOPChairwoman I do hate your president.. but I love my country a lot more than I hate your president. Go figure.
p187
aV@Morning_Joe @AnandWrites @jpodhoretz @Messina2012 I was one of the 18 million who watched Roseanne. I DESPISE Trum\u2026 https://t.co/mmfqJk9KXL
p188
aV@maddow @chrislhayes Everyone, no matter how respected and/or under the radar, who comes in contact with Trump gets\u2026 https://t.co/1tFouKNkq9
p189
aV@Sarahchadwickk @IngrahamAngle Is an evil woman. I hope no one treats her children the way she so viciously attacks others.
p190
aV@Lawrence @nytimes Truth.
p191
aV@DavidWright_CNN Cruz will lose. #BetoForTexas
p192
aV@Lawrence Santorum and other paid pundits like him are why I rarely watch CNN. Much happier watching MSNBC where th\u2026 https://t.co/GzyDX59Ptj
p193
aV@NicolleDWallace It's going to be a #StormySunday!
p194
aV@NicolleDWallace No, it's a nightmare that we are all stuck in for the foreseeable future.
p195
aV@eliz4142 @dog_rates @katynkm @DiabeticAlrtDog Oh, wow! Very cool!
p196
aV@tedcruz Worried much?
p197
aV@Evan_McMullin @PressSec makes me sick to my stomach. She has small children. Can't figure out how she looks them in the eyes. #Complicit
p198
aV@EdKrassen I've been saying this for months.
p199
aV@eliz4142 Horrible thought, but I don't think he can do that. I'm more concerned he will have Mueller fired and our\u2026 https://t.co/ygSkyFtAug
p200
aV@JoyAnnReid Maybe Kate McKinnon could be Education Secretary.
p201
aV@NicolleDWallace What a bunch of wimps.
p202
aV@ddale8 He seems a little panicked.
p203
aV@BetoORourke Cheering you on from Illinois!
p204
aV@Comey @PreetBharara Please tell it now. I'll promise to buy your book anyway if you take him down this weekend.
p205
aVWatching @NicolleDWallace on @DeadlineWH. @SteveSchmidtSES Please do not stop talking!!\u000a#SteveSchmidt \u000a#DeadlineWhiteHouse
p206
aV@PressSec @POTUS Nothing you say can be trusted.
p207
aV@ConorLambPA @PaulBegala Congrats from Illinois!
p208
aV@DavidCornDC @Isikoff @hardball Really looking forward to reading this book!
p209
aV@jhornburg01 @costareports Was not meant to be sarcastic. I have a lot of respect for Joe Biden.
p210
aV@costareports Biden would know. He's the epitome of dignity.
p211
aV@TeaPainUSA This is accurate. You are very wise.
p212
aV@funder Truth.
p213
aV@chrislhayes DPRK is playing Trump.
p214
aV@funder Can't wait until they do this to the White House.
p215
aV@chrislhayes You crack me up. \U0001f601
p216
aV@TeaPainUSA Good one!
p217
aV@NatashaBertrand @MalcolmNance What???
p218
aV@TheRickWilson Hillary got more votes\u000a#TriggerTrumpIn4Words
p219
aV@PreetBharara Trump is not rich \u000a#TriggerTrumpIn4Words
p220
aV@EdKrassen So much losing!
p221
aV@HillaryClinton We were driving behind this car today. Truth. \U0001f499 https://t.co/F7QhTwnhFU
p222
aV@al3xw1nd @Emma4Change @Lin_Manuel Me too!!!!! Lucky you! History has its eyes on you.
p223
aV@kylegriffin1 #DrainTheSwamp
p224
aV@sarahchad_ You are amazing! Don't let bullies like @IngrahamAngle try to silence you.
p225
aV@IngrahamAngle Bravo @sarahchad_ !!
p226
aV@ananavarro I guess he's all done attempting to fake empathy. #IHearYou
p227
aV@NicolleDWallace What a thoughtful, intelligent and articulate young man. He is a shining beacon of strength and ho\u2026 https://t.co/lQnZwaCw9z
p228
aV@cameron_kasky You are all amazing. Don't let these trolls get in your way.
p229
aV@SykesCharlie Junior is a huge asshole. What if it were his kid?
p230
aV@JoyAnnReid @foxandfriends @thedailybeast Spot on as usual, Joy!
p231
aV@JenniferJJacobs @maggieNYT Wow. What a sacrifice. Should we give him a \U0001f3c5or a \U0001f4a9.
p232
aV@maggieNYT Drive-by "comforting". Off to play golf now. What a douchebag. #FakePresident
p233
aV@JonLemire How long before he gets into a Twitter war with one of the parents. When they criticize him, how do you think he will take it.
p234
aV@SethAbramson I'm glad it wasn't just me who thought that press conference was revolting. Pam Bondi's tone deafness\u2026 https://t.co/HjMwhSYw7j
p235
aV@Lawrence I change the channel whenever Jack Kingston and his ilk are on the air. Cannot stomach watching those lying suckups.
p236
aV@SenSchumer @realDonaldTrump #PeePeeTape
p237
aV@realDonaldTrump Thanks, Obama! #ThanksObama
p238
aV@brianefallon ..and that it's broadcast on every channel and streamed live.
p239
aVProud to have you as my senator, @DickDurbin.
p240
aV@MaddowBlog Very well said, @CoryBooker. Shame on you, @SecNielsen!
p241
aV@Lawrence I'm glad you said "shithole" on @TheLastWord tonight. More impactful than bleeping it.
p242
aV@Lawrence Phil Mudd just said "shithole" on @CNN about 20 times in one segment. \U0001f628
p243
aV@neeratanden The sky is blue. Water is wet.
p244
aV@realDonaldTrump #ThanksObama !
p245
aV@SenFeinstein you are a stud. Truly a #WonderWoman
p246
aV@kylegriffin1 Zero self awareness. ZERO.
p247
aV@JRubinBlogger So very true.
p248
aV@SenateMajLdr #MerrickGarland
p249
aV@TheRickWilson on CNN just now, "Ivanka is more likely to be driving the family Volvo out to Danbury to visit Jared\u2026 https://t.co/GZ6syYbaMK
p250
aV@SallyQYates Serious question: Will the adults in the room do anything about it or will this continue to snowball u\u2026 https://t.co/BpLTYTV8in
p251
aV@tom110584 @RobLowe Yes!!!!
p252
aVRT @JenDefebaugh: @JoyAnnReid Meanwhile, The USPS employees are working hard this week, not golfing.  We take our government jobs more seri\u2026
p253
aV@SteveKornacki @hardball Don't forget #Hamilton is overrated! \U0001f609
p254
aVRT @MuslimIQ: I\u2019m a Muslim student in America.\u000a\u000aTwitter: Retweet if you want me to stay and 100% of racists to leave. https://t.co/QRAD4Awy\u2026
p255
aV@chrislhayes Was actually wondering about that! \U0001f601
p256
aVRT @krassenstein: I PROMISE that if President Trump finds a way to fire Special Counsel Robert Mueller, I will peacefully protest in a publ\u2026
p257
aV@JoyAnnReid Are you sure it isn't the Haunted Mansion?
p258
aV@davidfrum @JRubinBlogger Interesting article. I applaud @JRubinBlogger for her bluntness and her tenacity and hope\u2026 https://t.co/3k1lQZg5H1
p259
aVShame on you @SenatorCollins for your Yes vote on The #TaxScam. I had faith in you to do the right thing. Guess I was wrong. #disappointed
p260
aV@broadwaychicago @RobLowe Got my tickets! Loved the book. Cannot wait! \u2764
p261
aV@krassenstein How is this legal?
p262
aV@GDouglasJones Way to go!!!! Cheering in Chicago! \U0001f389
p263
aV@morningmika @RepCummings I'm okay with it staying up. That way everyone can see what a disgusting pig he is.
p264
aV@robreiner DT will lie anyway. He has zero regard for the truth, has no shame and fears no consequences.
p265
aV@SenatorCollins Please vote NO!
p266
aV@JRubinBlogger She is hideous. Not sure how she looks her children in the eyes at night when she tucks them in. History has its eyes on her.
p267
aV@ananavarro How were you able to keep your cool on @CNN this afternoon while @AndreBauerSC  was spewing his nonsens\u2026 https://t.co/hJYVXEZGvh
p268
aV@davidfrum @PressSec She sickens me almost as much as he does.
p269
aV@kylegriffin1 It's because @realDonaldTrump is a RACIST.
p270
aV@MiltShook @MalcolmNance Thanks, Obama! #ThanksObama
p271
aV@davidfrum There is something seriously wrong with him.
p272
aV@CrashSheridan @tonyschwartz Part of me agrees with you, but I'm trying hard to stay away from the dark side.
p273
aV@tonyschwartz I hope you're right. It seems like it's taking forever. I have to think that Mueller is just being ve\u2026 https://t.co/7Q8ZsReOqW
p274
aV@eliz4142 I hope CNN replays this segment on an endless loop all weekend long.
p275
aV@ddale8 Disgusting. She needs to go too.
p276
aV@JRubinBlogger I adore your columns. You are very wise and in a strange way comforting. \u2764
p277
aV@kylegriffin1 #moron
p278
aV@PreetBharara #NotMyPresident #ITMFA
p279
aV@JRubinBlogger @AaronBlake @SpeakerRyan You broke it, you bought it!
p280
aV@SpeakerRyan How about some common sense gun laws? Wouldn't that be more helpful? #DoSomething
p281
aV@Acosta What a #moron
p282
aV@tribelaw Trump got outTrumped by this guy! Hard to tell who is the bigger idiot!
p283
aV@davidfrum If you're ever in Chicago!! \U0001f601
p284
aV@alexburnsNYT @maggieNYT Always!
p285
aV@eliz4142 Too busy covering cheeseburger emoji scandal!
p286
aV@JoyAnnReid @Lawrence You are the best, Joy!
p287
aV@Lawrence @JoyAnnReid \u2764 @JoyAnnReid!
p288
aV@billmaher If only, but I'm predicting it will be Flynn. #LockHimUp #MuellerMonday
p289
aV@MMFlint Heard your show was AWESOME! Wish I could have seen it. Can't wait til DT's sloppy TOTAL BOMB sham of a presidency is OVER!
p290
aV@guardian @maggieNYT #theyarenotlying
p291
aV@eliz4142 #theyarentlying
p292
aVRT @eliz4142: #theyarentlying https://t.co/5m9RM2Qav6
p293
aV@JenniferJJacobs @EliStokols #alternativefacts
p294
aV@kylegriffin1 @TheLastWord He has such dignity and class.
p295
aV@tribelaw I wish she would just go away. She is a liar with zero integrity. As a parent, I cannot fathom how she ca\u2026 https://t.co/sdjayBMF87
p296
aV@PressSec Donate to the DNC.
p297
aV@ChrisEvans @MalcolmNance And tweets about every 10 minutes. Doesn't leave much time for presidenting..
p298
aV@JRubinBlogger Nailed it.
p299
aV@alexkotch Ironic.
p300
aV@DavidCornDC Someone missed their shift.
p301
aV@Fahrenthold Curious why was he offering them money at all?? Seems inappropriate.
p302
aV@JRubinBlogger After reading this I feel like screaming at the top of my lungs and pulling my hair out. It's beyond\u2026 https://t.co/2IcqG2rUHy
p303
aV@PaulBegala Loved this article. Says it all.
p304
aV@BFriedmanDC Thank you for sharing this insight and thank you for your service.
p305
aV@TheRickWilson Every day, Rick. I feel like that every. single. day.
p306
aVRT @tribelaw: This healthcare deal does look promising. Now watch @realDonaldTrump take credit for it. RT if you agree he\u2019ll do just that.\u2026
p307
aVRT @NeverTrumpTexan: When the remains of 4 soldiers ambushed in Benghazi returned home, both Obama and Clinton were there.\u000a\u000aWhen the remain\u2026
p308
aVRT @DeliliaOMalley: .@realDonaldTrump When my brother was killed, Pres Bush listened while I screamed at him &amp; then held me as I sobbed, yo\u2026
p309
aV@JRubinBlogger @thehill One lie among many he stated today.
p310
aVRT @twentyfourtoo: @robreiner So you work in Hollywood-how come there is swift action taken about what Harvey did (which is basically the s\u2026
p311
aV@davidfrum How does @PressSec look her children in the eye.
p312
aV@EliStokols ..says Baghdad Bob.
p313
aV@PaulBegala 1. He doesn't care. 2. He'd have to feign empathy. 3. It reflects badly on his administration. 4. If he\u2026 https://t.co/WxoJL5TxY0
p314
aV@kylegriffin1 Projection
p315
aV@lisaling @CNNOriginals This episode was heartbreaking on so many levels.
p316
aVRT @SethAbramson: Hannity is DANGEROUS\u2014he pretends to be in media while acting as a Trump adviser and surrogate. RETWEET if you agree. http\u2026
p317
aVRT @DavidCornDC: Today would be a good day for @realDonaldTrump to release his tax returns.
p318
aV@davidfrum \u2714\u2714\u2714\u2714\u2714\u2714\u2714\u2714\u2714\u2714\u2714\u2714
p319
aV@davidfrum #25thAmendment #25thAmendmentNow #ImpeachTrump #ImpeachTrumpNow
p320
aV#25thAmendment
p321
aV@chrislhayes Funny you say that. I remember saying last year I'd happily cede Cubs World Series win in exchange for\u2026 https://t.co/P27mCEytbZ
p322
aV@Evan_McMullin @realDonaldTrump This is both horrifying and humiliating at the same time.
p323
aV@IvankaTrump @realDonaldTrump #thanksobama
p324
aV@TeaPainUSA You can get 2! AMEN and AMEN!
p325
aV@MariaTCardona Saw you on CNN a short while ago giving a strong voice to what many of us are thinking and feeling. Thank You! #ImpeachTrump
p326
aV@yashar @DavidJollyFL I was hoping never to hear her speak again. That's why I turned off CNN so often during the e\u2026 https://t.co/iNMozSQbUb
p327
aVRT @SenBobCorker: It's a shame the White House has become an adult day care center. Someone obviously missed their shift this morning.
p328
aV@SenBobCorker @SykesCharlie Pleeease do something!! You have the power to  help get rid of him! #ImpeachTrump
p329
aV@RepAdamSchiff #FakePresident
p330
aV@robreiner #impeach the #moron!
p331
aV@ananavarro @PaulBegala #Impeach the #moron
p332
aV@TeaPainUSA He will come out and deny everything and say he and the POTUS have a wonderful relationship.
p333
aV@davidfrum He is a disgrace and needs to be removed from office NOW!
p334
aV@GeorgeTakei #ITMFA
p335
aV@tribelaw @HillaryClinton I \u2764 @HillaryClinton. Wish she were POTUS.
p336
aV@SethAbramson Speechless and disgusted. He needs to be removed from office NOW!
p337
aV@BrianKarem Please, someone give him the hook. Enough already! Impeach this MF!
p338
aVRT @JamilahLemieux: Now that we\u2019ve established that the alleged gunman was white and non-Muslim, here\u2019s a forecast for the week to come:
p339
aV@SethAbramson Calling this "tone deaf" is an understatement.
p340
aVRT @SethAbramson: BREAKING: Trump tweets out muzak-scored government propaganda video falsely portraying the Administration's response to M\u2026
p341
aV@morningmika There is no way in hell he wrote this tweet. Was clearly done by a staff member trying to save face which is impossible anyway.
p342
aV@twentyfourtoo @ananavarro @SpeakerRyan @SenateMajLdr @VP Yes! Why do they stay silent and allow this horror show to continue? PURE EVIL!
p343
aVRT @JasonKander: The Mayor of San Juan is wading through sewage, searching for people with a bullhorn while @realDonaldTrump insults her on\u2026
p344
aV@eliz4142 He is a disgusting, disgracedul pig. #ITMFA #impeachTrumpnow #Impeach #ImpeachTrump
p345
aV@billmaher So my question is if you've got this all figured out-- and you make it look so obvious-- then what's tak\u2026 https://t.co/PmxLbQSg7G
p346
aV@DavidJollyFL Anyone want to take a bet on how many days before Trump starts attacking on Mayor Cruz on Twitter?
p347
aV@chrislhayes Why didn't you just charter a jet instead of taking the Subway?
p348
aV@chrislhayes Are showing Puerto Rico coverage on Fox?
p349
aV@chrislhayes He's a douche.
p350
aV@SenatorCollins Thank you for making the humane choice to vote #GrahamCassidyNO.
p351
aV@BrianKarem @SHSanders45 she makes me want to toss my covfefe.
p352
aV@DavidJollyFL For the record, I cannot stand @SHSanders45.
p353
aVRT @SethAbramson: (THREAD) This is a thread about Donald Trump. If what it says conforms with how you feel, I hope you'll consider sharing\u2026
p354
aV@kylenabecker Who are you to say I'm not a true American. I can protest anything I want including the national anthem. #TakeTheKnee
p355
aVRT @MalcolmNance: Brilliant thread! https://t.co/mNPNGDnT97
p356
aVRT @tribelaw: It's not up to you @BenSasse or any official to dictate the gesture someone finds best to voice his or her protest. You once\u2026
p357
aVRT @KingJames: U bum @StephenCurry30 already said he ain't going! So therefore ain't no invite. Going to White House was a great honor unti\u2026
p358
aV@goldengateblond @TheRickWilson @johncusack
p359
aV@MalcolmNance I'm halfway through The Plot to Hack America. Chilling and brilliant. How often do you find yourself saying "told you so."??
p360
aVRT @jimmykimmel: My response to @BillCassidy @LindseyGrahamSC @ChrisChristie #HealthCare #GrahamCassidy\u000ahttps://t.co/NHmAEP5FTN
p361
aV@DavidCornDC You've got to be kidding me. She actually said that with a straight face. Policy bankruptcy indeed.
p362
aV@PennyTiffy @tedlieu I wish he'd hurry up!
p363
aV@tedlieu Trump has the best people.
p364
aV@Fahrenthold @achillesintl Sooo, holding a charity event to support people w/disabilities at venue owned by a man w\u2026 https://t.co/EpOBgFl6Ia
p365
aV@achillesintl You insist on holding your charity event at a venue owned by a man who openly mocked a man with disabilities. SMH.
p366
aV@davidfrum Disgusted @TheEmmys invited @seanspicer. Glad I didn't tune in this year.
p367
aV@RVAwonk @tribelaw I heard it will be a closed hearing. Will be a miracle if he cooperates. He's probably counting\u2026 https://t.co/BbEMeZ8Ee1
p368
aV@Fahrenthold No way what I participate in any event with his name on it. Good call.
p369
aV@chrislhayes That is perfect.
p370
aV@chrislhayes If only...
p371
aV@eorlins I am a Jewish woman and an IT Professional and I am calling Trump a White Supremacist.\u000a\u000aAnyone else?
p372
aVRT @eorlins: I am a Jewish woman and a public defender and I am calling Trump a White Supremacist.\u000a\u000aAnyone else? https://t.co/5vSzmR1chb
p373
aV@Amy_Siskind Breaks my heart. \U0001f494
p374
aV@JoyAnnReid @HillaryClinton My heart hurts. \U0001f622
p375
aV@tonyschwartz I wish this were over already. Hurry up, Mueller!
p376
aV@tribelaw \U0001f44f\U0001f44f\U0001f44f
p377
aV@JoyAnnReid @SHSanders45 Yes, I'm interested in hearing her answer as well.
p378
aV@DavidCornDC If you have figured all this out, is it safe to assume Bob Mueller has too? #MuellerIsComing #MuellerTime
p379
aV@BrianKarem @NatashaBertrand Can't stand her. She peddles falsehoods and alternative facts. I'd like to see her und\u2026 https://t.co/aqPFxzy3fQ
p380
aV@eliz4142 @TheRickWilson Rick is so eloquent in his takedown, it's almost enjoyable to read about what a disgusting P.O.t.u.S. 45 is.
p381
aV@BrianKarem You and your colleagues are heroes. He is a P.O.S. #ITMFA
p382
aV@ananavarro Unfortunately, he will never pass up the opportunity to inflict cruelty or rile up his deplorable base.
p383
aV@perlmutations @MalcolmNance While you're at it, please remove Pence too.
p384
aV@RuthMarcus He makes me sick.
p385
aV@SarahKSilverman He is such a moron.
p386
aV@JoyAnnReid @MalcolmNance @RealSheriffJoe racist racist racist racist racist racist racist racist racist racist rac\u2026 https://t.co/yelx2rw5FG
p387
aV@SethAbramson ..anything a coherent, rational, competent, empathetic, intelligent, thoughtful or sane human being w\u2026 https://t.co/UJ1sWCddgq
p388
aV@tonyschwartz Hoping very much that you are right.
p389
aVRT @Stonekettle: If you're sitting on a roof in Texas right now, please take comfort in knowing your president won Missouri. By a lot. http\u2026
p390
aV@eliz4142 @ananavarro Me too!
p391
aV@ananavarro 8) didn't mention Jews on Holocaust Remembrance Day...
p392
aVRT @SethAbramson: Trump is unwell, unfit, bigoted, dishonest, corrupt, disloyal, and *dangerously* ignorant\u2014he MUST resign. RETWEET if you\u2026
p393
aV@PhilipRucker How can you be so gullible. You know that was scripted and not by him. He read the words, he didn't speak them.
p394
aV@tonyschwartz Holy moly!  I almost spit out my Covfefe!  \U0001f924\U0001f924\U0001f924
p395
aV@jaketapper @davidfrum Ten bucks he's rage tweeting her over the weekend. "I didn't try to call her during the fune\u2026 https://t.co/bO331NYbob
p396
aV@johncusack New follower of yours, but old fan of your acting. Admire your passion. Thank you for your voice. Hope\u2026 https://t.co/WxZ4tapb0X
p397
aVRT @DemWrite: Gore's done it. \U0001f44f\U0001f3fd\u000a\u000aRT in support of a joint call for Trump's resignation from all fmr Presidents &amp; VPs. It's time. https://t\u2026
p398
aV@HillaryClinton Wish you were POTUS! \u2764
p399
aV@tedlieu @realDonaldTrump ..and the investigation into Russian collusion.
p400
aV@eliz4142 @FlagmasterUSA @MelanieHanig I'm guessing he's whacked out on drugs in addition to being a psychopath.
p401
aV@SteveSchmidtSES ..and that is why Pence would be an unacceptable replacement for 45 once he is removed from office.
p402
aVRT @SethAbramson: Tonight we need to hear from REPUBLICAN LEADERS who are willing to PUBLICLY ABANDON their support of Trump. Please SHARE\u2026
p403
aV@ananavarro @donlemon How you didn't crawl through the screen and incinerate Jan Brewer on the spot showed enormous restraint.\U0001f525 She is VILE!
p404
aVRT @TheRaDR: I'm a rabbi. \u000aI believe words have power. \u000aI try to choose mine carefully. \u000a\u000aFuck you, Trump.
p405
aV@sivavaid @PaulBegala @TerryMcAuliffe This is great, but you all know we'll never get any type of leadership, from THIS POTUS . #Impeach
p406
aV@SpeakerRyan Until you call him out by name, you are COMPLICIT.
p407
aV@SpeakerRyan Then do something about the bigot that is occupying the White House. #ImpeachTrump #ITMFA #impeach
p408
aV@tribelaw @JRubinBlogger There is no acceptable scenario where Pence is president. He's complicit. Not to mention a\u2026 https://t.co/UCqA6gmyUq
p409
aV@mikememoli @ddale8 @POTUS @Acosta #FakePresident
p410
aV@MaxBoot Spot on.
p411
aVRT @Impeach_D_Trump: White nationalist, Peter Cvjetanovic is upset that this photo of him has gone viral. So please dont retweet this tweet\u2026
p412
aV@TheRickWilson @SykesCharlie Like forcing a child to say "I'm sorry" after he pushes someone on the playground. It's meaningless.
p413
aV@ananavarro Like forcing a child to say "I'm sorry" after he pushes someone on the playground. It's meaningless.
p414
aV@DavidCornDC Like forcing a child to say "I'm sorry" after he pushes someone on the playground. It's meaningless.
p415
aV@Lawrence Like forcing a child to say "I'm sorry" after he pushes someone on the playground. It's meaningless.
p416
aV@DavidCornDC It's a step backwards.
p417
aV@SteveSchmidtSES I think we already know how that will turn out. Kelly has zero control. Nada. Nyet.
p418
aV@morningmika #ITMFA
p419
aV@realDonaldTrump You are pathetic. #PATHETIC
p420
aV@marcorubio @POTUS That will never happen and you know it.
p421
aV@twentyfourtoo Well said!!
p422
aV@brianefallon @Lawrence ..but her emails.
p423
aV@Evan_McMullin  This is truly frightening.
p424
aV@tribelaw Me too.
p425
aVThank goodness for @Lawrence and @TheLastWord . You help me to sleep at night. \U0001f31b
p426
aV@JohnJHarwood @chrislhayes Great. Then it should be that much easier to start the impeachment process.
p427
aV@SenatorCollins Thank you!
p428
aV@SenJohnMcCain Thank you!
p429
aV@lisamurkowski Thank you!
p430
aV@JoyAnnReid Ya think??? \U0001f923\U0001f923\U0001f603
p431
aV@Lawrence @MSNBC That was just... AWESOME! Hoping Joe Pesci comes through for you.
p432
aV@yashar @SykesCharlie Awesome!
p433
aV@GeorgeTakei High Class Worries.. My diamonds are too small.
p434
aV@AnnCoulter Oh please. As my dad used to say, "High-Class Worries". Get a clue!
p435
aV@ananavarro @TIME I wonder if we'll be seeing that cover hanging in any Trump resorts. #ITMFA
p436
aV@chrislhayes #ITMFA
p437
aV@robreiner #ITMFA
p438
aVRT @funder: RT if u agree time to invoke the #25thAmendmentNOW
p439
aV#25thAmendmentNow #25thAmendment
p440
aV@Patterico @JoyAnnReid Ice cream sandwiches à la Michael Scott.
p441
aV@JoyAnnReid @BrianKarem Me too!
p442
aV@BrianKarem Way to go today in that press briefing! Wish more journalists would do what you did. \U0001f44d
p443
aV@Mediaite @PaulBegala Completely astounding and unbelievable. Especially when you see the "montage" of "I never ask\u2026 https://t.co/59p4uDI8lz
p444
aV@kasie @BraddJaffy Had to leave a voicemail, but made the call.
p445
aV@chrislhayes He wouldn't think twice about it.
p446
aVRT @tribelaw: Can deliberately defaming &amp; damaging our institutions of law enforcement constitute the high crime of abuse of power? RT if y\u2026
p447
aV@ananavarro You are a goddess.
p448
aV@ananavarro Ana, if you ever decide to leave your career in politics, you should consider comedy. Your deadpan humor is awesome. \U0001f604
p449
aV@Fahrenthold @EricTrump @Forbes Bravo, David.  Please continue..
p450
aV@davidfrum Unreal that this hollow, cruel, heartless, ignorant, incompetent shell of a human being was elected to lead our country. SAD.
p451
aV@tribelaw ..and none of it matters as long as Ryan and McConnell don't do anything to stop it.
p452
aV@RepAdamSchiff PLEASE run for president in 2020..assuming we still have a country.
p453
aV@comcastcares Just DMed you my acct #. Ordered 2 digital boxes out of 5. Tech didn't have them &amp; wouldn't wait for\u2026 https://t.co/wGnmd6ZGHZ
p454
aV@Acosta @Fahrenthold Such a liar.
p455
aV@amjoyshow @MalcolmNance So why doesn't he? I just don't get it.
p456
aV@comcastcares Ordered Triple Play. Planned whole day around install. Tech came w/o proper equip't and left. Waste of time. Sticking w/AT&amp;T.
p457
aV@maddow feel better and please take care of yourself? America needs you!
p458
aV@davidfrum ..in coach right across from the lavatory.
p459
aV@DavidCornDC He misspelled it a different way last time LOL. Good catch.
p460
aV@JoyAnnReid Did he also talk about his Electoral College win?
p461
aV@Lawrence I will watch you wherever you go. If @MSNBC lets you leave, it will be their loss.
p462
aV@MSNBC PLEASE keep @Lawrence and @TheLastWord on!!! Appointment TV in my house!! #SaveLawrenceODonnell
p463
aV@robreiner Yes.
p464
aV@davidfrum @davidfrum and @Lawrence who/how can I contact at MSNBC to voice my opinion?  @TheLastWord MUST continue\u2026 https://t.co/0f1oWjSOZX
p465
aV@michaelpfreeman @SykesCharlie A smarter man would spell 'counsel' correctly.
p466
aV@JoyAnnReid OMG he's got the aptitude of a first grader!!
p467
aV@BraddJaffy Oh goody.
p468
aV@DavidCornDC Thank you for always being the voice of reason.
p469
aV@PaulBegala THANK YOU!
p470
aVRT @funder: Retweet if you'd vote for @HillaryClinton if the election were held today\u000a\u000a#trumprussia #russiagate #resist #trumpleaks #theres\u2026
p471
aV@MaxineWaters If we don't get rid of him soon, he will destroy this country.
p472
aV@MaddowBlog This is beyond frustrating.
p473
aV@maddow, I hope I'm not the only one listening to you tonight. OMG, FBI, CIA, DOJ, citizens, press I hope you are PAYING ATTENTION!!!
p474
aV@BraddJaffy Ummm. I guess gas chambers don't count as chemical weapons? This can't be real.
p475
aVRT @Lawrence: Hey @OReillyFactor please sue me too because I believe Wendy Walsh. Retweet if you agree. https://t.co/XstM4serHd
p476
aV@robreiner I really hope you are right. Cannot happen fast enough.
p477
aV@DavidCornDC Why does CNN put her on TV? She's an insult to journalism.
p478
aV@TeaPainUSA Trey Gowdy is THE Worst!!!!!!!!
p479
aV@DavidCornDC You are on fire tonight! \U0001f525\U0001f525\U0001f525Keep it coming!
p480
aV@robreiner So much winning. I can hardly stand all the winning.
p481
aV@paulkrugman ..and that is has the name 'Obama' in it.
p482
aV@carlreiner @Lawrence O'Donnell!!
p483
aV@jaketapper Holy Batshit Crazy! He's as unhinged as *45. Bring it on. Please let this nut job testify!
p484
aV@ericgarland @TIME I'm speechless. THIS is our POTUS???  Utter nonsense.
p485
aV@robreiner Reeeeally hoping you are right.
p486
aVRT @Lawrence: Retweet if you agree ... https://t.co/rLQ08pChPq
p487
aV@Lawrence 110% agree!
p488
aV@TeaPainUSA Please tell me he didn't really say that, although it sounds like something that would come out of his piehole.
p489
aVRT @mattwhouse: Schumer: It is unseemly to be moving forward on #SCOTUS nominee with cloud of FBI investigation hanging over @POTUS\u000a\u000aRT if\u2026
p490
aV@peterdaou Leader indeed. Was impressed with @RepAdamSchiff ever since Benghazi witch hunt. Voice of reason, unflappable. Antithesis of *45.
p491
aV@DavidCornDC I may throw up.
p492
aV@JoyAnnReid What about the "big fat cloud" *45 has put over our country and how those around the world view us? #embarrassment
p493
aV@BraddJaffy Watching the whole exchange makes me feel uncomfortable and embarrassed. Ugh.
p494
aV@PaulBegala @Bakari_Sellers Me three.
p495
aV@robreiner Unreal. And the uncomfortable look on Angela Merkel's face! So embarrassing.
p496
aV@JoyAnnReid We can trust that ANYTHING that is said by him is a LIE.
p497
aV@Lawrence "High school math is much harder than Twitter and they give you four years to master that."
p498
aV@DavidCornDC..and #45 will suffer zero repercussions.
p499
aV@McDonaldsCorp You had it right the first time.
p500
aV@JoyAnnReid Yeah, cuz that's a GOOD idea. \U0001f628
p501
aV@BraddJaffy @davidfrum SNL or reality?
p502
aV@JamesFallows @chrislhayes This makes the hair on my arms stand up. Terrifying.
p503
aVRT @amjoyshow: .@MALCOLMNANCE accuses #Trump administration of not putting the country first. RETWEET TO AGREE #AMJoy https://t.co/Dkhrd3Qx\u2026
p504
aV@JoyAnnReid I'm amazed that you manage to stay sane and not tear out all your hair on a daily basis. Thank you for your top-notch reporting.
p505
aV@RVAwonk @PreetBharara So what happens to the investigations now that @PreetBharara was fired?
p506
aV@paulkrugman @lifehacker Thank you!
p507
aV@amjoyshow @JoyAnnReid @MalcolmNance I'm starting to think that @MalcolmNance is single-handedly going to take down #45 and save the world.
p508
aV@amjoyshow @JoyAnnReid @MalcolmNance @MSNBC  of course not.
p509
aV@ananavarro you crack me up! \U0001f601 and you are 100% correct.
p510
aV@MaddowBlog @MSNBC Woodward, Bernstein &amp; Maddow. Thank you for your awesome reporting.
p511
aV@peterdaou @CNN I change the channel when he's on.
p512
aV@peterdaou OMG he is disgusting.
p513
aV@smerconish Re Sat AM tweetstorm: Pundits giving POTUS way too much credit. There is NO strategy, NO plan. Not crazy like a fox. Just CRAZY!
p514
aV@RepAdamSchiff EXACTLY what I keep saying. NOT strategy. Pundits giving him way too much credit. Not crazy like a fox. Just CRAZY!
p515
aV@SpeakerRyan What do you think of POTUS Twitter rant this morning?
p516
aV@chrislhayes bat shit crazy
p517
aV@Shakestweetz @peterdaou Another spelling error as well "tapp" \U0001f601
p518
aV@MaddowBlog @maddow Quite simply put, tonight's show is mind blowing. Excellent reporting!
p519
aV@DavidCornDC Disturbing on many levels. Hyperbole aside, the I-know-you-are-but-what-am-I just reinforces fact that bratty toddler is POTUS.
p520
aV@SimonMaloy @chrislhayes Not sure of I should laugh hysterically at this or start stocking up on canned goods.
p521
aVRT @HillaryClinton: JCC threats, cemetery desecration &amp; online attacks are so troubling &amp; they need to be stopped. Everyone must speak out,\u2026
p522
aV@HillaryClinton Wish you were POTUS. \U0001f499
p523
aVDon't hold your breath @ChelseaClinton, but please keep calling him out. Your voice is important and you are terrific. \U0001f60a
p524
aVRT @DickDurbin: RT if you agree: We need an independent commission to investigate the Trump camp's connection to Russia.
p525
aV@ananavarro when Kayleigh/Jeffrey are on, I have to change the channel. YOU, I look forward to. Lifelong democrat who respects your opinion.
p526
aV@SenDuckworth All business must cease til special committee appointed on Trump &amp; Russians!
p527
aV@SenatorDurbin All business must cease til special committee appointed on Trump &amp; Russians!
p528
aV@SenatorDurbin Please make it happen. I am one of your constituents. #ImpeachTrump
p529
aVRT @amjoyshow: .@MALCOLMNANCE: #Flynn should as a man of honor step aside until this matter is resolved. RETWEET TO AGREE #AMJoy https://t.\u2026
p530
aV@CharlesMBlow @nytimes the Emperor has no clothes.
p531
aVRT @SenSchumer: This letter caused the GOP to silence @SenWarren tonight. Rt if you think they should #LetLizSpeak https://t.co/YSdugxE6Kr
p532
aVRT @JoyAnnReid: Game on. https://t.co/qF0TYfwq5p
p533
aV@JoyAnnReid I'm in exact same situation and was thinking same thing. Still sad for the rest of the families in our country.
p534
aVRT @brianschatz: Hey. Do me a favor and RT if you are not a paid protester? https://t.co/k9VkMPXcMH
p535
aVRT @ananavarro: 1st time @HamiltonMusical. Even w/o @Lin_Manuel, it's only show that when u tell ppl you're going, they congratulate u. Lik\u2026
p536
a.