(lp0
V@BrianLWilcox @JeffFartenberry @JeffFortenberry Yah same here (though it\u2019s been a long time since I\u2019ve lived in NE)\u2026 https://t.co/ZVYNcR1t4v
p1
aV@westratenick @publicservicebroadcasting. Listen to The Race For Space - one@of the best albums of the past 5 years
p2
aV@BrianLWilcox @JeffFartenberry @JeffFortenberry I\u2019m blown away not one person in Fartenberry\u2019s office understands s\u2026 https://t.co/ta1Kkllmmg
p3
aVRT @BrianLWilcox: Congratulations, @JeffFortenberry! It's impossible to buy this much bad publicity. As a former Nebraskan and UNL faculty\u2026
p4
aV@MickPuck No Kate Bush????
p5
aV@JeffFartenberry How about The Fart \U0001f4a8 tell this to the President?
p6
aV@DameWritesalot @mandrinksbeer @KFILE https://t.co/6NS4cL25rf
p7
aV@seospider @KFILE They should hire Santorum\u2019s PR folks! https://t.co/STSx14gQo9
p8
aV@JayThurberShow @JeffFortenberry \U0001f351\U0001f4a8 https://t.co/cEohKdoRzO
p9
aV@JeffFartenberry \U0001f351\U0001f4a8
p10
aV@JeffFartenberry you should consider consulting with @RickSantorum for a PR campaign!
p11
aV@kohenari I too liked the photo. I\u2019m waiting for Archer to call my boss.\u000a#snowflakes #fartenberryforever
p12
aV@fakedansavage please spread awareness of #fartenberry who is now threatening a uni professor for liking a Facebook\u2026 https://t.co/SHB2AdEO1R
p13
aV@MaraWein @September62019 @PoliticalEmilia Bullshit - those families would potentially still have their loved ones\u2026 https://t.co/XXgfhT6Kjh
p14
aV@SonjaMcDaniel94 @PoliticalEmilia \U0001f44f\U0001f3fb
p15
aV@seanglewis @kumailn Like Brundle Fly he will molt and show us all his true form. https://t.co/2WESHNuVSk
p16
aV@K__McG @politicususa \u201cWhy should I change my name he\u2019s the one who sucks.\u201d
p17
aV@RogersParkMan Love Augustiner.
p18
aV@WKRGCodyLong @WKRG Good to hear! I was supposed to be there this week - looking forward to coming back in the near future.
p19
aV@SethMacFarlane https://t.co/Thk8PJKd1S
p20
aV@RogersParkMan Come back up north to the RP where good pizza is plentiful and will be there in 60 minutes @NuevaItaly
p21
aV@krassenstein That is the thing with these people - contempt and cruelty against others. They dwell in their oftent\u2026 https://t.co/upoNXR8q3c
p22
aV@clmazin @PPact And apologies for atrocious spelling!
p23
aV@clmazin I just rage donated to @PPact in honor of Brett Kavanaugh - you have a huge platfor could you share this i\u2026 https://t.co/oYTmp64CXe
p24
aV@AmeliaMangan @RogersParkMan @MADmagazine Damn.
p25
aVRT @AmeliaMangan: My God. I did not anticipate @MADmagazine would ever publish something this absolutely devastating, but they did, and goo\u2026
p26
aV@m_dyanne @jonfavs He is literally and figuratively a DINO https://t.co/3oTQu2VLKG
p27
aV@SenatorHeitkamp I have no other words than thank you. I proudly donated to your reelection campaign. You made a fellow Midwest girl proud.
p28
aV@fakedansavage I\u2019m just so over old white men right now. Only thing that made me feel better was donating to\u2026 https://t.co/VJVMOSmzvx
p29
aV@westratenick Val Kilmer as Doc Holliday in Tombstone. https://t.co/wtUo6frIx7
p30
aV@AnalogWalrus Strange - I know 0 men who have been in bar fights. Birds of a feather flock together I suppose...
p31
aV@espiers Didn\u2019t help all those kids molester by Catholic priests...
p32
aV@Sawbones question I\u2019m into genealogy and pulled my grt-granny\u2019s death cert and it said the following - what the he\u2026 https://t.co/xo9x7gsijS
p33
aV@westratenick Yes I just asked a friend in AZ to call Jeff Flake in my behalf. I\u2019m also volunteering. I feel like s\u2026 https://t.co/BxGLZzNIep
p34
aVRT @bravenewlady: Not sure how the rest of you ladies feel but I feel 100 percent sure that if I ever yelled and cried in a job interview,\u2026
p35
aV@KamalaHarris Thank you Kampala from the bottom of my heart. Although I\u2019ve been sexually harrassed at work and on t\u2026 https://t.co/sh8TBU1bEP
p36
aV@westratenick Silent All These Years - Tori Amos, Cherry Coloured Funk - Cocteau Twins
p37
aV@CJsGoldfish @westratenick Damn that is a good song. Actually, Hounds of Love is an all around amazing album. And t\u2026 https://t.co/dc8NVX7Gyf
p38
aVRT @LaComtesseJamie: Someone I know blocked Fox News with parental controls at her parents\u2019 house and now her mom keeps calling, asking why\u2026
p39
aV@cloverbelll @krassenstein Generally these type of privileged men who believe they are above reproach haven\u2019t abuse\u2026 https://t.co/uIb6JrHM8H
p40
aV@Sheilabbl @krassenstein I wonder about them. This has to be extremely terrible to go through.
p41
aV@mojorising71 @krassenstein I\u2019m sorry but as a woman I find it morally disgusting this man who thinks he is above r\u2026 https://t.co/46e1odggxm
p42
aV@MTenazas @krassenstein I think the GOP knows what they are doing. They know they are likely losing the house and p\u2026 https://t.co/39Xd1p6eeY
p43
aV@GeorgeBeckett7 @krassenstein @bjaninemorison The only men who are worried are ones who have reason to worry. In al\u2026 https://t.co/s5ujl1zQgb
p44
aV@AdamSchupack @davidfrum At least they aren\u2019t pretending and we can see the ugliness easier.
p45
aV@wemustburncart1 @clmazin Trump says they do it for money too. Still waiting on my checks for coming forward after being assaulted....
p46
aV@KatharineTowne @Evan_McMullin My take is his performance was meant for a very small audience - mainly Trump and the GOP members of the SJC.
p47
aV@OkayBroDave @clmazin @Motorad666 https://t.co/YmuiPrxV2o
p48
aV@RageBot5000 @SarahKSilverman Special appearance by Bill Cosby!
p49
aV@Sawbones hi Justin &amp; Sydney long time listener 1st time tweeter. I\u2019m into genealogy &amp; have come across archaic ter\u2026 https://t.co/ggauwSULLf
p50
aVHell yeah Cher! https://t.co/85uFrcnLqw
p51
aV@Hectorisaperson @jonfavs Not so sure about weekends - lots of young people in school work most of their hours on w\u2026 https://t.co/IdJXrJs86A
p52
aV@runnerdee @jonfavs Ive never been polled in my life - is this done by landline?
p53
aV@westratenick I\u2019ll only watch if Scrooge McDuck dives into the money bin and swim laps.
p54
aV@SchuylerMansion https://t.co/acbB0JGdpB
p55
aV@YourAnonNews @TuckerCarlson @FoxNews https://t.co/u5UbLJqlgW
p56
aVRT @ProudResister: The Republican party is:\u000a\u000a\u2014 Blaming women.\u000a\u2014 Shaming women.\u000a\u2014 Denying women.\u000a\u2014 Abusing women.\u000a\u2014 Grabbing women.\u000a\u2014 Assaul\u2026
p57
aV@GJabberbox @davidfrum @billmaher said it best years ago - this is a slow moving conservative coup.
p58
aV@saynaenay @RogueNASA https://t.co/kobmYjfUzO
p59
aV@Nota7andomguy @RogueNASA Nope https://t.co/jj1vp7XpyB
p60
aV@westratenick Bert and Ernie too! https://t.co/D1DBdj8E6c
p61
aV@clmazin My thoughts exactly https://t.co/uk0ow80Qlh
p62
aV@westratenick I assume every occupational merman ornament is likely gay, even when told otherwise. https://t.co/Gd6TYI1jXj
p63
aV@LittmanTanya @jonfavs @mcassara143 @BetoORourke @tedcruz Says it all doesn\u2019t it?
p64
aVRT @elisekumar: People say \u201cwell what did people do before vaccines/antibiotics/pasteurisation?\u201d as if that\u2019s an argument for going natural\u2026
p65
aV@StormCoker But before the remodel (6-ish years ago) it was basically a Cold War bunker.
p66
aV@18thCent_Kitty @SchuylerMansion @V_and_A Very Bo-peep!
p67
aV@Evan_McMullin Interesting.  Doesn\u2019t Tucker live in NYC? Forgive me if I\u2019m wrong, but NYC is full of tens of millio\u2026 https://t.co/PzUqluFp63
p68
aV@westratenick @j_smithcameron The glass polishing is a wonderful touch. I would definitely not feel Ickes out drink\u2026 https://t.co/3bvtnxhNb7
p69
aV@cpw_Numenor @ColSand42 On top of that one of my friends in Billings said the arena was 3/4 full, so in reality onl\u2026 https://t.co/30qHwQf5qX
p70
aV@luvtheusa76 @ScottFrazier19 Don\u2019t let him near puppies - he would try to suck their blood!
p71
aV@PodSaveAmerica @AyannaPressley @ColinAllredTX @CynthiaNixon Dear God I\u2019ve been obsessively refreshing my feed toda\u2026 https://t.co/pabFgzOuGI
p72
aV@westratenick My theory is Jared. The whole op-ed reeks of an egotistical, two faced little backstabber.
p73
aV@westratenick Touched By An Angel. If you haven\u2019t read Just Kids drop all you are doing and read it now. It\u2019s inspi\u2026 https://t.co/bMu3VKmKXr
p74
aV@TheRealLukevans I love your voice too! I\u2019ve heard stories that Freddie was a class act both on and off stage. We l\u2026 https://t.co/YyOtQ7s2Cv
p75
aV@katieobrien2014 Oh but if you have had Spotted Cow you would understand. @newglarusbeer #spottedcow
p76
aV@ChicagoCAPS24 Unfortunately even locking your car doesn\u2019t stop thieves, as my car was locked and broken into! Than\u2026 https://t.co/RM8Sn4nv0H
p77
aVRT @clmazin: Doesn't have to be for sex, right? Just as a replacement roommate?\u000a\u000aRETWEET RETWEET RETWEET https://t.co/EUrPa4YOOz
p78
aV@clmazin I\u2019m going to need to brain bleach - dear god ugh. https://t.co/PLyO9F87KH
p79
aV@JohnCleese But I thought Liberals were supposed to be snowflakes? I\u2019m confused....
p80
aV@cocoajohnston @davidaxelrod @realDonaldTrump Putin
p81
aV@CanadaEh14 @davidaxelrod @realDonaldTrump Yep, thinking #falklandwar
p82
aV@neworder https://t.co/g6JXYNXW41
p83
aV@StormCoker I have a 2015 Forester. I absolutely love my Subaru!
p84
aV@SusanLouise1977 @AshaRangappa_ He will only leave kicking and screaming. The best we can hope for is for him to go\u2026 https://t.co/2Qfm84M5w9
p85
aV@briancaspe @clmazin I\u2019m sure George Soros finances it. However he is oft delinquent - I\u2019m still waiting for him to\u2026 https://t.co/7un6KaNUAg
p86
aV@clmazin I had to read it 3 times to get a vague understand of what on earth they are talking about.
p87
aV@christenadot_ I\u2019m struggling to understand the difference between this and say, the tiny skirts and bun huggers ot\u2026 https://t.co/znMDM3KTm5
p88
aV@RSharodi @jonfavs And is Larry Craig tapping his foot in there?
p89
aV@jonfavs Do you have a \u201ccovfefe\u201d maker?
p90
aV@SchuylerMansion \U0001f4af this kid https://t.co/bP8J6PV1B7
p91
aV@mschlapp The hammer will fall eventually. https://t.co/aolK5YeKWl
p92
aV@SchuylerMansion #myportraitboyfriend
p93
aVRT @jonfavs: On a day like today it\u2019s good to remember that there are also people like this in public service. https://t.co/tNRXF1CTON
p94
aVRT @jonlovett: What if the note from the jury just said \u201cwhat happens to the coat after the trial\u201d
p95
aVRT @Skyler_Good97: Nebraska kids, Runza lovers, and Twitter do ya thing and help a brotha out\U0001f64f\U0001f3fd\U0001f64c\U0001f3fd @Runza https://t.co/AInCuGtsec
p96
aV@dereksullivans @jonfavs https://t.co/zQiXzdF8yd
p97
aV@jonfavs That needs to be Dem\u2019s motto this fall. There has to be a point where GOP can\u2019t deny the President is a wannabe mob boss.
p98
aV@RogersParkMan I\u2019d like to add...I hate Illinois Nazis.
p99
aV@RogersParkMan https://t.co/4ZLWCm1qln
p100
aVMy own mom always told me this - and I always thought it was a BS answer. Thank you Karamo! https://t.co/xXpczRvbhP
p101
aV@PrincessPatrio1 @McNaughtonArt Lol forever....right.
p102
aV@VerizonSupport is there issues with LTE in north Chicagoland? Both husband and I only have 3G for last few hours.
p103
aV@StarlitSkyGW @Ooh_Hey_There @SchuylerMansion Yes he is very cute! Def a candidate for #mydaguerreotypeboyfriend
p104
aV@SchuylerMansion Maybe we can take a guess by the outfit?  Historically, looks more like circa 1820\u2019s outfit, which would make it William.
p105
aVRT @Runza: Still wondering if Kiki loves you? We've got a $20 gift card that can help with that. Like and retweet for you chance to win. ht\u2026
p106
aV@CryptoGenghis @McNaughtonArt It will go nicely with you collection of Franklin Mint Plates and velvet Elvis!
p107
aV@Almonte @McNaughtonArt  https://t.co/K1jFrEq1BS
p108
aV@LowBlueFlame @POTUS_CustServ @McNaughtonArt Or unintentionally accurate!
p109
aV@EasterLemming @McNaughtonArt I bursted our in laughter when I saw this. So unintentionally accurate...only thing m\u2026 https://t.co/lWsAUeMEG3
p110
aV@gbreedlove @McNaughtonArt You win the internet today.
p111
aV@KenJohn67895967 @AdamRobGoCop @McNaughtonArt @dawn_sickles Have you been living in a dark room?
p112
aV@PrincessPatrio1 @McNaughtonArt You haven\u2019t been to a museum ever have you?
p113
aV@jalooker It looks like Trump is a bully trying to burn Mueller with a looming glass. But the way Mueller is grabbi\u2026 https://t.co/gRtoVlVqap
p114
aVRT @tonyposnanski: Lebron James has done more for education than Betsy DeVos, more for charity than Donald Trump, and more for inner cities\u2026
p115
aV@SchuylerMansion It\u2019s #alexanderhamilton version of Thunder Road - \u201cyou ain\u2019t a beauty but hey, you\u2019re alright - an\u2026 https://t.co/m2ao89PqBo
p116
aVIf hugs and kisses came in human form, I\u2019m pretty sure it would be in the form of @jvn . After 2 minutes of watchin\u2026 https://t.co/HgsMKX91o3
p117
aVRT @fakedansavage: No one should have to make cake for fags. Everyone should have to make dinner for liars. Got it.
p118
aV@seanmhaggerty Ya Chicagoans would welcome his grandson back to the stage in this town. We have a lot of great thea\u2026 https://t.co/KQvOtawie4
p119
aV@TeresaTeater @1011_News I don\u2019t think these two goobers cares whether NE is a DP state or not. They thought they could outsmart LE.
p120
aV@Lin_Manuel I hope you wear that with A&amp;F jeans! Also wearing pajama pants to school was the rage!
p121
aV@charlessahm @SchuylerMansion @bejohnlaurens Unmistakable - it\u2019s the closest we will get to a photograph of the $10 founding father.
p122
aVRT @Evan_McMullin: A spy is an American under the control of Russian intelligence who secretly works to harm the American people. An inform\u2026
p123
aV@realDonaldTrump You\u2019re an idiot #drumpf
p124
aV@SchuylerMansion  https://t.co/bhz9CJ7uon
p125
aVRT @RogersParkMan: A new Jim Bachor pithole mosaic at 420 N. Wabash, near the Tower That Dare Not Advertise its Name. Nice use of the Russi\u2026
p126
aVRT @davidfrum: American teens are 82x more likely to be shot to death than their developed world peers. How much effort will be expended ta\u2026
p127
aV@samoschmamo @clmazin It helps a lot take action rather than waffle around pretending to care/pray. The problem is\u2026 https://t.co/IRp1BklS6a
p128
aV@clmazin No phrase that despise me more than \u201cI\u2019m praying for you.\u201d
p129
aV@nprpolitics But they are still Trump supporters, hoping he will see the light. I\u2019m sorry what a bunch of rubes - i\u2026 https://t.co/A6FdMxBDkU
p130
aVRT @jaketapper: Rex Tillerson to graduating cadets at VMI: \u201cIf our leaders seek to conceal the truth, or we as people become accepting of a\u2026
p131
aV@48_enever @MikeyMcBryan It was Arnie Schrader, who was also a badass pilot!
p132
aV@MikeyMcBryan @BuffaloAirways Deal! https://t.co/KIlU4VdqhX
p133
aV@MikeyMcBryan If you and your dad come down for the #chicagoairandwatershow we will take you there! Voted best wing\u2026 https://t.co/4Asyg5L69z
p134
aV@MikeyMcBryan Chicago is rainy! Not enough to stop me from getting wings from a different Buffalo Joe... https://t.co/19IbBVPAH0
p135
aV@MikeyMcBryan hmmm I wonder if your dad needs to either sue for naming rights, or get into the wing business in Chi\u2026 https://t.co/wIht8a1H8a
p136
aV@SchuylerMansion Glad to see he\u2019s taking a break!
p137
aV@westratenick  https://t.co/OuiW9j4jAu
p138
aV@westratenick Did you purify yourself in the waters of Lake Minnetonka?
p139
aV@PowerCatDan @westratenick Or a \u201cKum &amp; Go\u201d - which I sh!t you not, was a real qwik stop chain in Iowa/Nebraska.
p140
aV@westratenick They exist in Chicago! But at a somewhat smaller ratio.
p141
aV@Bourdain when are you going to do a Nebraska episode? I know you spoke at UNL a few years back and must have been\u2026 https://t.co/3RjaSyb8yL
p142
aV@krassenstein The same people who believe there is a Trump conspiracy have a tendency to take Alex Jones seriously. #contrails #falseflag
p143
aV@Cycle4 @DennisDMZ Comment of the day @Twitter - they are #fullofwin
p144
aV@NPR Respect is a two way street. If myself and peers are viewed as second class citizens deserving less rights, we\u2026 https://t.co/rTS5BNo0JZ
p145
aV@AnalogWalrus First song was very Prince!
p146
aV@NBC5Newsdesk high rise fire between State/Dearborn river north https://t.co/zuxQ8JHFEJ
p147
aV@WGNNews huge fire on building between State/Dearborn https://t.co/UkkXWjReOo
p148
aVRT @JohnFugelsang: Sean Hannity reminds you:\u000aMichael Cohen wasn't his lawyer\u000aBut he still expects attorney-client privilege.\u000aAnd he has not\u2026
p149
aV@JodiBaldwin @Begin_Again4 @jonlovett I highly doubt the \u201cdad\u201d had a highly thought out plan to get multiple pucks.\u2026 https://t.co/JFNJBCMJ8C
p150
aV@CeaddaTheBold @VLanghiari34 @LauraMoritz @Delosmilagros2 @jonlovett @thejeffreymarsh Males instinctively protect f\u2026 https://t.co/3ztKMFODFh
p151
aV@jonlovett That is how I\u2019ve felt my entire professional career!
p152
aV@raminkarimloo I have 2 cats. When eating dinner at our 4 seat table with my DH, the cats insist on sitting at the\u2026 https://t.co/Ej363nxOev
p153
aV@PatrickAWalls @ParkerMolloy @jonlovett @AnnSather The Lakeview location on Belmont is still open, so don\u2019t fret!
p154
aV@TheRealLukevans Is that a Brad Pitt designed chair from his Ass Discomfort line?
p155
aV@RogersParkMan @realDonaldTrump I went down to the site of the former stockyards in Chicago and walked down to Bubb\u2026 https://t.co/IoLftOuj3p
p156
aV@RogersParkMan @realDonaldTrump Not everyone likes their canned meat seasoned with rat feces? Anyone?
p157
aV@kakers1973 @davidfrum Principles only apply to LGBTQ, women and people of color
p158
aV@SchuylerMansion  https://t.co/aBJy4f5qfw
p159
aV@jamieoliver Chocolate \U0001f36b
p160
aV@ShootItGonchar @MStupey @jonlovett I think you win the internets today! #winning
p161
aV@morganhermand @WSJ Exciting! Who is your real estate contact? I\u2019m with @starwoodretail and would love to partner with @AdoreMe .
p162
aV@frozenliberty @JaclynCorin @cameron_kasky I have a parent and 2 sibs who work in PS. UR asking for more school sho\u2026 https://t.co/lEhsYd9goi
p163
aV@adamselzer It\u2019s nice seeing grown assholes scared - they know she is the future - diverse, not heteronormative and brave.
p164
aV@stevegonsalves1 I love Cat tummies! Belly fur is so luxurious. \U0001f408
p165
aV@studenthumanjim @DMRegister @ClaraJeffery Because kids like her are the future - diverse, female and not heteronor\u2026 https://t.co/KHZx8ie8EE
p166
aV@AnalogWalrus Not a great festival season this year. I\u2019m better news I got @depechemode tix for their Chi gig in June
p167
aV@Riley_Eric1 @JaclynCorin @davidhogg111 How do you know, says the person using twitter to pick on kids. #suckattrolling
p168
aV@frozenliberty @JaclynCorin @cameron_kasky It\u2019s all senseless death. Doesn\u2019t mean we shouldn\u2019t try to do anything a\u2026 https://t.co/JxpU859jrW
p169
aV@amber_hellar @JaclynCorin @cameron_kasky LOL. Because memes are scientifically accurate, right?\u000a#suckattrolling
p170
aV@davidfrum ...yet they can\u2019t ever forgive and forget HRC? Double standard much?
p171
aV@clmazin I hope the youth of Iowa vote him out come next time@he is up for re-election.
p172
aV@dadwroteaporno Happy Porno Day in Chicago! #pornolive https://t.co/VpW7nuRbnH
p173
aV@krassenstein I\u2019m wondering if we are watching stupid King Lear in real time.
p174
aV@SarahKSilverman in the spirit of the Olympics...how does the knee work? Sarah I may need to charge you for a new i\u2026 https://t.co/ngxazgXQeq
p175
aV@WGNNews What do domestic violence stats look like?
p176
aV@krassenstein It\u2019s the sheer volume of stuff he does that is awful. You have to start prioritizing things to be out\u2026 https://t.co/jLayS3MWPw
p177
aV@LJSpilger Well they could at least warm themselves by the \U0001f525- oh wait, is it too soon?
p178
aV@AnneRasset @FntasicMrBenson @Sawbones I\u2019m pretty sure most well water is treated. Most of the farm families where\u2026 https://t.co/HbHw0aqQoc
p179
aV@ScroopyNoopers8 @Sawbones @OhNoPodcast Aimed at the anti-vax market who think \u201call natural cholera\u201d is certainly p\u2026 https://t.co/pJCB1lRxA5
p180
aV@Sawbones  https://t.co/XqBBfyglVy
p181
aVRT @courtenlow: Yes Trump is racist. Obviously. That\u2019s what he ran on and won on. His racism is a feature not a bug.
p182
aVRT @andykhouri: Conversation with female friends about dating. I said I liked dating, even bad dates, because dating can be a kind of adven\u2026
p183
aV@TomCottonAR *ahem* those \u201cillegal immigrants\u201d came here as young children and have grown up in America, participat\u2026 https://t.co/QaoRHrtfDm
p184
aVRT @TheGoodDeath: In today's video we dive into the MORBID MYSTERY of what happened to the 129 member crew of the Franklin Expedition. #arc\u2026
p185
aV@TheGoodDeath just wanted to share - if you or other fans are in Chicagoland starting this weekend a great exhibit\u2026 https://t.co/i7AwXdZLCE
p186
aV@TheGoodDeath I think \u201cParty Planner For The Dead\u201d sounds like an amazing job title, and someone I would want to hire for my own funeral.
p187
aV@westratenick Me too.  I think some people are so bought in at this point they are afraid to admit they were duped\u2026 https://t.co/ABH00JzDLW
p188
aV@realDonaldTrump #crybabydon - The Brits despise you and would throw piss and shit at you if you as much step foot inside their country.
p189
aV@StopLibLiesNow @NeilSteinberg Please tell us how they are being turned into \u201cshit homes?\u201d
p190
aV@NeilSteinberg They have no soul of course!
p191
aV@SchuylerMansion  https://t.co/bL03ocifE7
p192
aV@SchuylerMansion I\u2019m \U0001f4af this guy https://t.co/almo9K2QDf
p193
aV@MickPuck Weird times when David Frum and I agree on every tweet https://t.co/vz2K7RPJWK
p194
aV@realDonaldTrump You need professional help. It\u2019s time to go to a nice quiet place and speak to a therapist. Howeve\u2026 https://t.co/GEUuQrQ94Q
p195
aV@krassenstein @BarackObama Or any president?
p196
aV@MickPuck I\u2019m mortified. I wonder if this is the final breakdown?
p197
aV@raminkarimloo He has truly cracked. He is going the way of Norma Desmond. Next he will say \u201cTell Mr. DeMille I\u2019ll\u2026 https://t.co/eq126SWCYF
p198
aV@wetheunicorns Why is this dude even famous? He is a no-talent ass clown.
p199
aV@TheDickCavett But I need pot to get through the next 3 years! https://t.co/yKuC41hIGp
p200
aV@davidaxelrod @POTUS Or Dr. Evil look-a-likes are usually up to no good https://t.co/tNULDyUukC
p201
aV@SchuylerMansion  https://t.co/jjyJETkO0C
p202
aV@SchuylerMansion 100% this dude https://t.co/WqseeBaPsC
p203
aV@MickPuck Lol I\u2019m sure it\u2019s already been uploaded online somewhere. I almost feel it\u2019s my patriotic duty to read it\u2026 https://t.co/kR8oVi9KkD
p204
aV@krassenstein And I won\u2019t have to feel like an asshole for paying for it. Wins for everyone! https://t.co/e5mrfmeQu5
p205
aV@katieobrien2014 Keep it that way. I\u2019ve never been and I\u2019m proud!
p206
aV@jonfavs I wish I had something more pithy to say than "what a f'ing a$$hole" but I don't.
p207
aV@katieobrien2014 I want to know too
p208
aV@TLucaviMaster @_TheDudeAbides_ @djpain1  https://t.co/XOIyH2PLAL
p209
aV@LJSpilger This is a fascinating quote from Trail's attorney! I'm wondering why he would say that to the press?!?!
p210
aVRT @morninggloria: Looks like Roy Moore has lost this election but is unwilling to concede. How terrible for something to happen to him wit\u2026
p211
aVRT @BillKristol: \u201cNo religious test shall ever be required as a qualification to any office or public trust under the United States.\u201d https\u2026
p212
aV@Brad_Bender28 @jonfavs I'll take the W but the bar was set pretty low with a child molesting creeper - and remembe\u2026 https://t.co/yMTKRtN5si
p213
aV@Tallboy_The23rd @jonfavs @wendydavis If that is the case I will enjoy watching them eat each other.
p214
aV@SamHeughan @Barbour Definitely piss.
p215
aVRT @LOLGOP: If you think fertilized eggs are children but fourteen year olds are a hot date, stop pretending your concerns are religious.
p216
aVRT @LOLGOP: Don't thank God. Thank black voters. https://t.co/0KNfkW9rfL
p217
aV@shirlc3 @Evan_McMullin Versus the people who molest living breathing children? Pot meet kettle...
p218
aV@raminkarimloo  https://t.co/5Eo43D4JLW
p219
aV@LJSpilger https://t.co/vIjFZxCLiN
p220
aV@LJSpilger Has LE confirmed Trail and Boswell were possibly producing or at least distributing counterfeit money?
p221
aV@LJSRileyJohnson @LJSpilger Are they waiting for conclusive autopsy results before charging?
p222
aV@CarriePookie @TheAdvocateMag I doubt it. Bailey Boswell lived with Aubrey Trail and reportedly openly dated women.
p223
aV@LJSRileyJohnson Thank you.
p224
aV@LJSRileyJohnson Was #sydneyloofe found by search parties or member of the public?
p225
aV@LJSRileyJohnson Any relation to the body found in Trenton, MO today? One of Boswell's previous addresses less than\u2026 https://t.co/v728Tl9wgq
p226
aV@dailyjgroff @MINDHUNTER_ loving the show! Pic my well worn copy I used for 8th grade book report 1994. Can't wait\u2026 https://t.co/cfafyVYRbR
p227
aVRT @common: "Strong men don\u2019t need to put down women to feel powerful" Michelle Obama. https://t.co/L3hxUfJBHe
p228
aV@AnalogWalrus @waze I knew it! Damn I should have been on Jeopardy! this week https://t.co/k1kZzqdNs3
p229
aV@jonfavs Word salad https://t.co/ZwDSl7klm3
p230
aV@dprzygoda @clmazin He would have to fight over that name with Paul Ryan.
p231
aV@MateoRayo So how do you suggest carrying stuff? It's just part of life on CTA.
p232
aV@Lin_Manuel I was in Austria 2 weeks ago - almost stayed b/c of instant access #juliusmeinl
p233
aV@chicagotribune Added bonus: fewer concussions!
p234
aV@clmazin But how does she know Ted Cruz is honest? He has yet to admit to being Zodiac, for one. https://t.co/3GyzuMlMPf
p235
aV@Sawbones do you have plans to do an epi on dementia?
p236
aV@Lin_Manuel @VAMNit High School 1998 (rural Nebr) Buffy VS, platform sandals, and dial up internet. Good times, but would turn it back
p237
aV@raminkarimloo Ginger candies help vs the puketh. I get car/sea sick and they really do work.
p238
aVRT @JohnCleese: Verse Two:\u000aTrump is off his rocker,\u000aIt's clear for all to see,\u000aExcept his base,\u000aWhose views on race\u000aDestroy Democracy
p239
aV@TOinTRI When does her training start? \U0001f61c
p240
aVRT @daM00N_: i will block the sun https://t.co/bvLVZvg1wR
p241
aV@SchuylerMansion Where can we learn more about #ElizaSchuyler and her adventures?
p242
aV@loganen3 @StormCoker I would love to try to get down there but I've heard it's going to be nuts with the crowds,\u2026 https://t.co/dYjtjSeAKX
p243
aV@StormCoker Lincoln, Nebraska! In the path of totality.
p244
aV@ruthums2016 @Impeach_D_Trump Got it - I just purged my Facebook of my family supportive of Trump's C'ville statements. It's a good feeling.
p245
aV@shar418 @clmazin  https://t.co/cSkxkKACT3
p246
aV@ruthums2016 @Impeach_D_Trump DAR is Daughters of the American Revolution. I think Daughters of the Confederacy is what you were thinking?
p247
aV@TwittahFollowah @NanaSewDear @Impeach_D_Trump I'm a fan of this. "Robert E Lee - Traitor."
p248
aV@VP How about the Charlottesville terrorist attack, commited by white supremacists? Or when whites do it that doesn't count?
p249
aV@jasonatrent @clmazin @GreatDismal Rommel and Lee are poor comparisons. Lee didn't try to take down Jefferson Davis.
p250
aV@enterprisecares 3/ Cust Asst said could not do anything. Im gold customer, typically rent 2x-3x a month. I'm very upset gouging customers.
p251
aV@enterprisecares 2/ To mod res, I would be charged 2x as much for shorter time period.
p252
aV@enterprisecares 1/ Very disappointed ERAC. Needed to modify my res for PM of Aug 20 to AM Aug 21. Same departure date Aug 25th - OMA
p253
aV@CatWheater @CharlesPPierce I was thinking Frost/Nixon with the drunken phone call from Nixon to Frost
p254
aV@TeeRico_LinMan @Lin_Manuel @Vegalteno @mamacita1126 @CrespoX6 HAMMER TIME! https://t.co/bv8sjV8eGC
p255
aVRT @RebeccaKKatz: Felt like the right time to share this letter my grandpa and other WWII soldiers received about DDay. https://t.co/dRdZwM\u2026
p256
aV@RogersParkMan A broken clock is right twice a day. And oh, Russia was invaded by Nazisz
p257
aV@raminkarimloo @MHarveyMusic Awww love it. You did Mandy proud!
p258
aV@HeerJeet @RogersParkMan  https://t.co/52nQ8hUYcK
p259
aVRT @CharlesPPierce: Let us be clear.\u000aPutting the statues up in the first place was "sanitizing history."\u000aWhat's going on now is fumigating\u2026
p260
aV@TheTweetOfGod Thank @TweetOfGodd
p261
aV@BenSasse Tell that to the Neo Nazis in Ashland NE today https://t.co/cNlwcljdj2
p262
aV@SenSasse why no statement about @realDonaldTrump and #Charlottesville ? You constituents need reassurance you do not support Neo Nazis KKK
p263
aVRT @jonathanschmock: https://t.co/aCNG8udHkl https://t.co/VUchzBw8vE
p264
aV@aniobrien @LearyChuck @Bourdain But but but...emails! \U0001f644
p265
aV@sethmeyers there is nothing that brings me more joy than you mocking #erictrump. FATHER! You brought me a friend! \U0001f602\U0001f602\U0001f602\U0001f602\U0001f602
p266
aVRT @voxdotcom: Poor immigrants are the least likely group to use welfare, despite Trump\u2019s claims: https://t.co/bzhPUhT4KE
p267
aV@susie_meister @TrumpHatesFacts Favorite is @sethmeyers - "Stephen Miller looks like the least popular kid at Vampire School." \U0001f602
p268
aVRT @emilydawnlove: DONALD TRUMP is the PRESIDENT OF THE UNITED STATES and we're really supposed to believe mediocre white people aren't get\u2026
p269
aVRT @TheDailyShow: Who will be the next to go?! \u000a#TheCelebrityAppresident \u000a#DeathToMoochy https://t.co/hdA39D2G5X
p270
aVRT @TheDailyShow: Death to Moochy
p271
aV@Brxxdgee @seanmhaggerty Code word is Rochambeau
p272
aV@RogersParkMan And network. That is massively important.
p273
aV@seanmhaggerty He's reliable with the LADIES!
p274
aV@westratenick This magazine would like to take out an advertisement...
p275
aV@chicagotribune What the F is wrong with people? Those poor pups
p276
aVRT @NPR: .@KyrieIrving said the Earth is flat and now students believe it, despite what a science teacher says.  https://t.co/GcEE0xc9Hq
p277
aV@realDonaldTrump  https://t.co/g6HLdtxXUU
p278
aVRT @davidfrum: Lot of mockery of the Ds 2018 slogan, but \u201cWe can\u2019t pass anything and our president works for Putin\u201d is worse.
p279
aV@KennyHanda @TrumpcareKills @LisaAnneLV @Ink_Vixen82 @jonfavs  https://t.co/Gkj5i6AHUi
p280
aVRT @McJesse: Why you never wear GREEN on TV\U0001f917 https://t.co/IsC8TuE3Ei
p281
aV@VirginSurgeon1 @Lawrence @Scaramucci So young to be so jowl-y
p282
aV@fakedansavage #boneitis guy is so nuts he shits pecans. So much #dafuq https://t.co/0yGZT0gdA5
p283
aVRT @MichaelSkolnik: Eleven personal trips this year by Trump to Mar-A-Lago: $29 million\u000a\u000aMedical services for transgender people in the mil\u2026
p284
aV@StormCoker His base will love it
p285
aVRT @BillKristol: In America the president doesn't tell us who or what or whether to worship. https://t.co/DTghwUpqAg
p286
aV@TheChaviva @HeathrowAirport Typical Heathrow security! Though my last visit there Nov 16' was the most pleasant experience - weird day
p287
aVRT @NPR: More than 55% of the deaths were related to partner violence, and the vast majority were carried out by men. https://t.co/xB77j8Cu\u2026
p288
aV@goldengateblond @fakedansavage She really just needs to be preserved in carbonite and guarded by Jana the Hutt for\u2026 https://t.co/SHr0IBKXi1
p289
aV@TURNFans One is more hip hop than the other
p290
aV@dustinpari @codydesbiens It's healthy because it has a banana, right? \U0001f34c
p291
aV@RogersParkMan @NiseiLounge @chicagobars @LizGaribayChi @newglarusbeer Love that place. Have a case of Spotted Cow\u2026 https://t.co/LtiAioetfE
p292
aV@AnalogWalrus @HeidiHallTN  https://t.co/W4hHrGRNjZ
p293
aV@jfruh Don't listen to the lyrics - the Rush fans I know are all Neil Peart fanboys!
p294
aV@westratenick @AMC_TV @daniel_henshall @1jamiebell The Brewster Beard is nearly a 5th member in its own right.
p295
aVRT @phranqueigh: I feel like every time a Trump employee quits, Oompa Loompas should appear &amp; sing a song to teach us about the perils of g\u2026
p296
aVRT @TheOnion: Jovial Man Must Not Be Aware He Works At Airport Burrito Restaurant https://t.co/Jkyye2uF2w https://t.co/fiKE3lsykV
p297
aV@billmaher When probably 100% of that number believes in talking snakes and a 6,000 yo Earth, they will believe anything.
p298
aV@whynotsara @jonfavs If we can keep Trump far from the nuke launch button, keep him in so dems have a good shot at\u2026 https://t.co/WgX3zWgLnZ
p299
aV@karywin @Sarah_White_77 @jonfavs @sainttoad Yasss https://t.co/EVmpkmMOxn
p300
aV@RogersParkMan @streetsblogchi My favorite intersection in Chicago is at Estes &amp; Glenwood - aka "Testes" &amp; Glenwood
p301
aVRT @Kasparov63: Autocrats when caught:\u000a1: Deny, lie, slander accusers.\u000a2: Say it was a misunderstanding.\u000a3. Boast &amp; say "What are you going\u2026
p302
aV@AnalogWalrus @ABCPolitics Have Matt Stone and Trey Parker do animation of presser - along same lines of the infamous Chef dies episode.
p303
aV@justanactor @SarahKSilverman Aka - "you smelt it, therefore you dealt it" theory.
p304
aV@SarahKSilverman Oftentimes those sources are DJT or one of his family members on twitter https://t.co/Gqndk93w1J
p305
aV@Jimi_Goodwin Best car driving music of all time. Sharp Dressed Man practically calls for a convertible w/ top down. https://t.co/UWNrvumBxF
p306
aV@SchuylerMansion Elizabeth persevered another lifetime. She was truly a remarkable Founding Mother.
p307
aV@Kalamityjayne00 @seanmhaggerty A.Ham spin off? I would love some epic cabinet battles https://t.co/qwVuLNGsRC
p308
aV@AnalogWalrus KOL - aka Jesus Christ and the Gelflings
p309
aV@TURNFans Stalking Robert Rogers and then a relaxing bloodbath at the end of the day. #SimcoeDay
p310
aVRT @ChrisRRegan: Today, NPR should tweet War of the Worlds and see what happens.
p311
aV@fakeGovRicketts  https://t.co/8mBQtV5jE3
p312
aVRT @BetteMidler: Not much feeling like 4th of July this year. Maybe I\u2019ll wait until Trump goes to prison to celebrate \u201cInThePenDance Day.\u201d
p313
aV@AnalogWalrus @Busymom *ahem* and The Proclaimers! https://t.co/8pKWVJHJHy
p314
aV@seanmhaggerty He knows what to do in a trench and practically fluent in French.
p315
aV@AnalogWalrus  https://t.co/yxiiAaGasE
p316
aV@realDonaldTrump  https://t.co/Qe976NvjnT
p317
aV@RogersParkMan is the huge fireworks display on Leone Beach a 'hood display or some local guys who spent a lot of $ in WI/IN?
p318
aV@neworder got photo of epic level shade throwing wearing my PC&amp;L shirt. #RealFake https://t.co/KanAK5noib
p319
aVRT @jemmy_madison: Courageously signed on this day in 1776, here is a draft of our Declaration of Independence. We stood together against a\u2026
p320
aV@RogersParkMan Emotions?
p321
aV#RealFake @realDonaldTrump https://t.co/S2XGuTO47O
p322
aVRT @brianklaas: # of times Trump tweeted the following words\u000aCNN: 431\u000aMika: 21\u000a@joenbc: 26\u000aratings: 238\u000a\u000aAfghanistan: 36\u000aPoverty: 12\u000aEducat\u2026
p323
aVRT @NewYorker: Jasmin Moghbeli is an Iranian-American marine who flew combat missions in Afghanistan. Now she\u2019s a NASA astronaut. https://t\u2026
p324
aVRT @KamalaHarris: On Thurgood Marshall's birthday, we remember his words, \u201cWe must dissent from the fear, the hatred...because America can\u2026
p325
aV@SchuylerMansion Looks like they just wanted to take a break, run away for the summer by going upstate.
p326
aV@realDonaldTrump Childish and gauche. You never had class Donny, and you will never be accepted or loved by the NY elites.
p327
aV@TuckerCarlson @FoxNews How does Fox benefit from having a douche on a failing show continue to broadcast?
p328
aV@MissedinHistory spending lunch across the river from the site of the Eastland Disaster. Where bodies once were rec\u2026 https://t.co/9Z3b7t8t27
p329
aV@AnalogWalrus For the lulz. Creation Museum was much better lulz for the buck. However dinos on the ark was amazing\u2026 https://t.co/V1CVDWMaaH
p330
aV@AnalogWalrus I went last October. It was very expensive, $40 to get in, and it was boring AF. Amish ppl even looke\u2026 https://t.co/dNEnBpA4NY
p331
aV@MickPuck That t-shirt is #badass
p332
aVRT @BraddJaffy: Father's Day morning messages from presidents 44 and 45 https://t.co/UBslsOLDKd
p333
aV@jfruh  https://t.co/8FNXkaBPrd
p334
aV@MelissaJPeltier @davidfrum  https://t.co/K2iwuNUkTU
p335
aV@raminkarimloo Big fan of @RootsCanada - will you sing O Canada and post online?
p336
aV@MickPuck  https://t.co/rK9UrgtIqB
p337
aV@StormCoker Pilger - knew ppl who lost their homes. Chasing must be a double edged sword - love the twister, but destruction is tragic.
p338
aV@IrvineWelsh Orange is the New Whack
p339
aV@burpeesRfun @sonjaydutterson @Evan_McMullin Apparently @realDonaldTrump wanted tanks and military parading down th\u2026 https://t.co/AE2hlToI2D
p340
aVRT @Lin_Manuel: This was the speech in my pocket a year ago today.\u000aThanks to @cguadano for finding it and framing it as a gift yesterday.\u000a#\u2026
p341
aV@StormCoker I'm going to take a stab - Crawford
p342
aV@TheDickCavett  https://t.co/9MrGD1RqZC
p343
aVRT @missyasin: Spotted in North Carolina: https://t.co/BdGUPUGLbl
p344
aV@IrishBelle_1 @Lin_Manuel @HamillHimself  https://t.co/VsNT28a80j
p345
aV@IrvineWelsh Thank @god that useless twit @realDonaldTrump will spare Britain further embarrassment.
p346
aV@TheRealLukevans Dude should be a Pennyfarthing instead https://t.co/59oMb9rXOM
p347
aV@SarrahHuckabee Interesting I marched b/c I want to be treated like a equal to my male compatriots.  C'mon Sarah we\u2026 https://t.co/9fz0Fe9z9Q
p348
aV@realDonaldTrump Oooookkkkk...guy who has no fixed set of principles. https://t.co/2i6GNAeFwG
p349
aV@gavinivester @AnalogWalrus @tara_aaron @BarackObama @HillaryClinton @SenSanders Yes. They need to focus on the Dem\u2026 https://t.co/iBrJZVdsiu
p350
aV@TheRealLukevans @joshgad  this is amazing. Don't know who to credit but it made me LOL https://t.co/t8mNMId0r4
p351
aV@MaxineWaters  https://t.co/68ZYlaJIEU
p352
aVRT @MaxineWaters: So Comey told Jeff Sessions he didn't want to be alone with Trump. Women across the country can relate.
p353
aV@Impeach_D_Trump He is clearly a shitty vampire https://t.co/LiwGdTguHY
p354
aV@NiceMangos No.she.didn't - I don't see the British public going for that! https://t.co/CPNizAMj8U
p355
aV@SarahKSilverman Honestly I'm not sure Eric is - I thought he was a vampire https://t.co/xlG8eXnhnb
p356
aVRT @EmmanuelMacron: https://t.co/3g5LYO9Osj
p357
aV@AnalogWalrus  https://t.co/i0LVY8FUYf
p358
aV@AnalogWalrus He can't help but to be all about himself.
p359
aVRT @jaketapper: Former CIA acting director Michael Morell has lots interesting to say here --&gt;  https://t.co/1q0HAKUcDs
p360
aV@AnalogWalrus YASSS. Literally no one on deck. Closest I can think of is maybe Cory Booker?
p361
aVRT @jaketapper: Indecent behavior should be condemned -- including not just faux presidential beheadings but, say, mocking the disabled or\u2026
p362
aV@AnalogWalrus @GOP  https://t.co/ZQlto8NQGM
p363
aV@IrvineWelsh If that shirt was an amp, it would be at volume 11.
p364
aV@Lin_Manuel I just want to squeeze those cute little cheeks https://t.co/r3qeEgVHzO
p365
aV@SirPatStew Congrats! My FIL in Halifax is pleased to not go far for @premierleague games! Btw he is a bus driver t\u2026 https://t.co/B3a6hIPjpv
p366
aV@AnalogWalrus @SenJohnMcCain I know. He had been wishy washy on Trump for a long time, even after being insulted as\u2026 https://t.co/G3k8Wl3nNM
p367
aV@Lin_Manuel Oh wow even better mix than album cover. This is "my 90's high school mix" generous helping of Britpop. Lots of guy-liner too
p368
aV@Lin_Manuel Love the Delboy album cover. Can't wait to listen hope there is a spoken word performance by Trig on th\u2026 https://t.co/py6MkRqID8
p369
aV@RogersParkMan @fakedansavage @activetrans Gorgeous weather and a lovely day to ride but damn there are lots of idi\u2026 https://t.co/MWCa2l5K7R
p370
aV@E_CarShare 6. Make right with your customers who depend on your service and provide back up vehicles for your locations.
p371
aV@E_CarShare 5. If there is no back up plan for these vehicles, I'm forced to cx my membership of several years and find alt service. Pls
p372
aV@E_CarShare 4. Not only have my weekend plans been interrupted but possibly for the next several weeks. Again no indication of backup cars.
p373
aV@E_CarShare 3) shopping, Home Depot runs etc - basically large shopping runs. This is the reason I joined a car share service.
p374
aV@E_CarShare 2) your reps tell me they will be back online 6/20, but this is unacceptable w/o a backup. I rely on this service for grocery
p375
aV@E_CarShare 1) I'm very upset about ECS taking offline the 4 vehicles closest to me. I now have 1.2 mile walk to the next nearest location.
p376
aV@AnalogWalrus @isobel26 No because when you sit in a pub all day you don't really need it
p377
aV@davidfrum What happened to the right's humanity? It's so disappointing to see the dismissal or silent approval of so many to violence.
p378
aV@jonfavs Sick of excusing violence because someone is liberal/black/woman etc. GOP is full of snowflakes if reporte\u2026 https://t.co/KauL0QDWf4
p379
aVRT @fakeGovRicketts: If you want healthcare so bad maybe you should have been born into a wealthier family
p380
aV@Evan_McMullin THANK YOU. I'm so disappointed in the so-called "Patriots." It was a cynical play to win votes from the American people.
p381
aV@MickPuck  https://t.co/P4yqUWWoEO
p382
aV@SchuylerMansion WORK https://t.co/EsiWiEWFkV
p383
aV@AnalogWalrus  https://t.co/4dWoLjgd4h
p384
aVRT @sethmoulton: As the Representative of Salem, MA, I can confirm that this is false. https://t.co/8yJIzZBSE8
p385
aVRT @JasonKander: Born rich, dodged the draft, inherited the family business, and he tells graduates at a military academy about how tough h\u2026
p386
aV@fakeGovRicketts  https://t.co/hWaokL3OMT
p387
aV@MickPuck @MelissaKrapf @washingtonpost He'll play victim and will harness his nutty base to do more damage. He is\u2026 https://t.co/OS3WvFWccs
p388
aV@MickPuck Jesus Christ the sheer narcissism cannot be contained for even an hour. https://t.co/2P3F1rkiBf
p389
aV@TheRealLukevans  https://t.co/Q78rmqkkmb
p390
aVRT @billmaher: "How long are you and your fellow Republicans going to defend this #AmericanNightmare?" - #GOPTownhall https://t.co/opvor8dJ\u2026
p391
aVRT @blakehounshell: This is INSANE. Erdogan\u2019s goons rough up Kurdish protesters ON EMBASSY ROW, as D.C. cops valiantly try to stop them. ht\u2026
p392
aV@jonfavs  https://t.co/AF8d08xicJ
p393
aV@GovMikeHuckabee #eyeroll how does insulting the home of the people you are speaking to advance your message? Kind of a #dickmove
p394
aVRT @jaketapper: On @AC360, David Gergen who worked for both Nixon and Clinton, says "I think we're in impeachment territory"
p395
aVRT @peterdaou: After decades of rightwingers claiming a monopoly on patriotism and security, stunning how they've surrendered it all to app\u2026
p396
aVRT @JohnFugelsang: Yes, Trump revealed highly classified info to the Russian foreign minister; but in fairness it wasn't via email &amp; he doe\u2026
p397
aV@Lin_Manuel Thanks Lin for giving us the courage to fart openly. Be proud and let it rip \U0001f351\U0001f4a8
p398
aVRT @Lin_Manuel: Gmorning\u000aRest those typing hands\u000aLook out the window\u000aTake a breath\u000aTake two breaths\u000aThree\u000a\U0001f4a8\u000aYeah, fart if you need to.\u000aWe c\u2026
p399
aVRT @JuddLegum: IDEA: If men want to support women who choose to be moms, instead of sending a card once a year SUPPORT PAID MATERNITY LEAVE\u2026
p400
aV@casedillaaa It's an underrated film in general!
p401
aVRT @Impeach_D_Trump: Tax payers have so far spent $56,500,000 to allow Melania to stay in NY.  \u000a\u000aRepublicans can't spend $1,000,000 for a S\u2026
p402
aV@RogersParkMan @streetsblogchi Entire length of Glenwood from Estes to Edgewater?
p403
aVRT @LOLGOP: Trump is running government like a business that's been forced to settle a class action fraud suit for $25 million.
p404
aV@StormCoker Clearly Nebraska! He must have been visiting his buddy Warren Buffet.
p405
aVRT @StormCoker: U2 is about to perform Joshua Tree live. In front of my eyes. It's been my favorite album since I was 5. Pumped is an under\u2026
p406
aV@davidfrum THIS!!! https://t.co/k58APVju5d
p407
aVRT @davidfrum: But moms, please quit the mooching to have maternity benefits covered by health insurance https://t.co/ChuiaJMjsS
p408
aV@TheDickCavett went on tour of Robber's Cave a few days before I took the tour! Dream come true for me - was it how you remembered?
p409
aVYes, I rode her @ Live Grit https://t.co/mSq3XhQvST
p410
aV@Lin_Manuel @kaysarahsera @jonnysun This need to be performed.
p411
aV@Mirindacarfrae Cape Cod - love Hyannis
p412
aV@AnalogWalrus @Bengals Isn't that what they typically try to do every year?
p413
aV@IrvineWelsh With the crap Chicago weather feels like a Doves album kind of day
p414
aVRT @IrvineWelsh: Do this. They are still the coolest motherfuckers on the planet. https://t.co/0bpZ8BsAmI
p415
aVRT @Alifaith55: Trump: They are all paid protestors!\u000a\u000aWell, this was Chicago today! \u000a\u000aRETWEET to show Donald Trump!\u000a\u000a#marchforscience https\u2026
p416
aVRT @DanteAtkins: Wonder how many Trump supporters wearing bald eagle shirts realize the EPA is why the bald eagle isn't extinct.
p417
aV@TheChaviva I think many people do it #ironically
p418
aVRT @badnetworker: If Alex Jones loses custody of his kids, I hope someone follows him around and claims his kids never existed and were jus\u2026
p419
aVRT @ditzkoff: Updated Fox News lineup\u000a\u000a8 PM Pepe Frog and Friends\u000a9 PM The Comments Section\u000a10 PM Email From My Dad With the Subject "RE: R\u2026
p420
aV@MickPuck  https://t.co/yUxjhHVOCy
p421
aV@TheRealLukevans @visitwales Love Wales visited Jan 16' saw town my ancestors came from (Carno) and lovely stay in\u2026 https://t.co/t4ORv4SKUF
p422
aVRT @michaelschaub: Every time I see a baby boomers vs. millennials tweet I wonder if they realize there's a whole generation in between who\u2026
p423
aV@TheRealLukevans loved the book and that character! Look forward to seeing the film!
p424
aVRT @RogersParkMan: My favorite @TrumpTaxMarchCH sign so far: Grab him by the 1040. #TaxMarch https://t.co/rc91ry3Tq4
p425
aVBasically, facts that support what we already knew. https://t.co/Ig2mP6Ra79
p426
aVRT @RepAdamSchiff: The same WH that just agreed to sell your browsing history won't disclose visits to WH to protect privacy of lobbyists.\u2026
p427
aVRT @wkamaubell: Jeffrey Lord is the Sean Spicer of Kellyanne Conways.
p428
aV@AnalogWalrus someday we will pull off a Manos Party with you as Master and me as Torgo.
p429
aV@DCRP_Chair why are you celebrating "Stick Up My A$$" day on 4/21?
p430
aVI want to be as brave as #saffiyahkhan https://t.co/gRp7asWxA0
p431
aVRT @Impeach_D_Trump: This says it all. https://t.co/6PBArITJZz
p432
aVRT @Impeach_D_Trump: Whatever You Do, Do NOT Retweet This Photo! https://t.co/nvFUzI69Nc
p433
aV@Lin_Manuel https://t.co/0BJ2WpqbEl
p434
aV@DawgDaisy @Lin_Manuel I was singing it to the tune All I Ask Of You...Ev'ry where, you go let me queue too...
p435
aV@Lin_Manuel holy shit this is like Broadway Atomic Awesome-Ness. POTO 1st musical I fell for. What is ur fav AWL musical, and AWL song?
p436
aV@fakedansavage ...college kids, postal employees, bank tellers, people generally mind if their own f*cking business...
p437
aVRT @PowerVertical: The Russian Justice Ministry has banned this photo as "extremist." So whatever you do, don't share it! https://t.co/LZzH\u2026
p438
aVRT @KevinAirs442: @LouiseMensch \u000aThe Desert Frats\u000aVainglorious Bastards\u000aMajor Blazer\u000a1st American Apparel Division\u000aThe Raybans of Navarone
p439
aVRT @ndrew_lawrence: Two years ago, the man who just ordered a missile strike was deciding whether or not to fire Gilbert Gottfried from a g\u2026
p440
aV@realDonaldTrump Jesus HC you are DUMB to think Americans would be so easily distracted. Comrad Trump, Putin Puppet. PATHETIC
p441
aV@AnalogWalrus @seanhannity cannot believe there was zero irony in that statement
p442
aV@Lin_Manuel Got to Reynolds Pamphlet in Chernow, &amp; I have terrible case secondhand embarrassment for Ham and can't finish.
p443
aVI was running to see #HamiltonCHI and nearly ran over @PropertyBrother outside Chicago Theater. Sorry about that - hope I catch the show too
p444
aV@OHMYDAYSitsHayz @Lin_Manuel he only drinks water from Peckham Spring
p445
aV@Lin_Manuel Delboy was all flash. I think your style is more Uncle Albert
p446
aVRT @GeorgeTakei: Jared was the first senior member of the administration to visit Iraq. Not the Secy of State. Not the Secy of Defense. Don\u2026
p447
aVRT @Evan_McMullin: Team Trump establishes secret channels to Moscow and yet is dismayed when vigilant security officials discover them. htt\u2026
p448
aVTonight I saw Hamilton The Grave, and tomorrow night Hamilton The Musical. #HamiltonCHI #HamiltonChicago\u2026 https://t.co/MeMlQbxO6r
p449
aVRT @davidfrum: Shocking that Americans can\u2019t expect privacy when they talk with hostile foreign spy agencies about how to sway US policy in\u2026
p450
aV@RogersParkMan I've seen the shoulder dog around. I also saw a woman in Jarvis Square with 2 ferrets peeking out the top of her shirt.
p451
aVRT @the2scoops: \u201cWilliam Henry Harrison had a better first 100 days than Donald Trump and he was dead for 70 of them." - @politicalwire
p452
aVRT @mmfa: Ted Koppel tells Sean Hannity he is bad for America: https://t.co/ibnLnJnGDy
p453
aV@RichardDawkins https://t.co/RyhninAl6j
p454
aV@IrvineWelsh T2 was brilliant. Thx for helping bring the story to life. Fckng died laughing Orangmen Club scene.
p455
aV@therobbieevans John Boehner is schadenfreaudin' https://t.co/dZKvC2k7IM
p456
aV@Ne0venator @davidfrum they have never heard of Occam's Razor https://t.co/RWXE2igbKH
p457
aV@IrvineWelsh Jeezus that man is off his rocker. I hope the inevitable stroke is going to happen sooner rather than later.
p458
aV@seanmhaggerty is that the speakeasy in the basement of The Graham Hotel? Love that place!
p459
aVRT @hollylecraw: EVERYONE \U0001f447\U0001f3fc https://t.co/alnmIMOnoV
p460
aV@LouiseMensch @StephenBannon https://t.co/YwdxnzLc5Z
p461
aV@IrvineWelsh @T2Trainspotting @HibsOfficial  where? I might show up with husband, who would wear his Berwick Rangers top!
p462
aVRT @davidfrum: When Belarussians defy repression to protest their Putin-backed dictatorship - you\u2019d like to hope that the US president wd b\u2026
p463
aVSick burn Arnie! https://t.co/jvIOdma0Xy
p464
aV@Mirindacarfrae that is me every day for the past few years lol
p465
aVRT @_MealsOnWheels: George, a WWII veteran, proudly defended the US &amp; now we have to defend him. #MealsonWheels #Budget2017 https://t.co/yG\u2026
p466
aV@SarahKSilverman https://t.co/aoKMA2qGs3
p467
aV@billmaher they're GGGRRREAT! https://t.co/cJt7b0wAAg
p468
aVRT @AC360: .@NancyPelosi on Trump's wiretap claim: He should apologize to Pres. Obama and the American people https://t.co/WEInX4X6GO
p469
aV@DannyZuker da.Fuq? Does that pass for hilarious in Arkansas? how dare does good name of Jimmy Dean be besmirched! https://t.co/bUltA4wyuw
p470
aVRT @brentgofftv: US reporters shocked when this German reporter asked #Trump: "Why do keep saying things you know are not true?" https://t.\u2026
p471
aV@AnalogWalrus was not impressed. She played her hand too early this will get buried. No one will unless there is a direct Russian connection
p472
aV@IrvineWelsh and #outlander fans. And some ren fair types.
p473
aV@StormCoker was wayyyy to self congratulatory. Sheesh...she played her hand too early and this is going to get buri\u2026 https://t.co/DlmXlWgH1t
p474
aVRT @AnalogWalrus: This. \U0001f447 https://t.co/y2TO09awsF
p475
aV@RogersParkMan actual Irish people have nothing to do with the widespread public intoxication on the north side of Chicago!
p476
aVRT @LOLGOP: FYI: If you were actually against paying for prenatal care and/or abortion and not just women's freedom, you'd demand free birt\u2026
p477
aVRT @WritePlay: Hey you guys this monastery adopted a schnauzer and named him Father Mustache forget your worries for a few seconds (via @do\u2026
p478
aV@GovMikeHuckabee FFS u think scientists have sat around with thumbs up their a$$e$? #gopfacepalm
p479
aV@RogersParkMan Jarvis Gyro has solid tacos. Haven't had gyro from there yet
p480
aVRT @ourmaninchicago: If you want to back up @chancetherapper, call Governor Rauner at 217-782-0244 and tell him to fund our Chicago Public\u2026
p481
aVRT @meganstielstra: "Our kids should not be held hostage."\u000a\u2014Chance the Rapper, right before pledging a million dollars to CPS.
p482
aV@CherryGhostband there are a few Cherry Ghost tunes up there IMO \U0001f495
p483
aV@IrvineWelsh @piersmorgan will have to be renamed #shitface_mcfucknugget
p484
aV@Lin_Manuel @Vegalteno 1st: dat.stach #MustacheMarch. 2nd: mixing He-Man w/ Superman? Where does ur sympathies lie?
p485
aV@active need help adding on team member for IM 70.3 Racine relay.  1 team member successful, other got error messag\u2026 https://t.co/WFLI9u7XTe
p486
aV@Lin_Manuel this somehow does not surprise me. The camera must have been the size of a house as well. #teensofthenineties
p487
aV@Lin_Manuel /dying. Wut up w/ kid passed out on couch? Hope B/c he made it thru both floppy disks in Oregon Trail. #oregontrail
p488
aV@realDonaldTrump @nytimes @CNN defensive eh? U know gig is up - very pathetic. #russiagate #LiarInChief
p489
aV@RogersParkMan @Chicagoist I'm positive at least one witch lives in the RP #rogersparkforever
p490
aV@GeorgeTakei @billmaher disappointed I felt Bill was treating MY with kid gloves. MY is a troll of epic proportions. No attn, MY goes away
p491
aV@SethMacFarlane #jimbelushi has him.
p492
aVShe isn't exactly helpful when it comes to making the bed #caturday #catsofinstagram @ Rogers\u2026 https://t.co/n7LqEfB8a7
p493
aV@billmaher best thing liberals could do - ignore him. Pretend he doesn't exist or he bores you. Attention is his oxygen. #MiloYiannopoulos
p494
aVRT @LOLGOP: Trump's GOP wants to take mandatory pregnancy coverage out of insurance.\u000a\u000aYet make all pregnancies mandatory.
p495
aV@RogersParkMan at least you get a nice Florsheim shoe phone if you are Maxwell Smart
p496
aV@davidfrum we disagree on many things but thank you for holding GOP accountable.
p497
aVRT @davidfrum: Tonight\u2019s resignation reminds both why patriots should cherish a free &amp; independent press - and why Donald Trump so fears &amp;\u2026
p498
aV@clmazin https://t.co/ddqL9LCzyQ
p499
aV@Lin_Manuel to be honest given the opportunity I would try to do the same
p500
aV@StormCoker https://t.co/ASadXzmVE5
p501
aV@IrvineWelsh besides it coming off delusional it gave me some laughs
p502
aV@TURNFans @seanmhaggerty Hamilton's introduction such a cheeky young thing!
p503
aV@CTA is wishing everyone a Happy Valentine's Day - and no unhappy VD days #publictransit #chicagocta  #redline https://t.co/KS3FLkKXtG
p504
aVRT @Lin_Manuel: All was well. https://t.co/8Ngv5HeUIJ
p505
aV@billmaher loving JK Rowling saying how much she enjoyed you telling Piers Morgan to fuck off. #fallinlovewithlearning
p506
aV@GraceRandolph did I miss reaction video to BATB Super Bowl spot? First glimpse Prince changing to Beast - it's "yyyuuugggee"
p507
aV@IrvineWelsh so if I put together an expat screening who should I contact to invite you? Unfortunately can only pay in MacAllan 15 yr
p508
aV@IrvineWelsh I'm putting group of Chicago Scot and Brits together to see T2 - any special Chicago screenings?
p509
aV@lindaurbanbooks @Lin_Manuel THIS
p510
aV@Lin_Manuel you are generous with the "I." It seems like speech was him name checking every black person he could think of.
p511
aV@IrvineWelsh Putting together group of Chicago Scots &amp; Brits want to see T2. R u doing a special Chicago screening?
p512
aV@SenJohnMcCain we agree on nearly nothing, but plz continue stand up to Trump. He is taking apart USA. America needs your help.
p513
aV@LindseyGrahamSC we agree on nearly nothing, but plz continue stand up to Trump. He is taking apart USA. America needs your help.
p514
aVRT @anondud3: What racists think they look like and what they actually look like #RoastOfSteveBannon https://t.co/RpBlAsKzJK
p515
aV@VanJones68 convenient it's ok when it's GOP. My const "loving" father is very quiet as well - so much standard bearer of freedom.
p516
aV#protestsigns #TrumpPresident #WomensMarch https://t.co/Fh7dOsoqiM
p517
aV@Lin_Manuel my sign for the #chicagowomensmarch tomorrow. Maybe T Jeff quote? #ResistTrump #HistoryHasItsEyesOnYou https://t.co/yOq3PaID1f
p518
aV@trumpchicago @realDonaldTrump Chicago protests. Saw ur name go up on bldg, look fwd to day I see it come down.\u2026 https://t.co/Bw5WIeeXIq
p519
aV@LeahRemini love the show I hope if it gets picked up do several eps devoted 2 ur search 4 Shelly.
p520
aVThank you good people of Howard @cta who helped me find my swim bad. Gent in Robert Morris sweatshirt very kind &amp; helpful - pls commend him!
p521
aVRT @The_Real_IMAN: Jan 8th #ForeverLove #BowieForever https://t.co/dDq5Sus5pS
p522
aV@jdrudd from East Flats! Wish me luck flying home to Chicago today! https://t.co/B47K3ZncQI
p523
aVSuper Mario Bros freestyle by a Chicago comedian https://t.co/QZ1FuTKKcw @Lin_Manuel
p524
aVTrump\u2019s Threat to the Constitution https://t.co/CYWIy2uhMQ
p525
aVWait for it.... https://t.co/kigUjtWgwC
p526
aVLet there be light @ Northwestern University Sailing Center https://t.co/VPiwlgwpfs
p527
aV@TheChaviva I wish. The never Teumps will fall in line seeing House Senate have been retained and will soon have Supreme Court
p528
aVRT @kurteichenwald: One thing to remember: Trump stands for nothing but Trump. His fans will learn that soon. There's no telling what he'll\u2026
p529
aV@LaniDianeRich winning is easy, governing is harder. He isn't going to want to do the hard work, just show up at balls and dinners
p530
aVRT @MickPuck: Old entitled white America clearly needs a stiff life lesson. It is about to get one.
p531
aVRT @larkieswiftie: Retweet if you are:\u000a-A woman\u000a-An immigrant\u000a-LGBT+\u000a-Muslim\u000a-African American\u000a-Latino/Latina\u000a-In any other way completely\u2026
p532
aVRT @StephenAtHome: Good luck to all marathoners! I'm not running, but in support, I will be carbo-loading and rubbing Vaseline on my nipple\u2026
p533
aVRT @jxmccarter: This is Alice Paul. 99 yrs ago this week, she was in solitary confinement, being force-fed, for demanding the right to vote\u2026
p534
aVFall riding #trek #ironmaninmyfuturemaybe @ Tower Road Beach https://t.co/bgZCcPc6AS
p535
aV\U0001f408 biting back. #nastywoman #pussybitesback #imwithher\U0001f1fa\U0001f1f8 #imwithher #hillaryclinton @ Rogers\u2026 https://t.co/vmLS9F55HV
p536
aV#ballotsfullofwomen #49thwardChicago #earlyvoting #girlpower #HillaryClintonForPresident https://t.co/IvBui0qavf
p537
aV@JLSigman @Lin_Manuel best explanation I've heard so far
p538
aVRT @billmaher: Thank Trump for the one good thing he did. He exposed Evangelicals, who are his supporters as the shameless hippocrates they\u2026
p539
aV@LinzeRice is there f/u story on West Ridge condo hadn't been updated since 70's?  Did the new owners keep or ditch the kitsch?
p540
aV#FlyTheW #GoCubsGo #cubsparade https://t.co/F6DGwkVvZM
p541
aVRT @barstoolsports: Steve Bartman be like .. https://t.co/1crScoFXOQ
p542
aVCubs parade #FlyTheW #cubsparade https://t.co/QnD1D9tGNN
p543
aV@wendellaboats Sailing The W - or from my angle, the M https://t.co/lQJn8mxxCZ
p544
aVRT @TeeRico_LinMan: 1/2\u000aIn honor of the #bitofaday for #ChicagoCubsWorldChamps \u000aFREE SHIPPING TO THE GREAT STATE OF #illinois ALL DAY TODAY\u2026
p545
aV@leslieodomjr https://t.co/NZGGnUidXf
p546
aVRT @cta: Red Line trains continue to bypass Addison, use Belmont instead (Belmont and Sheridan have remained open).
p547
aVRT @davidchang: Steve Bartman you are free. Thank goodness. Only reason I rooted for the cubs https://t.co/hUqRokN6u9
p548
aVChicago Cubs Alexander Hamilton Parody - The Team At Clark and Addison @jxmccarter  @RogersParkMan @rpublichouse  https://t.co/M1rLeBdXej
p549
aVThis town is burning down tonight. I've never heard so many fireworks and possibly gunshots at once #rogerspark #cubsworldseries
p550
aV#rogerspark and #Evanston losing its collective shit. #Cubs #cubsworldseries https://t.co/ncISv3eTYM
p551
aVhttps://t.co/eMevhf6QEd via @youtube
p552
aVIt appears Misty is pleased the Cubs scored again #Cubs #CatsOfTwitter https://t.co/zl1FhVv2Uf
p553
aV@jxmccarter does it count as another day of rest for anyone in Wriglyville? #hangover #nosleep
p554
aVOh ok here it is - #GoCubsGo . But #WhiteSox  next year?
p555
aV@Lin_Manuel say Go Cubs Go? #Cubs #WorldSeriesGame7
p556
aV@RogersParkMan @robertloerzel @LizGaribayChi @KathleenMRooney @fakedansavage @fakedanshusband going to vote this Sat thanks for the idea!
p557
aVSo many signs on one van. Also full of Amish ppl - wha?!?! @lizcasteneda https://t.co/7l0SDByVGz
p558
aVBig F'ing Ark full body shot @lizcasteneda https://t.co/oy7QWW5Oum
p559
aVBig f'ing ark @lizcasteneda https://t.co/kovqg6H24O
p560
aVDisappointed ark encounter was this busy! https://t.co/ACIlFTc78I
p561
aVAmish woman with iPhone was fighting me to get this photo. da Fuq she had nicer phone! Ark encounter https://t.co/10UUPD2DjJ
p562
aVNoah's workshop on ark has lots of Dino drawings on the walls #arkencounter https://t.co/aqZfCtu9Ma
p563
aVInner workings of Noah's Ark #arkencounter https://t.co/YvnRZgPRbQ
p564
aVDinos on Noah's Ark #arkencounter https://t.co/HkNw19AYKD
p565
aVT Rex was on Noah's Ark. Became temporarily vegetarian so wouldn't eat other animals #creationmuseum https://t.co/Zm0jbAGeE0
p566
aVI.can't.even #arkencounter https://t.co/CtHrIP4MFG
p567
aVDenial isn't just a river in Egypt #arkencounter https://t.co/SfSC8tOV3t
p568
aVMakes sense #creationmuseum #sarcasm https://t.co/niEsc1H0xc
p569
aVI'm so sad I had to miss Ray Comfort and Ken Ham extravaganza. #banana #arkencounter https://t.co/NLugEVBw34
p570
aVKen Ham not amused #creationmuseum https://t.co/H5pHNxCw3f
p571
aVCave people and Dinos hanging out #creationmuseum https://t.co/lfAXOr4OPQ
p572
aVCool story bro. Logic on right totally makes sense #creationmuseum https://t.co/c5CcWzr7NN
p573
aVWhat my blasphemous self typically says on daily basis #creationmusem https://t.co/oVKFMjMzJ0
p574
aVAdam and Eve (and certainly not Steve) @ Creation Museum. https://t.co/4dOFjazP5g
p575
aVOff to purify myself I the waters of #lakeminnetonka #prince #rpublichouse #rogerspark https://t.co/DbPpWwLi39
p576
aVLook at who I ran into last week @AnalogWalrus ! Couldn't believe it had been 8.5 years - won't be so long next time https://t.co/7ns3gW9X09
p577
aVI sh!t you not this exists in Indiana. Wonder which town Mike Pence would reside? #indiana #ohnotheydidn't https://t.co/bCpn7dK37b
p578
aVMe @ The Creation Museum. I didn't blend in very well. @billmaher https://t.co/vpzs0vB4J0
p579
aVOh hai @Lin_Manuel @leslieodomjr  new musical idea? The Room (where it happened)? @TommyWiseau is available! https://t.co/otDWlwh0vb
p580
aVRT @TheRoomMovie: DISCOVER "THE ROOM" BY TOMMY WISEAU https://t.co/UleEeT4RZN https://t.co/FbhfSE6hsS
p581
aV@jxmccarter @wcfbook how many signed copies? Thinking great Xmas gifts!
p582
aV@DineshDSouza that is uncalled for. Are u saying adopted children are trash or evil?
p583
aV@RogersParkMan JB was bat sh!t crazy. Check out Bleeding Kansas stuff he did - makes Django look tame
p584
aV#boston #charlesriver @ Boston University Bridge https://t.co/q1SqfWhfcC
p585
aVVery cool Nebraska moose wandering the Bohemian Alps! https://t.co/qZKx80KGfH
p586
aVMassage time for Misty. I'm so #catwhipped https://t.co/NKRkXUFDZJ
p587
aV@ConanOBrien or William Howard Taft Xtra Large and Fluffy Towels?
p588
aV@politicususa I hope there is one of these taco trucks on every corner
p589
aVI need this! Inspiring mountain scenery would help as well https://t.co/Wbq2YEmdl5
p590
aV@ClemsonFB why does a bus drive FB players to the other side of the stadium? They are healthy young man who can run on their own?
p591
aV@AnalogWalrus @YouTube Srsly the worst
p592
aV@politicususa Folks of Baton Raton don't care b/c they are all +65 and will be dead soon
p593
aVFolks of Baton Raton don't care b/c they are all +65 and will be dead soon https://t.co/qkqKYYgK2b
p594
aV@AnalogWalrus personally I find every CO Buff loss extremely satisfying. God I hate them
p595
aV@RogersParkMan @Trib_ed_board @fakedansavage bunch of cowards. If @azcentral endorses HRC and trib doesn't, says a lot abt Ed board
p596
aVLet's Get Married #theproclaimers @ParkWestChicago https://t.co/9Sg2HgfXtM
p597
aV@seanmhaggerty @jessie_b1982 @TURNFans @TurnLand @TurnAMC It will be nice to have the Washington endorsement!
p598
aVNothing like off key singing on the redline to wake me up #cta
p599
aVRT @cdelbrocco: Trump = 3 wives\u000aNewt = 3 wives\u000aRudy = 3 wives \u000aRush = 3 wives\u000aBut Hillary Clinton is the bad person for having 1 husband.
p600
aVEndorsement: Hillary Clinton is the only choice to move America ahead https://t.co/rWaEPr8Y8Q stunning read *mic drop*
p601
aV@CaitlinAeRee @seanmhaggerty @TurnLand @kellakin @missjessbee12 @TURNFans @MorganicInk Simcoe has a very punchable face.
p602
aV@LinzeRice more spectacular waves Eastlake Terrace. #rogerspark note water splashing OVER light pole https://t.co/MdumzStxLC
p603
aV@LinzeRice Spectacular Rogers Park surf! https://t.co/10oqktY4z5
p604
aV@nbcchicago more crazy waves Rogers Park https://t.co/svKx84w8Uk
p605
aV@nbcchicago crazy wave action Rogers Park https://t.co/IXeXmLL9qX
p606
aVRT @StephenAtHome: Disney green-lit a live-action remake of The Lion King. But this time, instead of Scar, Mufasa will be killed by Trump\u2019s\u2026
p607
aVRT @billmaher: Trump proud of himself that he called her "Secretary Clinton" - as opposed to what, Bitchula?
p608
aV@jxmccarter @Lin_Manuel oops @wcfbook had a #Portlandia moment
p609
aV@jxmccarter @Lin_Manuel any stops at Women and Children Only? Best indie bookstore in Chicago
p610
aV@Lin_Manuel ain't very quaint so plz don't stop n stare/I'm just technologically impaired - lyrical brilliance Amish Paradise
p611
aV@Lin_Manuel welcome to Chi-Town! Check out Rogers Park when ur here too #rogerspark
p612
aVRT @nbcchicago: Lin-Manuel Miranda of "Hamilton" sings Donald Trump tweets https://t.co/WaOLGZ6znK
p613
aV@PhilPonce is the Lin Miranda interview live tomorrow? #Ham4Ham
p614
aVMorrissey with Charlie Starkweather in the background #morrissey #morrisseytour2016\u2026 https://t.co/8SqWgMcAKM
p615
aV#alderbrookresort https://t.co/jaRL1ab6x8
p616
aVEverybody Wants To Rule The World - Ted Yoder cover Tears for Fears @MickPuck have u seen? Must collab with Ted! https://t.co/Filgd4DHuZ
p617
aVLooks like one kitty is coming to Seattle with me.  #catsofinstageam @ Chicago, Illinois https://t.co/rs9pmelNqu
p618
aV#jibarito #summerinchicago @ La Bruquena https://t.co/KSajBD9goA
p619
aVChicago summer can't get any better rose &amp; #hamiltome @jxmccarter https://t.co/Z1Bwy3fbSS
p620
aV@BushsBeans your beans go nicely with my big sausage!
p621
aV@pang yes it is! Crazy wonder what is cooking in that kitchen
p622
aV@wcfbook are there any signed copies of Jeremy McCarter's Hamilton book left?
p623
aVProtest at State and Wacker in Chicago #blacklivesmatter #nbcnews5 https://t.co/Ioq0fXNS2p
p624
aVRogers Park - heavy rain approx 8:15 #nbc5chicago https://t.co/UT8PVTKVWe
p625
aV@MickPuck Chicago's best busker Ashley Stevenson. Pls giver her a listen amazing! #12stringguitar #busker  https://t.co/0dUx96QPuA
p626
aV@RCNconnects where can I get updates if I'm in an area experiencing outage? #rogerspark
p627
aVWhere can I find replacement pads for T2 +DL aerobars?  Looked in amazon shop and online cannot find thx!
p628
aV@amanadvani Love the brand!  Who is your real estate broker, would love to talk about opportunity at Willow Bend in Plano, TX. Thx!
p629
aV@LinzeRice do police think this is same perp from the Loyola SA last month? Worried RP has serial rapist...
p630
aV@ICSC How do I print the list of ICSC NY attendees?  Website usually gives print option but not right now? Could you help troubleshoot?
p631
aV@cta northbound redline slow are there delays? Rush hour, should be less 5 minutes wait
p632
aV#dismaland makes Bridlington look like Tenerife. https://t.co/y26i9LPF9K
p633
aV@dismaland I live in the US - every day I look at society &amp; go WTF? Wuld love to surround myself with people and art for one day who get it.
p634
aV@cesweathertri is the iron training group out of old town still on? We are in a tornado watch &amp; looks to be stormy through the evening
p635
aVRT @NoelGallagher: .Black__rivers sound checking. The Ship sounding great! http://t.co/BZlzLtpHgz
p636
aV\u201c@Sands: "Some like it Scot." Hot new #Outlander posters spotted this morning. @Outlander_Starz http://t.co/Nco0CCfiKv\u201d lol me
p637
aV@fakeGovRicketts your sister Laura is gay &amp; on board of Lambda Legal! How do you sleep at night?
p638
aV@GovRicketts you support upholding the ban but you have a sister who is gay &amp; an activist. How are you two able to bridge the belief gap?
p639
aV@focusedbc Please reconsider #lisapennington as guest mentor. http://t.co/gv5CVeuVMU #identityabuse #childabuse
p640
aV@katieobrien2014 nope Nicky wanted to watch Columbo reruns
p641
aV@IrvineWelsh have you had a haggis pierogi? Absolutely heavenly. There is a place in Glasgow that makes them
p642
aVPro-tip: $5 foot longs do not need their own seat on public transit. Thx a$$hole for using up the handicap seat for a sandwich
p643
aV@mega5tr same here! If u ever come to US plz crash with us in #chicago
p644
aVRT @theirishpost: INTERVIEW: Andy Williams of #Doves on his new band @Black__Rivers and their debut album http://t.co/mCDeyHEmIO http://t.c\u2026
p645
aVRT @Chicagoist: This Week In Chicago Food Porn http://t.co/1xj8nEBw4b http://t.co/xV8PQ3Kbf4
p646
aV@IrvineWelsh and CTA!
p647
aVRT @TheDailyShow: #TDSBreakingNews Oregon is US's No. 1 moving destination. Settlers even caulking wagons and fording rivers to get there. \u2026
p648
aVRT @FailBlog: I vant to suck your bloooood! http://t.co/neznVPr81j
p649
aV@thereaIbanksy love your Twitter feed - it always puts me in a positive mindset. Thank you!
p650
aVRT @TheOnion: "I just see amorphous clouds of the same basic hue, some of which have guns.\u201d http://t.co/lhyID9M42P http://t.co/cHHUIGsWBH
p651
aVHow to tell New Year @ LA Fitness? Pool is full and 50% swimming in their undies
p652
aV@raminkarimloo Neighbor downstairs singing Les Mis soundtrack. Is it socially acceptable to stomp on floor when butchering Bring Him Home?
p653
aV@gregsestero I assume you are taking the photo while wearing your tuxedo?
p654
aV\u201c@HistoryInPics: Alice Cooper and Salvador Dali, 1973 http://t.co/D9y8Ie6S0P\u201d amazeballs
p655
aV\u201c@WGNNews: PHOTOS: Scene of the partial building collapse at Morton Salt: http://t.co/s13MNIHfya http://t.co/y7SjlDiRMm\u201d LOLOL
p656
aVRT @nprnews: Sign up for a gym for 2015? Well, they're banking on you not going. http://t.co/HDuG7rN5YX http://t.co/60hW9FPlHQ
p657
aVRT @FailBlog: A Christmas angel for some. http://t.co/dYV6oc4lEN
p658
aV@AmericanPicker Free pick as long as you can remove and haul!  Please save this Chicago landmark http://t.co/NIIyad76Ca
p659
aV@MissedinHistory Villisca AMH is in the news http://t.co/199EfhRbJI Paranormal investigator stabbed himself
p660
aV@paperbullets Claire can be both ppl we all have diff sides we show to different people. Even w/ Frank &amp; Jamie she shows different Claire's.
p661
aVRT @TheDailyShow: #TDSBreakingNews McDonalds profits plummet 30%. Hamburglar forced to steal burgers to survive instead of just for the thr\u2026
p662
aVStacey Jones completed the BoA ChiMarathon! Time 05:35:47 (UNOFFICIAL) http://t.co/khHfWFA4Ag #ChiMarathon
p663
aVStacey Jones crossed 30K. Time 03:54:38, pace 12:36 min/mile, est. finish 1:56pm http://t.co/khHfWFA4Ag #ChiMarathon
p664
aVJason Taylor completed the BoA ChiMarathon! Time 03:41:43 (UNOFFICIAL) http://t.co/khHfWFA4Ag #ChiMarathon
p665
aVStacey Jones crossed HALF. Time 02:44:50, pace 12:35 min/mile, est. finish 1:55pm http://t.co/b9gaaCd3cO #ChiMarathon
p666
aVJason Taylor crossed 30K. Time 02:34:01, pace 08:16 min/mile, est. finish 11:16am http://t.co/khHfWFA4Ag #ChiMarathon
p667
aVStacey Jones crossed 10K. Time 01:18:46, pace 12:41 min/mile, est. finish 1:58pm http://t.co/khHfWFA4Ag #ChiMarathon
p668
aVJason Taylor crossed HALF. Time 01:48:18, pace 08:16 min/mile, est. finish 11:15am http://t.co/khHfWFA4Ag #ChiMarathon
p669
aVJason Taylor crossed 10K. Time 00:52:11, pace 08:24 min/mile, est. finish 11:19am http://t.co/khHfWFA4Ag #ChiMarathon
p670
aVStacey Jones started the BoA ChiMarathon! http://t.co/khHfWFA4Ag #ChiMarathon
p671
aVJason Taylor started the BoA ChiMarathon! http://t.co/khHfWFA4Ag #ChiMarathon
p672
aVRT @TheOnion: Nation\u2019s Cuckolded Husbands Gear Up For First Day Of Hunting Season With Wives\u2019 Lovers http://t.co/1hFiLPCT0V http://t.co/yYL\u2026
p673
aVRT @YourAnonNews: http://t.co/kX4f721ydp
p674
aV@AmandaLeibovitz Counted my strokes today at the pool - first day of your class 25 strokes now down to 22!  All b/c your coaching thx!
p675
aV30-Minute Weekday or Weekend Water-Propelled Jet-Pack Experience from Rocketman (50% Value) http://t.co/Sl9NGPeZBr
p676
aV@Uber I was charged $41 for a late cab cx.  I understand this should be $10 how do I dispute?
p677
aVRT @3339666: \u201c@sternshow: The Dell\u2019Abate-Stamos Christmas Card @robertAbooey @johnstamos #H100 http://t.co/xr8iS7zX9n\u201dHAHA Tatatoothy must \u2026
p678
aVLulz http://t.co/NgADSjB4Xu #watertown
p679
aVRT @BostonGlobe: RT @AP: BREAKING: AP sources: Boston bomb suspects from Russia region near Chechnya, lived in US at least 1 year.
p680
aV@DedeHaislip @iAmCordaryL Dede have you had the baby yet do you have any updates?
p681
aV@xgaygreg Hi Greg hope all is well how is Dede doing is she ready to be done with being pregnant haha?
p682
aV@xgaygreg If you gay but stay celibate is that cool with God?
p683
aVRT @billmaher: They were laughing at #DonaldTrump today on FoxNews! I think my work for the week is done.
p684
aVRT @MayorEmanuel: Axelrod and I are double-fisting beers right now, smashing the empties on our foreheads. IT FEELS FUCKING GREAT TO BE  ...
p685
aV@RAMRACING Stormasaurus Rex
p686
aVRT @MayorEmanuel: Me, I've got a fleet of Teamsters, and we're barreling down Milwaukee. ACES FUCKING HIGH, YOU MOTHERFUCKING STORM.
p687
aVthundersnow! #snomg
p688
aV@nprpolitics Obama is going to have to dry clean his suit after that!
p689
aV@Kid_A_tribute Check them out!  One of the best tribute acts I've ever seen.  Period.
p690
aVVerdict:  The Mayne is one of Chicago's best venues.  Loved KID A and A-Muse...go see them if you have a chance!
p691
aV@AnalogWalrus Alabama - no surprise there!  2b honest I don't think I'd want 2 b his sister
p692
aV@redeyechicago DJ Kling-On here thx for coming to DDPP!  Hope u luvd the sweet David Bowie Mix & r BA moves.
p693
aVRT @redeyechicago: Shake, shake ... shake your booty - without being judged. And have fun! http://bit.ly/gO7IJy - so you think you can d ...
p694
aVRT @runnersworld: SAVE THE DATE: Registration for #ChicagoMarathon opens at midnight CST on Tues. 2/1. http://ow.ly/3FR4o
p695
aV@JanuaryOfficial 136 now.  Hello fellow midwestern grl frm Nebraska.  Love SFSD (esp loved Empire Mall)
p696
aVRT @nprpolitics: Cheney Says He May Need Heart Transplant http://n.pr/gvPhyd
p697
aV@BartYasso Very sexy keep them!  Only place not in style is Possum Holler USA...the place Deliverance was thought to be a documentary
p698
aV@TestKitchen  Homemade haggis my husband makes.  Lamb liver, spleen, tongue, kidney, heart, lung, suet and oats!
p699
aVA trip to Fresh Farms in Niles today for a few hearts of a lamb and maybe some under the table lamb's lungs.
p700
aVDoes Paula Deen make any recipes that don't involve butter?
p701
aVI'm nervous what is going to happen when I finally eat all the sugar in the house.  I think there is going to be a huge crash.
p702
aV@NoReservations  Has Tony started making his Kwanzaa Cake yet?
p703
aVI love being back in America, but England and Scotland are my second homes.  I miss it already.
p704
aV@walrusoct9 so whenever he calls anyone...from his coach to his mother...would it be called a Booty Call?
p705
aV@bysongasaurus the coffee didn't work?  Pumpkin Lattes from DD seems to solve many of my woes...at least temporarily.
p706
aVCan't wait for some quality drinking time this Saturday.  That is, if I'm not on call for work.
p707
aVPumpkin muffins are amazing...kudos to Lauren for the idea for the great squash sunday bake-off!
p708
aVIs just not good at this here twitter thing
p709
aVRock Music is Evil http://bit.ly/iCj00\u000a\u000aI'm pretty much in agreement that Kenny Loggins is 100% pure evil.
p710
aVI'm pretty sure I'm going to sign up for The Great Manchester Run 10K next May.  Pretty sweet race...Haile Gerbalassie is a past winner.
p711
aVis dying to have a weekend where it is finally warm and dry enough to wear a swimsuit.
p712
aV@justinionn ewww...feel better!  Have you been using a new moisturizer or sunscreen on your skin?
p713
aVJust so you all know my boss says he thinks twitter is pointless and facebook is much cooler.
p714
aVAnother one bites the dust...
p715
aV@walrusoct9 if you turn off the sound it looks like it could be a Stevie Nicks video.
p716
aVPush Me On by Doves is the greatest workout song ever...must get to work on my Doves Marathon Training Playlist.
p717
aVIs something wrong with me that I can't figure out how to respond to a direct message?
p718
aVI broke my promise and I joined
p719
a.