(lp0
VRT @JohnBrennan: As a former resident of Texas and a proud UT-Austin alumnus, I believe Beto O\u2019Rourke is the type of individual Texans need\u2026
p1
aVRT @Comey: VOTE in 3 days: \u201cI will not vote for another Republican until Trump is out of office.\u201d My independent-voter wife to a Republican\u2026
p2
aV@realDonaldTrump You are a joke. A fraud and #NotMyPresident
p3
aVRT @AndrewGillum: I heard @realDonaldTrump ran home to @FoxNews to lie about me. But as my grandmother told me \u2014 never wrestle with a pig.\u2026
p4
aVRT @HillaryClinton: Our democracy is in crisis. In just one week, we as citizens have the chance to pull it back from the brink. \u000a\u000aLet's wa\u2026
p5
aV@GOP https://t.co/7UFYckAJle
p6
aVRT @stuartpstevens: I\u2019ve help elect 30-something Republican Senators and governors, five presidential campaigns and seeing the RNC tweeting\u2026
p7
aVRT @harryreis: When @potus says \u201cglobalists,\u201d he means Jews. When white supremacists have used this word as a dog whistle, he means Jews. W\u2026
p8
aVRT @NicolleDWallace: If you\u2019re afraid that this moment is making you numb - stop what you\u2019re doing and read this- you\u2019ll cry, but you\u2019ll st\u2026
p9
aVYet another symptom of \u2066@realDonaldTrump\u2069 being in the WH. Sad. Pittsburgh synagogue shooting: 11 people killed, of\u2026 https://t.co/f1yC3yzYYi
p10
aVRT @HillaryClinton: This is an attack on the humanity of transgender people and it cannot stand. Let's send a clear message that we won't s\u2026
p11
aVRT @real_farmacist: amazing guy on healthcare https://t.co/G8JbLKh0FS
p12
aVRT @elizabethforma: Our first debate just ended, and one thing is very clear: If Massachusetts sends my opponent to the Senate this Novembe\u2026
p13
aVRT @ava: We know the number. 53% of white women voted for this man to run the country after this tape was released. There is a deeply roote\u2026
p14
aV@politico How about we forget @BernieSanders and all the other men. Misogyny at its best @politico
p15
aVPure misogyny. Pathetic @politico https://t.co/3E1yHkh1b9
p16
aVMisogyny? @politico are you writing the same story about @BernieSanders ? I want him to go away. How Do You Solve a\u2026 https://t.co/XcPJgRGiHb
p17
aVRT @BetoORourke: This is the election of our lifetime. We have the opportunity to inspire Texas, our country, and the world. RT to share Be\u2026
p18
aV@realDonaldTrump @FoxNews God. You are a pig. @FLOTUS
p19
aVI am not a huge Elizabeth Warren fan but this is well done. https://t.co/MWcp41F8cY
p20
aVRT @camanpour: Donald Trump, Jr.: Stop smearing our missing colleague Jamal Khashoggi. Do not add insult to catastrophic injury.\u000a \u000a@pressfr\u2026
p21
aVThank you @HillaryClinton https://t.co/iS7KOeKlqT
p22
aVRT @nowthisnews: This Disney heiress is here to tell you exactly what the 1% did with Trump\u2019s tax cuts\u000a\u000aSpoiler: They didn\u2019t create more jo\u2026
p23
aV@CNNSitRoom As if I need another reason to find disdain for #fakepresident @realDonaldTrump. Facts black unemployme\u2026 https://t.co/c2W9QWjPyW
p24
aVRT @GeoffRBennett: Kanye West\u2019s comments today about African Americans and welfare were as objectively false as they were dangerous in perp\u2026
p25
aVRT @AnnaKrukCorbin: I don't own or understand stocks.\u000a\u000aWe are a lower middle class family on a strict, paycheck-to-paycheck budget.\u000a\u000aI budg\u2026
p26
aVRT @HillaryClinton: Eleven weeks ago, the administration was supposed to finish reunifying families it separated at the border. Eleven week\u2026
p27
aVChicago #1!! https://t.co/tsfb2XtlMq
p28
aVRT @SarahKSilverman: SO WE GONNA IGNORE THIS RIGHT? @Scotus https://t.co/5DL1XFKB3i
p29
aV#LOCKHIMUP @realDonaldTrump What's next from NYT's Trump tax team? @CNN https://t.co/H88wYMtD7J
p30
aV@LindseyGrahamSC Lindsey Graham Is the Saddest Story in Washington  https://t.co/NeJZYtFXbO
p31
aVRT @ava: We can get mad at this. Tweet up a storm. Call him names. All those things. Or - we can do the only thing that really matters. Vot\u2026
p32
aVRT @AmbassadorRice: Thanks for recalling. I was very grateful for Senator Collins\u2019 extremely generous endorsement of my nomination and her\u2026
p33
aVDeficit soars to $782 billion in 2018 - The Hill. another \u2066@realDonaldTrump\u2069 failure \u2066@GOP\u2069  https://t.co/c7YLCeYBGh
p34
aV@AmbassadorRice When you decide my money is going to you!!
p35
aVRT @SandraBernhard: thank you brilliant activist https://t.co/yX2A0V3JzY
p36
aV@SenatorCollins @JeffFlake so sad and disappointed in the two of you. https://t.co/Y7GFx3agtq
p37
aVRT @iamwandasykes: Giiirrrrlllll...this is so my mood!  I just can\u2019t.  I told Alex to only speak to me in French from now on. https://t.co/\u2026
p38
aV@SenatorCollins @jaketapper So disappointed in you @SenatorCollins. Regardless he told \u201cwhite lies\u201d under oath whic\u2026 https://t.co/Ixt9V6cKIU
p39
aV@SenatorCollins so disappointed in you Senator Collins.
p40
aVRT @KatyTurNBC: X100 https://t.co/SatmLPMFIg
p41
aVRT @carolynryan: We had to bring in extra printing plant workers at @nytimes to put out this 8-page 14,000-word historic investigation. htt\u2026
p42
aV#fraud \u2066@realDonaldTrump\u2069 \u2066@GOP\u2069  https://t.co/eLhyvCgtjz
p43
aV@LindseyGrahamSC @LindseyGrahamSC you are a coward
p44
aVRT @itscaitlinhd: Hundreds of migrant kids are being shipped each week to a tent city in South Texas, where they won\u2019t get schooling or hav\u2026
p45
aV@SenBobCorker Coward
p46
aV@KatyTurNBC Now he cannot stop crying which went from sincere to worrisome, fragile, ashamed of something.
p47
aV\u2066@DNC\u2069  https://t.co/xxGDFgBWmH
p48
aV@realDonaldTrump @GOP @LindseyGrahamSC @ChuckGrassley https://t.co/mhIj6wfZ1y
p49
aV#BozoinChief \u2066@realDonaldTrump\u2069 bragged about his presidency and world leaders laughed - POLITICO https://t.co/pwIVYW9x5Q
p50
aVRT @chefjoseandres: Are you happy @realDonaldTrump ? @IvankaTrump ? Are you proud? This is how you make America great? https://t.co/Q9WMnA2\u2026
p51
aV@realDonaldTrump @ChuckGrassley @GOP https://t.co/qN6qB3R99a
p52
aVRT @_SJPeace_: Beto O\u2019Rourke was asked \u201cWhat can you do for Black women in Texas?\u201d\u000aThis was his response.\u000a\u000aTEXAS BRING IT HOME!\u000a\u000aRETWEET TH\u2026
p53
aVRT @HillaryClinton: .@Deb4CongressNM is a lawyer, an enrolled member of the Pueblo of Laguna, and a candidate for Congress in the 1st distr\u2026
p54
aVRT @HillaryClinton: .@LucyWins2018 is a businesswoman and activist running for Congress in the 6th district of Georgia. After her son, Jord\u2026
p55
aVRT @kylegriffin1: Mazie Hirono tells ABC that Chuck Grassley's claim that Republicans have done everything they can to contact Dr. Ford "is\u2026
p56
aV@realDonaldTrump Because she was a scared 15 year old girl, you ignorant imbecile.
p57
aVThank you for your leadership https://t.co/fgLHhi4GQc
p58
aVBrilliant \u2066@HillaryClinton\u2069 Brilliant  https://t.co/Hi0IzUei8R
p59
aV#MyPresident https://t.co/1m8hopjg8w
p60
aVRT @TaiwanSunshine1: @realDonaldTrump https://t.co/nhGVJwvf6D
p61
aV@realDonaldTrump Donnie, are you getting scared? Jail time for you for sure. #LOCKHIMUP
p62
aVRT @HillaryClinton: The administration is now seven weeks late in meeting its deadline to reunite families they separated at the border. Hu\u2026
p63
aVRT @CarmenYulinCruz: Mr Trump you can try and bully us with your tweets BUT WE KNOW OUR LIVES MATTER. You will never take away our self res\u2026
p64
aV@RealRonHoward I don\u2019t want him to resign. I want him thrown in jail and stripped of the title of president.
p65
aV@TexasGOP https://t.co/TJhCT3QPYr
p66
aV@realDonaldTrump @GOP @LindseyGrahamSC @OrrinHatch when are you going to do something about this madman?
p67
aVRT @MSNBC: A new poll shows that nearly half the nation says President Trump should be impeached &amp; removed from office.   https://t.co/9sCF\u2026
p68
aVRT @CarmenYulinCruz: This is what denial following neglect looks like: Mr Pres in the real world people died on your watch. YOUR LACK OF RE\u2026
p69
aVRT @JohnJHarwood: wait a minute this is over the top even for Trump. does a picture of him clearing rubble exist? https://t.co/L9Aj3LYI6L
p70
aV@SusanSarandon @Variety Go away @SusanSarandon Go away. Your actions and words are partially to blame for this tragedy of a presidency.
p71
aV@realDonaldTrump God you are pathetic. #fraud #LOCKHIMUP
p72
aVRT @JoeNBC: My Latest\u2014&gt; Trump is damaging the dream of America more than any terrorist attack ever could.  https://t.co/DEnYurEFmW
p73
aVRT @HillaryClinton: May we always remember those we lost 17 years ago. May the love, bravery, and selflessness so many showed that day ligh\u2026
p74
aVRT @maddow: \u201c\u2018If in fact (Kavanaugh) was not truthful, then obviously that would be a major problem for me,\u2019 Collins said.\u201d https://t.co/nr\u2026
p75
aVRT @mitchellreports: .@realDonaldTrump says economy heading south when he took office going in the wrong direction: \u000aFacts: Jobs grew from\u2026
p76
aVRT @HillaryClinton: This took courage. Thank you, David, for speaking out. Now let\u2019s turn to the future and mobilize people for the midterm\u2026
p77
aV@realDonaldTrump Seriously, Donnie, I\u2019m starting to believe people when they say you are nuts. @GOP @LindseyGrahamSC
p78
aVRT @JoeNBC: The Founding Fathers foresaw a demagogue like Donald Trump. They just never imagined a  collection of sycophants and sniveling\u2026
p79
aVRT @HillaryClinton: This fight isn't over until it's over, and the only thing we can count on in this era is that these battles won't alway\u2026
p80
aVRT @Lawrence: This is the worst thing I learned about Judge Kavanaugh today. https://t.co/P62fhmddQv
p81
aVRT @HillaryClinton: Do you have a pre-existing condition? Do you care about someone who has one? Could you or someone you love ever get one\u2026
p82
aVRT @Kaepernick7: Believe in something, even if it means sacrificing everything. #JustDoIt https://t.co/SRWkMIDdaO
p83
aV@realDonaldTrump You are an embarrassment to the USA.
p84
aVRT @cindymccain: Today we lost our hero, our friend, our mentor, our father, our grandfather and our husband. Together we mourn and togethe\u2026
p85
aV@GOP @LindseyGrahamSC @realDonaldTrump \u201cThe America of John McCain has no need to be made great again, because Amer\u2026 https://t.co/a6qQbyQrxX
p86
aV@GOP https://t.co/J8kbJpH6Pv
p87
aVRT @SenSchumer: No amount of @realDonaldTrump tweets can change fact that real wages are declining; while cost of living\u2013 esp gas prices &amp;\u2026
p88
aVRT @JoeNBC: I always remind friends (and myself) that my father did not believe a single story about Nixon until the end when the tapes cam\u2026
p89
aV@realDonaldTrump @StefanSteiner Seriously you are delusional. #LOCKHIMUP
p90
aVRT @HillaryClinton: We're only 10 weeks out from the midterm elections. Have you answered Michelle's call to help get out the vote?\u000ahttps:/\u2026
p91
aVRT @WalshFreedom: I voted for a punch in the face. \u000a\u000aThe punch in the face turned out to be a bully who purposely lies to the American peop\u2026
p92
aVRT @MeghanMcCain: Please read my father's farewell letter to the country he loved so much - \u201cDo not despair of our present difficulties but\u2026
p93
aV@MeghanMcCain God bless your Father, a true American Hero. I did not agree with his politics but there is no doubt\u2026 https://t.co/J8rm99Dq2X
p94
aVRT @DisavowTrump20: BREAKING: a new poll shows Democratic Rep. Beto O\u2019Rourke in a statistical tie with Ted Cruz for the 2018 Texas U.S. Sen\u2026
p95
aV@MSNBC @GOP @LindseyGrahamSC does this really surprise us? This makes Donnie look smaller than he already is.
p96
aV\u2066@GOP\u2069 \u2066@LindseyGrahamSC\u2069  https://t.co/kXJHCUb6ZF
p97
aV#StillWithHer https://t.co/520JXKGHFO
p98
aVRT @TheRickyDavila: Undoubtedly one of the most memorable John McCain clips.\u000ahttps://t.co/4JZiZf6pg5
p99
aV@realDonaldTrump Donnie #LOCKHIMUP you fool. You fraud. John McCain was more man in the tip of his little finger than you will ever be.
p100
aVA great man. https://t.co/0l0CexxGkM
p101
aVRT @BillClinton: John McCain believed that every citizen has a responsibility to make something of the freedoms given by our Constitution,\u2026
p102
aVRT @HillaryClinton: .@SenJohnMcCain lived a life of service to his country, from his heroism in the Navy to 35 years in Congress. He was a\u2026
p103
aV@morningmika This is who you helped get elected, Mika.
p104
aV@realDonaldTrump #LOCKHIMUP you\u2019ll be behind bars soon, Donnie. You can spew these lies but any intelligent person\u2026 https://t.co/UXbPTMQDDu
p105
aV@GOP https://t.co/IqDhXnv93c
p106
aV@realDonaldTrump #LOCKHIMUP #LOCKHIMUP #LOCKHIMUP, Donnie. Can\u2019t wait until you are behind bars.
p107
aV@realDonaldTrump @GOP #LOCKHIMUP https://t.co/mJvOdbAafn
p108
aV#LOCKHIMUP https://t.co/cecltN5WCS
p109
aVRT @Peter_Wehner: Mr. Trump was emotionally/psychologically unwell when he became president. His condition is clearly worsening. He's becom\u2026
p110
aVRT @73SNAngel: @Peter_Wehner As disgusted as I stay w/45, it doesn't come close to the disdain I have for the party I used to be proud to b\u2026
p111
aVRT @HillaryClinton: This is a heart-wrenching disgrace. https://t.co/Lj1qqIJAwf
p112
aVRT @HillaryClinton: It's been three weeks since the deadline for the administration to reunify families it separated at the border. Today,\u2026
p113
aVRT @JohnBrennan: This action is part of a broader effort by Mr. Trump to suppress freedom of speech &amp; punish critics.  It should gravely wo\u2026
p114
aVRT @JoeNBC: There are so many lies Trump worshippers tell themselves to sleep at night. But the lie they repeat most often is that Trump tu\u2026
p115
aVRT @_SJPeace_: We need more of this &lt;3 \u000a\u000aThis man is a hero.\u000a\u000aThis small gesture warmed my heart.\u000a\u000aRETWEET THIS! https://t.co/PoT7S6ywyN
p116
aV\u2066@GOP\u2069  https://t.co/gQEN8Aqbe2
p117
aV\u2066@GOP\u2069 Man calls voting for Trump 'biggest mistake' - CNN Politics https://t.co/spBPcYxZaf
p118
aVDonate to @BetoORourke https://t.co/Ojuvv1myRS
p119
aVRT @Acosta: I walked out of the end of that briefing because I am totally saddened by what just happened. Sarah Sanders was repeatedly give\u2026
p120
aV#LockHimUp @realDonaldTrump https://t.co/nEuAeymqbt
p121
aVRT @JasonHalle: Think Very Carefully before Voting for Third Party Candidate\u000a* Pennsylvania, Jill Stein 49,678 votes. Trump won by 46,765 v\u2026
p122
aVRT @ChrisCJackson: These are the same people who chant \u201cU.S.A.\u201d and pretend to care about the National Anthem. Fuck every one of these hypo\u2026
p123
aV\u2066@GOP\u2069 when is enough, enough? Your complacency is pathetic. Athletes react strongly to President Trump insulting L\u2026 https://t.co/S0LNII7oE9
p124
aV@realDonaldTrump Not only are you not presidential but you are not human. You are a #fraud #LockHimUp
p125
aV@GOP @realDonaldTrump https://t.co/7DOm7LRhpe
p126
aVRT @HillaryClinton: It's been a week since the deadline for the administration to reunify families it split up at the border. More than 559\u2026
p127
aVRT @SallyQYates: Today our president called on his (recused) AG to shut down the investigation of his own campaign. As shocking as that is,\u2026
p128
aVRT @JoeNBC: The deficits under Trump are the highest in American history. The national debt is over $21 Trillion and the highest ever. Why\u2026
p129
aVRT @RepAdamSchiff: The President of the United States just called on his Attorney General to put an end to an investigation in which the Pr\u2026
p130
aVRT @SenJeffMerkley: Let\u2019s be 1000% clear: if you worked with a hostile foreign power during your election, it's called TREASON. https://t.c\u2026
p131
aV@GOP https://t.co/jYZyVo1KMq
p132
aV@cnnbrk @CNN why are you even covering this?
p133
aVRT @HillaryClinton: Give them all a follow, a RT, or an email sign-up\u2014you won't regret it. You can also sign up for updates from Onward Tog\u2026
p134
aV@realDonaldTrump #LockHimUp
p135
aV@GOP https://t.co/Hu3ygfPDZJ
p136
aV@realDonaldTrump #LockHimUp
p137
aVRT @RepAdamSchiff: Mr. President, we can well understand your desire to fight over your wall. Your tax cut is a flop, the economy you only\u2026
p138
aVRT @ananavarro: Confusing.\u000aCohen used to say he\u2019d take a bullet for Trump. Now he\u2019s shooting the bullets himself.\u000aRudy used to be sane, now\u2026
p139
aVRT @JoeNBC: The lies and stupidity are so embarrassing. What kind of sucker do you have to be to swallow stupid lies whole when they can be\u2026
p140
aVRT @morningmoneyben: I knew all these lies were coming (Obama beat 4 percent multiple times in individual quarters and obviously \u201cbroke 2 p\u2026
p141
aVRT @sarahkendzior: Evidence Shows Hackers Changed Votes in the 2016 Election But No One Will Admit It https://t.co/hHNbyQ9iCm via @TheRoot
p142
aVRT @ananavarro: Trump claims he won Women\u2019s vote. One more lie. He won 51% of white women. But Black women &amp; their Latina sisters never los\u2026
p143
aVRT @maggieNYT: Including Cohen reimbursements. This is among the biggest subpoenas to drop. He\u2019s been there for decades. https://t.co/NFDtr\u2026
p144
aV@GOP What happened the last time a President chose America's enemies over its friends @CNN https://t.co/9l0FF7rXVr
p145
aVRT @NicolleDWallace: Thank you @SteveSchmidtSES https://t.co/jp1xpprXIv
p146
aV@GOP https://t.co/SeL1oAckU9
p147
aVRT @HillaryClinton: Part of changing our politics means making it possible for more people to be involved. The @CollectivePAC 2018 Black Ca\u2026
p148
aV@realDonaldTrump God you are a fool. A #fraud
p149
aVhttps://t.co/Hf7kUjScrE
p150
aVRT @JoeNBC: \u201cFacts are piling up, and it\u2019s getting harder to deny what\u2019s staring us in the face.\u201d https://t.co/0Rlb9AW122
p151
aVRT @KenDilanianNBC: Former DNI James Clapper has now confirmed on the record what NBC News and others have reported: That the US has eviden\u2026
p152
aVDeeply troubling is an understatement @DNC it\u2019s time to do something. https://t.co/JmvPRa91U4
p153
aVRT @amandacarpenter: Please imagine if Obama's Press Sec said there would be an "announcement" about turning over a US Ambassador, that Rus\u2026
p154
aVRT @ananavarro: This was not said by Bill Maher or Kathy Griffin. It was said by a current US diplomat.\U0001f633 https://t.co/fVPwCPKykG
p155
aVRT @SenJohnMcCain: The people of #Montenegro boldly withstood pressure from #Putin\u2019s Russia to embrace democracy. The Senate voted 97-2 sup\u2026
p156
aV@Jim_Jordan @Comey @Jim_Jordan are you this uninformed?
p157
aVRT @GeorgeWill: Our 'America first' president put America last in Helsinki https://t.co/uE7inrAZ0D
p158
aV\u2066\u2069 \u2066@GOP\u2069 DO SOMETHING  https://t.co/9g4piRyScA
p159
aVRT @davidhogg111: Russia used the NRA to give Trump $30 million \u000aRussia used the NRA to give Trump $30 million \u000aRussia used the NRA to give\u2026
p160
aVRT @DavidAFrench: If you believe any of this, I'm embarrassed for you. https://t.co/exap7yAdhx
p161
aVRT @MSNBC: "For everything we have have been through as a country ... we haven't ever had to reckon with the possibility that somebody has\u2026
p162
aVRT @AdamParkhomenko: Keep spreading the word! 8:30 PM in Washington DC! #OccupyLafayetteSquare is now trending!!! Great job!
p163
aV@GOP this is anti-American and your party is better than this. https://t.co/brS7pBKczO
p164
aV@HillaryClinton Anyone who still supports this man is just delusional and anti-American. Period.
p165
aV@DNC @HillaryClinton https://t.co/2H3DO6Dqhk
p166
aVRT @HillaryClinton: Great World Cup. Question for President Trump as he meets Putin: Do you know which team you play for?
p167
aVRT @JoeNBC: Ladies and gentlemen, the incomprehensibly embarrassing president of the United States.\u000a\U0001f62c https://t.co/XfwG7U0VfP
p168
aVUnbelievable @GOP unbelievable. https://t.co/6AYdWiOpKD
p169
aVRT @mitchellreports: Sen Rand Paul inexplicably suggests US has interfered in foreign elections over decades to justify Kremlin hacking and\u2026
p170
aVRT @WalshFreedom: I'm a Conservative. When I was in Congress, I was one of it's most conservative Members.\u000a\u000aBut dammit, I'm an American fir\u2026
p171
aVRT @danpfeiffer: Here's what we know:\u000a\u000a1. Russia intervened to help Trump win\u000a2. They colluded with Republicans\u000a3. Senior members of Trump'\u2026
p172
aVHow all of this does not make the election invalid is beyond me. @GOP @DNC 12 Russian Agents Indicted in Mueller In\u2026 https://t.co/EQ3UrhTlLz
p173
aVRT @funder: Gowdy just got his ass handed to him by Peter Strzok. And it\u2019s glorious. \U0001f1fa\U0001f1f8 https://t.co/UN8Y44wbrR
p174
aVRT @Lawrence: Watergate Part 2 https://t.co/WhbKJsFycO
p175
aVRT @SenJohnMcCain: President Trump must be willing to confront #Putin from a position of strength &amp; demonstrate there will be a price to pa\u2026
p176
aVRT @SenJohnMcCain: Despite warnings from our top intelligence and military leaders, the Kremlin's efforts to weaken our institutions have c\u2026
p177
aVRT @SenJohnMcCain: Today\u2019s indictment is a result of the hard work of America\u2019s law enforcement and intelligence officials who dedicate the\u2026
p178
aVThe @realDonaldTrump https://t.co/IeGzTELZT0
p179
aVRT @marceldirsus: German TV show @heuteshow have replaced Trump with the baby blimp and it's perfect https://t.co/RcDE0juip4
p180
aVRT @Mikel_Jollett: TRUMP: "I'm very popular in Britain."\u000a\u000aThe 250,000 people at the anti-Trump protest in London, right now:\u000a\u000ahttps://t.co/\u2026
p181
aVRT @jaketapper: New Mueller indictments come just hours after POTUS called the Mueller probe, again, a \u201cwitch hunt.\u201d Before these new indic\u2026
p182
aVRT @JoeNBC: The US indicts 12 more Russians for interfering in America\u2019s political system. That now means American war hero Robert Mueller\u2026
p183
aVRT @ananavarro: Dear Great Britain,\u000a\u000aI\u2019m sorry.\u000a\u000aSigned,\u000a\u000aAn American \U0001f1ec\U0001f1e7 \U0001f1fa\U0001f1f8
p184
aVRT @HillaryClinton: How many ways can this administration show us they don\u2019t care about kids? Another example of rejecting science &amp; puttin\u2026
p185
aV#DonTheCon @realDonaldTrump @GOP
p186
aV@realDonaldTrump @GOP https://t.co/1Ek0XDiilR
p187
aVRT @JoeNBC: Proving once again that only fools rush in, Trump forced a summit for cheap headlines. In the process, he gave legitimacy to th\u2026
p188
aV@realDonaldTrump You are a moron
p189
aVRT @NYDailyNews: Happy Birthday, America! https://t.co/4dPHLNrb9y \u000a\u000aAn early look at Wednesday's front... https://t.co/3I4mt72Xoh
p190
aVRT @SarahKSilverman: PLEASE watch this to understand socialism in our country. There were people in DC that saw they could make it a scary\u2026
p191
aVRT @NicolleDWallace: Here\u2019s the tweet I read six times.  It\u2019s been deleted. https://t.co/6Exh6nGkRB
p192
aV#Impeach45
p193
aVRT @JoeNBC: Who could have ever seen this coming? \U0001f4a5 https://t.co/q53RlPixtC
p194
aV@GovMikeHuckabee Sounds just like you and your lying daughter.
p195
aVRT @HillaryClinton: Given the news coming out of the Supreme Court this week, I'm excited to support @WeDemandJustice's critical work by we\u2026
p196
aV@realDonaldTrump You are such a #coward #fraud
p197
aVRT @jacobsoboroff: You, only you, systematically separated kids from their parents \u2014 in many cases possibly permanently \u2014 and put them alon\u2026
p198
aVRT @TedLieuPAC: If this gets 10k retweets, Betty and will host an immigrant family in our beautiful home.\u000a\u000aI'm not joking, this is not a me\u2026
p199
aVRT @tedlieu: Last night at a restaurant in Torrance, CA strangers thanked me for telling the truth. I politely said thank you. Their action\u2026
p200
aV@MeghanMcCain Not ambushed but not invited or not welcome. We all have choices and he should choose not to work for\u2026 https://t.co/fHD2i0kexW
p201
aV@PressSec @POTUS I would not let you eat in my restaurant either! And she probably kicked you out bc of YOU and ...\u2026 https://t.co/LeSzw5UpVn
p202
aV@JoeNBC Someone who supports a racist is a racist. If you do not have the conviction or courage to say no to racism\u2026 https://t.co/VBhVtzYbfl
p203
aVRT @morningmika: /@realDonaldTrump  and @IvankaTrump don\u2019t care about the children BUT they DO CARE about how many people retweet this. The\u2026
p204
aV\u2066@GOP\u2069  https://t.co/jMkKL7G2H0
p205
aVRT @morningmika: /@realDonaldTrump @IvankaTrump your brand is this: Separating babies from their mothers. Traumatizing children. That is ho\u2026
p206
aVI gave. Did you? https://t.co/R3rBdb3WRA
p207
aV#GoChelsea https://t.co/w4KbDjSwpz
p208
aVhttps://t.co/uHrOklQ0q3
p209
aVRT @JoeNBC: \u201cWell, the White House could change it in 5 minutes and they should. It\u2019s a mistake. It's a change in policy by this administra\u2026
p210
aVRT @cindymccain: The plaque at the base of the Statue of Liberty reads: \u201cGive me your tired, your poor, your huddled masses yearning to bre\u2026
p211
aV@realDonaldTrump YOU ARE A #FRAUD
p212
aVRT @SenJohnMcCain: The administration\u2019s current family separation policy is an affront to the decency of the American people, and contrary\u2026
p213
aVThank you. I donated. https://t.co/A1hArQOfes
p214
aVRT @ericuman: We've just published secretly recorded audio from inside a govt facility where children are being separated from their parent\u2026
p215
aVRT @SenFeinstein: UPDATE: The entire Democratic caucus supports our bill to bar children from being taken from their parents at the border.\u2026
p216
aVRT @MichelleObama: Sometimes truth transcends party. https://t.co/TeFM7NmNzU
p217
aVRT @laurawbush: I live in a border state. I appreciate the need to enforce and protect our international boundaries, but this zero-toleranc\u2026
p218
aV"He did not say, "let the children suffer."" @CNN @DNC @GOP Hillary Clinton: That is an outright lie @CNNPolitics https://t.co/1RKamw6Lld
p219
aVRT @JohnJHarwood: Trump started this. he hasn\u2019t stopped it because he doesn\u2019t want to stop it. https://t.co/1tcJiQ9TZS
p220
aVRT @RepJoeKennedy: Arrived in Tornillo TX where first tent city for kids has gone up. Was refused entrance by HHS. Given amount of misinfor\u2026
p221
aVPsychos on the Potomac https://t.co/EcyNm5CcOv
p222
aVRT @JoyAnnReid: Tornillo is where the Trump administration\u2019s new tent city for migrant children will be. Several Democrats planning various\u2026
p223
aVRT @SenFeinstein: UPDATE: 43 senators now support our bill to bar children from being taken from their parents at the border. We still need\u2026
p224
aV@CNNPolitics @CNN @ABC @NBCNews @60Minutes @FoxNews @CBSNews @Oprah @HillaryClinton https://t.co/VLmFSAstTo
p225
aVRT @NicolleDWallace: Always love having @jheil at the table https://t.co/atoepVx5JH
p226
aVRT @CNN: Sef Scott has autism and is usually nonverbal. But he stood before his high school classmates to deliver a powerful graduation spe\u2026
p227
aV@realDonaldTrump You are a #fraud
p228
aVRT @soledadobrien: "She's lying" is another way to put that. https://t.co/gwcm7WAXSG
p229
aVWhat\u2019s going on at the border is horrifying, but we can\u2019t go numb and turn away: https://t.co/okbKp0lhuL via @slate
p230
aV@ABC No she doesn\u2019t.
p231
aVRT @HillaryClinton: But my emails. https://t.co/G7TIWDEG0p
p232
aVWhat a #fraud @GOP Trump seen in awkward exchange of salutes with North Korean general on state TV - ABC News -\u2026 https://t.co/H6COGKGTvd
p233
aV@realDonaldTrump There\u2019s no deal, you #fraud
p234
aVRT @Lawrence: Note to news media: there is no North Korea "deal." If you use the word "deal" you're spreading Trump propaganda.\u000a\u000aA deal has\u2026
p235
aV@realDonaldTrump You are a #fraud
p236
aVRT @AidenWolfe: To hell with Morning Joe. These pretentious fucks pretend to be righteous, but spent half of 2016 propping Trump up. Robert\u2026
p237
aVRT @Lawrence: Dear World,\u000a\u000aPresident Trump was not elected by a majority vote. \u000a\u000aPresident Trump does not have the support of a majority of\u2026
p238
aVRT @JeffFlake: Fellow Republicans, this is not who we are. This cannot be our party. https://t.co/xkGMYfoR9w
p239
aV@morningmika Mika. Stop with the articles on how HRC collected henchman to destroy Bill\u2019s lovers. Congrats on electing your buddy, Donnie.
p240
aVRT @SteveSchmidtSES: TRUMP disgraced the Presidency and the United States at the G-7 summit. From his slovenly appearance to his unprepared\u2026
p241
aVRT @RepJohnYarmuth: Say what you will about Trump, he sure is loyal to the country that elected him. https://t.co/7Lw4gvLi3y
p242
aV@realDonaldTrump is a #fraud https://t.co/Obr3O30FHs
p243
aV@GOP @realDonaldTrump No. He\u2019s putting himself and his family first.
p244
aVRT @davidhogg111: Women\u2019s rights are human rights  \u000aWomen\u2019s rights are human rights \u000aWomen\u2019s rights are human rights \u000aWomen\u2019s rights are hu\u2026
p245
aVRT @NBCNews: Philadelphia Mayor Kenney: "Donald Trump is meaningless to this whole process, he's meaningless to the city and the city's suc\u2026
p246
aV@GOP @realDonaldTrump @FoxNews  https://t.co/OSjOMmaTpP
p247
aVRT @jaketapper: We partnered with @factcheckdotorg to examine this claim. It\u2019s a lie. Here\u2019s our work: \u000a\u000ahttps://t.co/66OrpYY1Yp https://t.\u2026
p248
aV@LaurenBaratzL Valid point @morningmika @JoeNBC
p249
aV@realDonaldTrump https://t.co/pQT2U8iIOP
p250
aVRT @davidhogg111: A great graduation present would be for you to sign the #NoNRAMoney pledge and also break all ties with the private priso\u2026
p251
aVLies lies lies. They are all #frauds https://t.co/y46w3RopOv
p252
aV@realDonaldTrump You are a #fraud
p253
aVRT @NYMag: A newly leaked memo by Trump\u2019s lawyers suggests that a constitutional crisis has already begun - article by @jonathanchait https\u2026
p254
aVRT @TheBeccaIvey: @Alyssa_Milano  https://t.co/XIcQAnT4iM
p255
aVRT @SethAbramson: This one simple image contains everything you'll ever need to know about Donald Trump\u2014past, present, and future. PLEASE R\u2026
p256
aV@realDonaldTrump Why haven\u2019t we fired you yet? #fraud
p257
aVRT @HillaryClinton: Like so many others, I am horrified and heartbroken by what is happening to immigrant kids and families because of this\u2026
p258
aVThis man is a #fraud. https://t.co/0RObaAPYxP
p259
aVRT @ChelseaClinton: Hi Cameron- 1) It shouldn\u2019t be used to describe anyone, including my wonderful mother. 2) For decades, people, often ol\u2026
p260
aVRT @ABC: Ambien maker Sanofi responds to Roseanne Barr, who blamed racist tweet about Valerie Jarrett on the sleep medication:\u000a\u000a"Racism is\u2026
p261
aV@realDonaldTrump @BarackObama You are a #fraud.
p262
aVRT @jaketapper: While you were sleeping, @therealroseanne was going after her co-stars for criticizing her bigoted tweets, and claiming she\u2026
p263
aVChanning Dungey today\u2019s #hero #patriot #American. Thank you. Thank you. Thank you. https://t.co/ywE6OcUOnS
p264
aVRT @Jeremy10036: This is what guts looks like\u000a\u000a#Roseanne #ChanningDungey https://t.co/tUeusyotvC
p265
aVAt this point, @GOP and Trump supporters just want to be lied to. The truth no longer matters to this man or his su\u2026 https://t.co/7yDnNmEGD1
p266
aVRT @matthewamiller: You just can\u2019t expect to say blatantly racist stuff and expect to keep your job unless you\u2019re the president of the Unit\u2026
p267
aVRT @GeorgeHWBush: Very much regret missing the Memorial Day parade today in Kennebunkport, and am forever grateful not only to those patrio\u2026
p268
aV@realDonaldTrump You are a #fraud.
p269
aVRT @HillaryClinton: Just returned from marching in the annual Chappaqua Memorial Day Parade with everyone from Governors to Girls Scouts. T\u2026
p270
aVRT @brianklaas: As an American living abroad, I fear that Americans in the US\u2014particularly those who don\u2019t travel internationally much\u2014may\u2026
p271
aVRT @brianklaas: Here are 4 charts from Pew, one of the gold standard groups for international attitude surveys, showing the damage to Ameri\u2026
p272
aVRT @jaketapper: Army Sgt. La David Johnson, 25, KIA October 4, 2017 in southwest Niger. #MemorialDayWeekend https://t.co/mwQBARuKAi
p273
aVRT @FoxNews: .@HillaryClinton: "Right now we are living through a crisis in our democracy... I say this not as a Democrat who lost an elect\u2026
p274
aVRT @joanwalsh: Harvey Weinstein gets indicted. Ireland overwhelmingly legalizes a woman's right to choose. It's a good day for women. And w\u2026
p275
aVRT @thehill: McConnell after classified briefing on Russia probe: I support Mueller's investigation  https://t.co/Ctwm9C3BSm https://t.co/w\u2026
p276
aV@realDonaldTrump He did not say anything like this and you are a #fraud #LockHimUp
p277
aVRT @maggieNYT: Clapper didn\u2019t say this or anything approximating it. https://t.co/eEWjHk0e5y
p278
aVRT @CoryBooker: The special counsel investigation has produced almost 20 indictments, 5 guilty pleas\u20143 from Trump's team &amp; 1 already servin\u2026
p279
aVRT @Comey: Dangerous time when our country is led by those who will lie about anything, backed by those who will believe anything, based on\u2026
p280
aVRT @SethAbramson: The former Director of National Intelligence now says Russia gave Trump the 2016 presidential election. \u000a\u000aThat's a bombsh\u2026
p281
aVRT @mattklewis: It\u2019s time for Republicans in Congress to stand up to Trump.   https://t.co/Y2BhROQ14y
p282
aVRT @JoyAnnReid: Trump, succinctly explained. https://t.co/NweaG00HcZ
p283
aVRT @Will_Bunch: The Saudi/UAE puzzle piece makes it clear: The 2016 election was stolen, and U.S policy auctioned off to the countries that\u2026
p284
aVRT @megan_mcguir: Why are we talking about Hillary Clinton when 10 of my classmates and teachers died 2 days ago? Will we be forgotten abou\u2026
p285
aVRT @DearAuntCrabby: Auntie does not want @realDonaldTrump merely impeached. I want him:\u000aFully Investigated\u000aIndicted\u000aImpeached\u000aThrown Out Of\u2026
p286
aVRT @NYinLA2121: Presidents who never said "I hereby demand":\u000a\u000aObama\u000aBush 43\u000aClinton\u000aBush 41\u000aReagan\u000aCarter\u000aFord\u000aNixon\u000aJohnson\u000aKennedy\u000aEisenh\u2026
p287
aVRT @rolandscahill: A barely literate, sub-par businessman, reality TV \u2018star\u2019 is our president. Sorry, no punchline to that joke but just ne\u2026
p288
aVRT @JohnBrennan: Senator McConnell &amp; Speaker Ryan: If Mr. Trump continues along this disastrous path, you will bear major responsibility fo\u2026
p289
aV@realDonaldTrump I hereby demand you be impeached and get thrown in jail #LockHimUp
p290
aVWhen do we reach the point that this becomes a constitutional crisis and @DNC start demanding that @HillaryClinton\u2026 https://t.co/yRTuLT4HXP
p291
aVRT @jaketapper: Killed in the attack at Santa Fe High School on May 18, 2018:\u000a \u000aGlenda Anne Perkins - Teacher\u000aCynthia Tisdale - Teacher\u000aKim\u2026
p292
aVRT @cameron_kasky: Treating it like a sports game you sick bastard. https://t.co/kY3a61x4aN
p293
aVRT @davidhogg111: Get ready for two weeks of media coverage of politicians acting like they give a shit when in reality they just want to b\u2026
p294
aV@cameron_kasky You are right, Cameron, and a brave young man.
p295
aV@GOP @realDonaldTrump https://t.co/PP9g9jDf5N
p296
aVRT @shaneharris: The president of the United States has joined an effort to expose the identity of a confidential government informant, whi\u2026
p297
aVRT @kathygriffin: You should have been our President...we need your leadership now more than ever. https://t.co/fikfz6Jv38
p298
aVRT @NYMag: It was bad enough that Trump\u2019s lawyer was enriching himself by cashing in on access. Now a new report alleges that he was also e\u2026
p299
aVRT @RonanFarrow: The whistleblower who leaked Michael Cohen\u2019s financial records is stepping forward to say why: records of bigger, potentia\u2026
p300
aVThat\u2019s your president @GOP . The harrowing, wild and totally unpredictable last 24 hours in the world of Donald Tru\u2026 https://t.co/dv2kINdBOP
p301
aVRT @ananavarro: Condolences, America. We are now well into the second year of the worst Presidency in American History. https://t.co/Hz5Qj8\u2026
p302
aVRT @Amy_Siskind: Serious question - how is Stephanie Clifford\u2019s attorney finding all this information and our media has not? https://t.co/c\u2026
p303
aVRT @andylassner: No need to defend yourself. \u000aJust keep dropping bombs. https://t.co/umg75X61Zr
p304
aV@FoxNews @HillaryClinton She\u2019s 100% correct and you are living in a shelter if you disagree.
p305
aVRT @MichaelAvenatti: Trump Tower 12-12-16\u000aGo to 7:42:30 and watch for 30 seconds (entrance with Mr. Cohen).\u000aAnd then proceed to 9:08:15 and\u2026
p306
aV@GOP Joyce. What was the difference in your paycheck or are you commenting that having a paycheck is a Wow? How did\u2026 https://t.co/3N9wKV1oR2
p307
aVHmm @nbcsnl maybe you do all those Trump jokes bc he is a joke. Stop apologizing.  https://t.co/dPfOomaykz
p308
aVRT @kylegriffin1: Kentucky landscaper Eddie Devine voted for Trump because he thought he would be good for business. Now, he says Trump\u2019s r\u2026
p309
aV@realDonaldTrump You are a fool. A #fraud
p310
aVRT @kathygriffin: My deepest held conviction is that you and Trump should be in jail...so I\u2019m adding my voice to that today. https://t.co/U\u2026
p311
aVRT @MittRomney: John McCain makes America great. Father, grandfather, Navy pilot, POW hero bound by honor, an incomparable and irrepressibl\u2026
p312
aVThis White House should repulse every member of the @GOP. The longer you stand in unison, the longer the @GOP legac\u2026 https://t.co/kU9WbdQ49Z
p313
aVBan anything to do with Sheldon Adelson. https://t.co/g1VJWj2IFA
p314
aVRT @rolandscahill: Didn\u2019t Mercedes Schlapp among with Matt Schlapp claim walk out of the White House Correspondent Dinner since they were o\u2026
p315
aVRT @NicolleDWallace: Here it is : @SteveSchmidtSES https://t.co/Dj1lsp16zR
p316
aVRT @chefjoseandres: Mr. Kelly if immigrants have no skills, why the military is full of them? Or why Mr. Trump uses them in his buildings,\u2026
p317
aVRT @keithboykin: When 11 American prisoners in North Korea were released during the Obama administration, the President didn\u2019t make it into\u2026
p318
aVRT @cindymccain: @kellysadler45  May I remind you my husband has a family, 7 children and 5 grandchildren.
p319
aVI am #StillWithHer and so are my wife and two daughters, 16 and 18! https://t.co/0wvnCX7QvN
p320
aVRT @JoyAnnReid: Hang on to your hats... https://t.co/gWMRdDbYgT
p321
aVRT @HillaryClinton: It will also be harder to deal with other threats like ballistic missiles and terrorism. Now we have no leverage and Ir\u2026
p322
aVRT @HillaryClinton: As Secretary of State, I helped negotiate the crippling international sanctions that brought Iran to the table. It woul\u2026
p323
aVRT @Lawrence: Tonight @MichaelAvenatti explains it all @TheLastWord 10pm https://t.co/El5kZH4yq2
p324
aV@GOP https://t.co/az5TsfIu0G
p325
aVRT @kathygriffin: WATCH THIS https://t.co/veHs0y28gv
p326
aVRT @billmaher: The presidency has really opened our eyes as to who Trump is - I always thought he was an egomaniac, a blowhard, etc but now\u2026
p327
aVRT @joanwalsh: Some @dloesch follower is out there promising to find my home address; they're putting @deray's face up at their convention.\u2026
p328
aV@GOP https://t.co/5Gti5voqr9
p329
aVRT @jaketapper: 2 out of 3 of these hostages were detained in Trump presidency:\u000a\u000aTony Kim (aka Kim Sang-duk) detained 22 April 2017.\u000a\u000aKim H\u2026
p330
aVRT @GavinNewsom: Trump did not attend a funeral for the victims of the Parkland shooting. But this weekend, he's taking the time to address\u2026
p331
aVRT @JoeNBC: My Latest\u2014&gt; America\u2019s Mayor attacks law enforcement heroes and trashes his legacy all to be Trump\u2019s Latest Chump.  https://t.co\u2026
p332
aVRT @AHamiltonSpirit: #TrumpRussia - Here's the WHOLE story\u000aLet's make it VIRAL\u000a\u000aMake no mistake...We are at war - #TheResistance\u000a(THREAD)\u000ah\u2026
p333
aVRT @sarahkendzior: If you needed a short list of people to vote against in future elections, here you go! https://t.co/yCJ199pnCJ
p334
aVRT @mkraju: In a matter of 48 hours, we\u2019ve learned the president of the United States deceived the American public about his health in the\u2026
p335
aVRT @PhilipRucker: This is obvious, but still should be said: Giuliani\u2019s reveal that Trump repaid Cohen $130,000 for hush money to Stormy Da\u2026
p336
aVRT @MollyJongFast: Literally the dumbest people in the House of Representatives. https://t.co/1ZDFYns913
p337
aV@realDonaldTrump Donnie. You are the disgrace and a global embarrassment.
p338
aV@RepDianeBlack @realDonaldTrump Soon @RepDianeBlack you and others will be made to look like fools.\u2026 https://t.co/LwxE19u68b
p339
aVRT @JoeNBC: I\u2019m not sure if you are mentally disoriented this morning, but...\u000a1. There is an entire section of questions about OBSTRUCTION\u2026
p340
aVRT @FullFrontalSamB: See @michelleisawolf, this is how you tell a non-offensive joke that everyone likes. https://t.co/JCQ3ii1h7H
p341
aV@whca Not good #WHCA. You should be defending this comedian not throwing her under the bus. Shame on you.
p342
aVRT @politico: How Sarah Huckabee Sanders went from being a bright, competent and likable young operative to the face of the most dishonest\u2026
p343
aV@michelleisawolf Exactly.
p344
aV@morningmika Oh Mika. This wife and mother gets in front of the American people every day and lies for a living. Give me a break.
p345
aV@michelleisawolf Exactly!!
p346
aV@maggieNYT @PressSec ? Her physique? When did a smoky eye become part of your physique? Michelle Wolf was perfect.
p347
aVRT @brycetache: Hey @realDonaldTrump. I hear you\u2019re doing one of your rallies. I\u2019m not going to watch. Because I already know all I need to\u2026
p348
aVRT @aeonianlife: After not being able to walk with my own two legs for 10 months... i surprised my prom date with this\U0001f49b\u2728 https://t.co/rKLoC\u2026
p349
aVAnd she deserved every word. https://t.co/9u7oSSBxTM
p350
aVYou should be applauded for not visiting the White House and standing up for your morales and values.\u2026 https://t.co/S7bsEw0JtQ
p351
aV@realDonaldTrump is a #fraud #FakePresident https://t.co/gwi3CnBT7c
p352
aVRT @HillaryClinton: Raise your hand if you like infrastructure conferences! (\U0001f91a). I\u2019ll be speaking at the @RegionalPlan Assembly about the f\u2026
p353
aV@realDonaldTrump @GOP #Collusion https://t.co/FYafegilnf
p354
aVRT @johnlegend: You can show me all the individuals you want. I'm sure they are wonderful people. The NRA's agenda is to sell more guns and\u2026
p355
aVRT @ananavarro: I refuse to normalize Trump. I have a disabled brother. His name is Daniel Navarro. The way Trump mocks and disdains disabl\u2026
p356
aVRT @DeadlineWH: "NBC news reports that a key figure in that Trump Tower meeting in which the president's son, son in law and campaign chair\u2026
p357
aVRT @SethAbramson: I'm still waiting for someone to offer an explanation as to why Trump lying to the FBI on a fact material to a pending in\u2026
p358
aVRT @SenDuckworth: I will not be lectured about what our military needs by a five-deferment draft dodger. https://t.co/gR3EbhGxBs
p359
aVThis is a better picture. @CNN @NBCNews https://t.co/k1HUBoXCBt
p360
aVRT @KimJone34011566: @carlabrachel90 @RichardGrenell @WillieGeist  https://t.co/DsumZzOl4p
p361
aVRT @GavinNewsom: Mike Pence\u2019s true character reveals itself once again. https://t.co/DNfBNXd9Nt
p362
aV@CNNPolitics why do you continue to let this woman with no truth or moral compass on your programs?\u2026 https://t.co/7ifYxlgLur
p363
aVObviously YES https://t.co/qCTWi3A28O
p364
aVRT @maggieNYT: They\u2019re both true. https://t.co/UcL1qxS9Gw
p365
aVRT @HillaryClinton: He may not remember, but I\u2019ll never forget that day or the years after working as Senator to keep NY safe and helping o\u2026
p366
aV@NickMerrill Because he is a wimp
p367
aVRT @WillD1am: Just overheard Tomi Lahren on Fox News say: "Average Americans don't go home at night &amp; wonder about the Mueller investigatio\u2026
p368
aV@realDonaldTrump You are a joke #fraud #FakePresident
p369
aV@realDonaldTrump #fraud #FakePresidentTrump @GOP the world is waiting to see what you are going to do https://t.co/FvGH06reyo
p370
aVRT @BrunoAmato_1: As a Navy Veteran I'd love to know who at #Annapolis thought it was a good idea to invite a 5X draft dodger, who called P\u2026
p371
aV@realDonaldTrump Donnie. The world is waiting and yelling to you #LockHimUp #LockHimUp #LockHimUp #LockHimUp
p372
aV@realDonaldTrump @GOP Gosh this man continues to be a #fraud #FakePresident  https://t.co/2yna4o2Mq7
p373
aVNo kidding. What a wimp https://t.co/RuQH8IsbAN
p374
aVRT @thehill: Corker: Any GOP senator who doesn't have concerns about Trump is either comatose or blind https://t.co/VM2EmSvOgd https://t.co\u2026
p375
aV@realDonaldTrump You are a #fraud #LOCKHIMUP
p376
aVBarbara Bush was ashamed and embarrassed of you and for our country due to you stealing the 2016 election. You are\u2026 https://t.co/Ixp8EIMkjL
p377
aVRT @BillClinton: Barbara Bush was a remarkable woman. She had grit &amp; grace, brains &amp; beauty. She was fierce &amp; feisty in support of her fami\u2026
p378
aV#FireHannity @FoxNews
p379
aVPrayers for your father @SenJohnMcCain. #hero unlike our #FakePresident https://t.co/hBIztkEo6h
p380
aVRT @HillaryClinton: Thinking about Barbara Bush\u2019s legacy of service to our country and the extraordinary family she raised. Thanking her fo\u2026
p381
aVRT @SteveSchmidtSES: I am 1/2 way done with Madeleine Albright\u2019s new book, \u201cFASCISM A WARNING.\u201d  It is an important, timely and essential r\u2026
p382
aVRT @CNN: "I don't think he's medically unfit to be President. I think he's morally unfit to be President." \u000a\u000aFormer FBI Director James Come\u2026
p383
aVRT @Comey: My book is about ethical leadership &amp; draws on stories from my life &amp; lessons I learned from others. 3 presidents are in my book\u2026
p384
aVRT @cwalsh516: @JoyAnnReid Between the #TrumpTaxScam and bringing all the manufacturing and coal jobs back, not a whole lot for  economical\u2026
p385
aVRT @JoyAnnReid: Just 4.3% of workers will get a one-time bonus or pay hike tied to the Trump tax cuts... businesses got 9X more in cuts tha\u2026
p386
aVRT @rolandscahill: This is an amazing article that you should read now with great, spot on lines such as: \u201cTrump had a small, sad operation\u2026
p387
aV@realDonaldTrump @GOP #LockHimUp. Michael Cohen and the End Stage of the Trump Presidency https://t.co/Nw7kI8YUL1
p388
aVRT @JohnBrennan: Your kakistocracy is collapsing after its lamentable journey.  As the greatest Nation history has known, we have the oppor\u2026
p389
aVThat\u2019s your fraud of a #fakepresident @GOP @realDonaldTrump https://t.co/2YMZ5jocRR
p390
aV@realDonaldTrump Untruthful slime ball. Look in the mirror @realDonaldTrump #fraud #fakepresident
p391
aVComey is an #AmericanHero https://t.co/EG9FbApyAg
p392
aVRT @NicolleDWallace: My 6 year old watching @Morning_Joe with me just said @morningmika looks worried - I said \u201cshe is\u201d he said \u201cit\u2019s @real\u2026
p393
aV#AmericanHero https://t.co/jiRQgekrq6
p394
aVRT @RonanFarrow: I reveal another secret election-season payment from the National Enquirer to bury an unflattering, wild claim about Trump\u2026
p395
aV#BoycottIngraham https://t.co/wzAUs7oGJb
p396
aV@realDonaldTrump @realDonaldTrump @GOP you are a global embarrassment
p397
aV@realDonaldTrump @GOP The Law Is Coming, Mr. Trump https://t.co/Z6lKFBiQUY
p398
aVRT @SethAbramson: PLEASE RT If you strenuously and unambiguously object to Trump firing Deputy Attorney General Rosenstein or Special Couns\u2026
p399
aV@realDonaldTrump #LockHimUp #LockHimUp  #LockHimUp #LockHimUp  #LockHimUp #LockHimUp  #LockHimUp #LockHimUp\u2026 https://t.co/lNpgaWzoQq
p400
aVF.B.I. Raids Office of Trump\u2019s Longtime Lawyer Michael Cohen; Trump Calls It \u2018Disgraceful\u2019 - The New York Times https://t.co/CM1P6mM0mG
p401
aVRT @kylegriffin1: A study from researchers at Ohio State University suggests that fake news probably played a significant role in depressin\u2026
p402
aVI\u2019m afraid his damage has been done @madeleine  https://t.co/7iE96V2zlx
p403
aVRT @davidhogg111: Get out there and make your voice heard! #TownHallForOurLives https://t.co/xRBdHfZ839
p404
aV@seanhannity @Disney #FireHannity you soulless loser
p405
aVRT @nowthisnews: BREAKING: A federal judge just declared that the AR-15 and other assault weapons fall outside the scope of the Second Amen\u2026
p406
aVRT @KamalaHarris: \u201cYou may shoot me with your words,\u000aYou may cut me with your eyes,\u000aYou may kill me with your hatefulness,\u000aBut still, like\u2026
p407
aV#fraud #fakepresident https://t.co/jGX3ViFiBp
p408
aV#FireHannity
p409
aV@seanhannity @jimmykimmel @Disney #FireHannity
p410
aV@seanhannity @jimmykimmel @Disney @seanhannity @jimmykimmel has more talent and intelligence in his little finger t\u2026 https://t.co/LznesCOLGP
p411
aVRT @Lawrence: Exclusive: last week lawyers considering joining Trump private defense team were told by their firms they\u2019d have to quit the\u2026
p412
aV@realDonaldTrump @GOP #LOCKHIMUP https://t.co/BhEg4d1jWv
p413
aVRT @NicolleDWallace: Everyone engaging Trump over his insanity on twitter this morning should put down their phones, stop defending the int\u2026
p414
aV@realDonaldTrump https://t.co/xE5ijWhBCL
p415
aVRT @NicolleDWallace: Thank you my friend. Xoxo https://t.co/7o8ki9OBJt
p416
aVRT @BillKristol: I know I'm supposed to get used to Trump being Trump. I know I'm supposed to be sympathetic to the Americans who respond t\u2026
p417
aVRT @lauren_hoggs: Today when I walk into school I will be greeted with armed police, wand detectors and clear backpacks.\u000a\u000aIs this what my h\u2026
p418
aV@johnlegend EXCELLENT. EXCELLENT.
p419
aVRT @kathygriffin: Well done @NYMag https://t.co/XGXrDZ1jWc
p420
aVRT @michikokakutani: The carefully maintained secrecy around President Trump\u2019s finances is under unprecedented assault a year into his pres\u2026
p421
aV@realDonaldTrump The scam of your rule in the White House must end. #fraud. #FakePresident
p422
aV@BarackObama Presidential Taxi and Tours named after you, Mr. President. Turks and Caicos- visit Rueben Missick. He\u2026 https://t.co/2BZhiOpjYt
p423
aV@FoxNews FIRE @IngrahamAngle
p424
aVGoodbye @IngrahamAngle Advertisers flee Laura Ingraham after criticism of Parkland student https://t.co/mMFBTW4zfL via @NBCNews
p425
aVRT @TomArnold: Roseanne Barr should do ep about the lies &amp; cruelty she &amp; Trump represent. Ice Agents pulling pregnant moms from kids, appal\u2026
p426
aV@therealroseanne None of this is true @therealroseanne
p427
aVRT @HillaryClinton: We are indeed on the brink. Thank you to Rutgers for having me yesterday, and to all the students and community members\u2026
p428
aVRT @ananavarro: We all screw-up. But b4 turning Ingraham into Joan of Arc, remember she told @KingJames, a man who worked hard as hell to g\u2026
p429
aVRT @IJasonAlexander: I no longer qualify as \u201cyoung\u201d but I checked all 3 of those boxes, too. https://t.co/W0VuFX7ism
p430
aVRT @Nysteveo2AOLcom: Here's how it works. A liberal holds Trumps head in a photo and even the left hand wrings over it so she loses her job\u2026
p431
aVRT @davidhogg111: \u201cLet us remember: One book, one pen, one child, and one teacher can change the world.\u201d \u000a-Malala Yousafzai
p432
aV@JoyAnnReid always the best responses! Always! https://t.co/wHQE54264r
p433
aV@IngrahamAngle @davidhogg111 In the spirit of the Holy Week ... you sad, pathetic human. Your religion, faith and b\u2026 https://t.co/dMPytS0RH3
p434
aVRT @Nutrish: @davidhogg111 We are in the process of removing our ads from Laura Ingraham\u2019s program.
p435
aV@FoxNews @HillaryClinton Traumatic for all of the USA and the world. @realDonaldTrump is a #fraud    #fakepresident
p436
aVRT @kylegriffin1: Johnson &amp; Johnson and Stitch Fix have confirmed to HuffPost that they are dropping Laura Ingraham. https://t.co/eJAcRaQwPt
p437
aVRT @ananavarro: Don\u2019t know how many times I heard or read, \u201cHillary Clinton should step off-stage\u201d....I mean folks, the woman\u2019s giving paid\u2026
p438
aVRT @davidhogg111: Pick a number 1-12 contact the company next to that # \u000a\u000aTop Laura Ingraham Advertisers\u000a1. @sleepnumber \u000a2. @ATT \u000a3. Nutri\u2026
p439
aV#Boycott these advertisers. \u000a\u000aTop Laura Ingraham Advertisers\u000a1. @sleepnumber \u000a2. @ATT \u000a3. Nutrish\u000a4. @Allstate &amp;\u2026 https://t.co/2wOoPxSiu9
p440
aVRT @ananavarro: Good for @TripAdvisor for pulling ads from Ingraham show. Forget fact @davidhogg111 survived a mass-shooting....any adult -\u2026
p441
aV@IngrahamAngle @davidhogg111 Just go away, Laura. Go far far away.
p442
aV@IngrahamAngle @IngrahamAngle you are a horrible horrible person and should be ashamed of yourself.
p443
aVRT @SandraBernhard: we have to keep encouraging our young women but we have so many great one's like @Emma4Change we will persevere! https:\u2026
p444
aV@IngrahamAngle You are pathetic
p445
aVRT @RanttMedia: #AltonSterling\u000a\u000aStephon Clark\u000a\u000aTamir Rice \u000a\u000aTrayvon Martin\u000a\u000aPhilando Castille\u000a\u000aEric Garner\u000a\u000aMichael Brown\u000a\u000aTerence Crutcher\u2026
p446
aV@realDonaldTrump You are a #fraud. #FakePresident
p447
aVRT @lauren_hoggs: Maybe if @realDonaldTrump actually came to Parkland to have a conversation with us he would understand that WE DO NOT WAN\u2026
p448
aVRT @JoeNBC: No collusion?  We will know when the investigation is over. And it\u2019s not over by a long shot.  https://t.co/nNE4ve1tjM
p449
aVRT @selectedwisdom: So surprised this is not a bigger story today, Mueller team filing says Gates knew he was in contact with a Russian age\u2026
p450
aVRT @Lawrence: Today\u2019s @nytimes editorial:\u000a\u000a\u201cWe live at a time when a porn star displays more credibility and class than a president.\u201d
p451
aVRT @rolandscahill: I'm still in awe of @Emma4Change's instincts and amazing guts to stand silently for that long with the world watching. O\u2026
p452
aV@Yenbriakia @chowdallas @ArizonaKayte @ChelseaClinton You are an idiot. #stupid
p453
aVRT @KristenBlush: This is just so beautiful... https://t.co/OuWKMoft7w
p454
aV@Emma4Change you make me proud to be a U.S. citizen. Thank you. https://t.co/2xvMlEq9SO
p455
aVRT @johnkhart: I am an Army veteran. I was a competitive rifle shooter &amp; I was captain of the #UVA rifle team. I support the 2nd amendment.\u2026
p456
aV@CNNPolitics @CNN Fire @RickSantorum
p457
aVRT @rolandscahill: Congratulations Rick - you win the biggest idiot of the weekend award https://t.co/tApt2hXW3m
p458
aVRT @Hey_its_Stefhan: I served 6 years as an Infantryman where I trained tirelessly on the M4(AR15) weapon system. 2 combat tours in Iraq an\u2026
p459
aVRT @WestsideFireman: I carried an M-4 in the Afghanistan desert for almost a year. If you feel you need this or another weapon of war like\u2026
p460
aV@realDonaldTrump #LockHimUp
p461
aV@NRA what a pathetic response. You should be ashamed of yourselves.   Here's what the NRA had to say today about th\u2026 https://t.co/Y4e59HbTxY
p462
aVRT @HillaryClinton: Listening to the students from Parkland and across the country today is a reminder of what is possible when our future\u2026
p463
aV@radhikajones Sorry. No. Monica Lewinsky doesn\u2019t get her #MeToo time. Let\u2019s transfer that over to Secretary Clinton\u2026 https://t.co/yXN7Eja2ui
p464
aVRT @OpalVadhan: \u201cHillary cares even in a time when caring is not fashionable. She cares to know every detail. She cares to know the names o\u2026
p465
aVRT @KristenBlush: Hillary Clinton is trending so I just want to say that voting for her in 2016 was the most thrilling day of my life. Than\u2026
p466
aV@realDonaldTrump @GOP @realDonaldTrump you are a joke  #fraud #FakePresident
p467
aV@realDonaldTrump @reald you are a spoiled wimp, #fraud #FakePresident
p468
aV@realDonaldTrump You are a #fraud #FakePresident
p469
aVRT @FoxNews: .@johnthune: "I'm not sure why @POTUS felt like he needed to call and congratulate Vladimir Putin on what was a fake election.\u2026
p470
aV@realDonaldTrump FRAUD. FRAUD. FRAUD https://t.co/jFRVdEzNDD
p471
aVRT @davidhogg111: Hey if you're marching on the 24th MAKE SURE YOU REGISTER TO VOTE AT YOUR MARCH if you're organizing a march contact your\u2026
p472
aV@realDonaldTrump Donnie you are a #fraud. @HillaryClinton is getting so much closer to the White House.
p473
aVRT @ClintonFdn: We're partnering to offer colleges 40K doses of #naloxone, a lifesaving drug that can reverse opioid overdose. https://t.co\u2026
p474
aVRT @ClintonFdn: .@FoxNewsHealth: @ClintonFdn and Adapt Pharma have partnered to give 40,000 doses of Narcan, an anti-overdose nasal spray,\u2026
p475
aV@Comey You are an American #hero Jim.
p476
aVRT @Comey: Mr. President, the American people will hear my story very soon. And they can judge for themselves who is honorable and who is n\u2026
p477
aVRT @SethAbramson: This tweet is now evidence in an ongoing federal criminal investigation into Obstruction and Witness Tampering.\u000a\u000aMcCabe's\u2026
p478
aVRT @rolandscahill: This weekend's read- 'Impeachment- A Citizen's Guide' \u000a\u000ahttps://t.co/Y0dHa0uqFJ
p479
aV@realDonaldTrump You are a #fraud #fakepresident
p480
aVRT @clairecmc: Trump. In Missouri. Right now. Raising millions for my opponent. 90% of my donations are under $100, which I\u2019m very proud of\u2026
p481
aVI love our troops and wish they had a leader who fought for them. Not #fraud @realDonaldTrump https://t.co/w2ZVhM6rrY
p482
aV@SpeakerRyan You, my friend, are a weak, weak man. Our/your children are watching. Sad.
p483
aVRT @Lawrence: Paul Ryan\u2019s abject subservience to Donald Trump is unprecedented in a Speaker and comparable only to Donald Trump\u2019s abject su\u2026
p484
aVRT @ThriveProbiotic: Knowing what's in your #probiotic is as important as knowing what's NOT. #ThriveProbiotic is #dairyfree, #glutenfree,\u2026
p485
aVRT @RepAdamSchiff: This was not the finding of the House Intelligence Committee, Mr. President, but only a statement by its GOP members, wh\u2026
p486
aVRT @ananavarro: THE REPUBLICAN LEADERSHIP OF THE HOUSE INTELLIGENCE COMMITTEE, LED BY DEVIN NUNES, HAS BEEN COLLUDING WITH THE TRUMP WHITE\u2026
p487
aVRT @krassenstein: The GOP Candidate in Pennsylvania's 18th District may have 10 Times as much money to spend, but Conor Lamb has 100 times\u2026
p488
aVRT @SethAbramson: Please RETWEET if you want @60Minutes to air its interview with Stormy Daniels TONIGHT, rather than giving Trump's lawyer\u2026
p489
aVRT @morningmika: The Presidents vulgarities-Nothing new. Neither r his Lies and stupidity which imperil this nation. U can see he\u2019s stresse\u2026
p490
aVRT @rolandscahill: I didn\u2019t see coming the plot twist that a porn star would save the US from its most corrupt president ever
p491
aV@LevineJonathan Guess what Elizabeth Porter?? Those children are going to vote you out of office and their parents are too.
p492
aVRT @ColinHanks: THIS! THIS! A MILLION TIMES THIS! https://t.co/dGLH59YTvW
p493
aV@realDonaldTrump how about being upset with yourself? You are an embarrassment @GOP Trump upset with Sanders over S\u2026 https://t.co/VGa1nmQJN5
p494
aV@realDonaldTrump @realDonaldTrump you are a global embarrassment
p495
aV@GOP https://t.co/poXw4Nt7Ix
p496
aVRT @AynRandPaulRyan: She won.\u000a\u000a#TriggerAConservativeIn2Words\u000a#SundayMorning\u000a#AMJoy https://t.co/6vHqRj1lvV
p497
aVRT @RepMaxineWaters: Imagine the President of the United States rolling around the West Wing, disoriented, ranting, angry, carrying on and\u2026
p498
aVRT @SenJohnMcCain: The President\u2019s sweeping tariffs will only serve to hurt American workers and consumers, and alienate us from our most i\u2026
p499
aVNeither our mine \u2014 that is why I could never vote for a #fraud like @realDonaldTrump https://t.co/EUXcOECAAj
p500
aV@realDonaldTrump You are such a coward. #fraud
p501
aVRT @GavinNewsom: You think a Mayor protecting their community is outrageous? Well, we think your racist, xenophobic policies are outrageous\u2026
p502
aVRT @chrislhayes: A reminder: the FBI *did* put its thumb on the scale during the campaign...*for* Donald Trump and *against* Hillary Clinto\u2026
p503
aV@realDonaldTrump is a coward #fraud  https://t.co/P799skvpPu
p504
aVRT @HillaryClinton: We should all care about how social media platforms play a part in our democratic process. Because unless it\u2019s addresse\u2026
p505
aV@realDonaldTrump You are a #fraud #FakePresident
p506
aVRT @Delta: Delta is reaching out to the NRA to let them know we will be ending their contract for discounted rates through our group travel\u2026
p507
aVRT @SethAbramson: She speaks for tens of millions of us. https://t.co/RASzJiyT21
p508
aVRT @chrislhayes: Also: so many lies! Why is everyone lying all the time to investigators *even when they know the lying itself is a crime*?\u2026
p509
aV@realDonaldTrump God you are a pathetic human being. #fraud @GOP Parkland survivor: Trump phone call didn't console\u2026 https://t.co/IQa9sPcZTH
p510
aV@Hertz You will now be my #1 go to car company even if your pricing is higher. Thank you for standing up for our children.
p511
aVRT @Hertz: We have notified the NRA that we are ending the NRA\u2019s rental car discount program with Hertz.
p512
aVRT @JoyAnnReid: And another one... #BoycottNRA https://t.co/Wve7EYgG75
p513
aVIn the light of the Stoneman Douglas tragedy, help save lives and create common-sense gun laws https://t.co/8SG6s6MSo6
p514
aV@realDonaldTrump @NRA You are a #fraud #FakePresident
p515
aVRT @HillaryClinton: Women\u2019s rights are human rights. That was a radical idea back in 1995. It shouldn\u2019t still be two decades later.\u000ahttps:/\u2026
p516
aV@realDonaldTrump you are a #fraud. you need notes as elementary as this to speak to students and their families??\u2026 https://t.co/x2Y1Bi5lI9
p517
aVRT @GavinNewsom: He. Has. No. Soul. https://t.co/bDxcYxhkXZ
p518
aV@Rosie @realDonaldTrump is a #fraud and a #FakePresident
p519
aVRT @HillaryClinton: Parkland students, you have shown so much courage in standing up for truth, for your right to attend school safely, &amp; n\u2026
p520
aVWhat a #fraud #FakePresident @realDonaldTrump https://t.co/6pX78oQX8p
p521
aVThese poor people have to stand in front of this #fraud #FakePresident @realDonaldTrump and grieve for their lost c\u2026 https://t.co/tyAPCstBpr
p522
aVRT @evansiegfried: Another Quinnipiac poll with bad numbers for Trump/GOP with millennials:\u000a\u000a\u202270% disapprove of Trump &amp; 60% strongly\u000a\u202277% s\u2026
p523
aVRT @Oprah: George and Amal, I couldn\u2019t agree with you more. I am joining forces with you and will match your $500,000 donation to \u2018March Fo\u2026
p524
aVRT @RachelforOhio: Please, by all means, share the footage from the hallway outside the 24th floor residential elevator bank on the morning\u2026
p525
aV@MittRomney Seriously, Mitt? You called him a fraud and a con man.
p526
aVRT @Lawrence: Dear Trump Voters, \u000aThis is the presidency you voted for. We knew it all along. Why didn't you? https://t.co/aHMFkEx04V
p527
aV#TrumpColluded
p528
aVRT @heladas: @Amarcus70 @Way2gosassy @HillaryClinton  https://t.co/4qcCPEWEie
p529
aV@realDonaldTrump #CadetBoneSpurs please just go away #fraud
p530
aV@realDonaldTrump @GOP accuser keeps telling her story, hoping someone will finally listen - The Washington Post https://t.co/5KiPKjnNSo
p531
aVRT @SethAbramson: (THREAD) BREAKING: Allegations Trump spoke to Putin via speakerphone at the 2013 Miss Universe pageant, discussing both h\u2026
p532
aV#CadetBoneSpurs you are last @realDonaldTrump #fraud #NotMyPresident  https://t.co/YH5qLhICDC
p533
aV@HillaryClinton #mypresident #ThePeoplesPresident https://t.co/X1y0Bf1QrJ
p534
aVDavid Hogg is a #hero and I hope a future politician https://t.co/00AhPvbJiE
p535
aVRT @ABC: Survivors of the school shooting in Florida are calling for a march on Washington to demand action on gun control. "People are say\u2026
p536
aV@tedlieu @JuddApatow @realDonaldTrump #CadetBoneSpurs is not reflective and not a president.
p537
aV@realDonaldTrump #CadetBoneSpurs you are a #FRAUD
p538
aVRT @tngsmama: @realDonaldTrump Happy President\u2019s Day to our real POTUS, @HillaryClinton. We\u2019re sorry this charlatan took your place, but we\u2026
p539
aVRT @HillaryClinton: Want to hear the real story of the @ClintonFdn? Read this: https://t.co/30urSAvhnm
p540
aVRT @ananavarro: In the last weeks, America learned Trump had simultaneous affairs with a stripper and a Playboy Bunny. Nobody (other than p\u2026
p541
aV@realDonaldTrump You are a #fraud and pathetic
p542
aV@realDonaldTrump You are a #fraud
p543
aV@dansterl @Lawrence @realDonaldTrump a complete global embarrassment @GOP this is not a president
p544
aVRT @JoeNBC: A few gentle reminders to liberals deriding those who still have faith in American democracy:\u000a1/ Barack Obama\u2019s was elected twi\u2026
p545
aVRT @washingtonpost: "When will they love their kids more than their guns," an Australian priest asks Americans https://t.co/oUgX6jfgbV
p546
aV@MSNBC @realDonaldTrump you are a global embarrassment @GOP
p547
aVRT @BobWeiss91362: My daughter was brutally murdered in a mass school shooting.  What makes you think your child won't be next.  I don't wa\u2026
p548
aVRT @JoyAnnReid: Clinton lost three crucial states by 77,500 votes, despite winning over all by 3 million. Hard to believe at least some of\u2026
p549
aVRT @SethAbramson: Mr. Trump, you told the Russians you'd be running for president in Moscow in November 2013\u2014and indeed it was that declara\u2026
p550
aVClaiming this did not impact the results of the election is preposterous.  Here are the biggest takeaways from the\u2026 https://t.co/289KHDHNry
p551
aVRT @sarahchad_: Dear Marco Rubio, \u000a\u000aAs a student who was inside the school while an active shooter was wreaking terror and havoc on my teac\u2026
p552
aV@realDonaldTrump You are a #fraud
p553
aVRT @AynRandPaulRyan: Whoa. David Hogg, survivor of Florida school shooting: \u000a\u000a"This is the 18th one this year. That\u2019s unacceptable. We're c\u2026
p554
aVRT @CNN: Student who survived school shooting: \u201cWe need to dig out of this hole\u2026 there is something seriously wrong here. And some of our p\u2026
p555
aVAt some point @PressSec you have to look in the mirror.  https://t.co/IblS0OYBxf
p556
aV@PressSec https://t.co/zLOW2cddLf
p557
aVRT @TradCatFem: A girl with Down syndrome, got up during a regular papal service &amp; went toward @Pontifex \u000aSecurity men quickly moved in 2 t\u2026
p558
aV@CNN @PressSec you are a coward.
p559
aVRT @ananavarro: I urge you to read this powerful op-ed by #ColbieHolderness. She is Rob Porter\u2019s 1st wife. The woman he hit and gave a back\u2026
p560
aV@FoxNews @newtgingrich @MariaBartiromo @newtgingrich just shut your mouth, you fool.
p561
aVRT @ananavarro: Sexual-assaulter President. But GOP stands w/women.\u000a\u000aSupported alleged pedophile. But GOP stands w/women.\u000a\u000aKept Wynn donati\u2026
p562
aVRT @ava: \u201cYou should have spoke like that back in 1989. You called for the death penalty. We were 14 &amp; 15 years old kids.\u201d @santanaraymond,\u2026
p563
aVRT @KristenBlush: You guys I just started a Kickstarter campaign! The Revolution is Female is a large format, hardcover photography book ce\u2026
p564
aV@realDonaldTrump is a #fraud. A complete and utter #fraud @GOP https://t.co/4dtl2wMHWR
p565
aV@GOP https://t.co/7ulngZplh3
p566
aV@JoyAnnReid Standing up for a #fraud.
p567
aVRT @JoyAnnReid: Trump is now obstructing the Mueller investigation in plain sight. Where is the Speaker of the House? IS there a Speaker of\u2026
p568
aV@DNC here\u2019s your voter. https://t.co/gbb3JCLYpz
p569
aV@GOP @realDonaldTrump @realDonaldTrump is a #fraud
p570
aV@realDonaldTrump You are a #fraud
p571
aV@realDonaldTrump #fraud
p572
aVRT @KamalaHarris: Tell Paul Ryan and Republican leaders to remove Devin Nunes from the House Intelligence Committee. Add your name to help\u2026
p573
aVRT @jonfavs: You accepted an offer from a Russian spy to provide dirt on your father\u2019s political opponent, which we know because you tweete\u2026
p574
aVRT @chrislhayes: Literally nothing makes me believe in collusion more than the president saying \u201cNo Collusion.\u201d
p575
aVRT @ThriveProbiotic: Team #ThriveProbiotic...shining at #shiftcon! What a fun weekend surrounded by so many amazing people in the #healthan\u2026
p576
aV@realDonaldTrump No it doesn\u2019t #fraud. It shows NOTHING. nice job trying to distract  #LOCKHIMUP
p577
aVRT @ClintonFdn: NEW: We've been working for 5 years to improve health and wellness in the Coachella Valley, CA. Here's what we\u2019ve achieved\u2026
p578
aVRT @TGowdySC: As I have said repeatedly, I also remain 100 percent confident in Special Counsel Robert Mueller. The contents of this memo d\u2026
p579
aVRT @JoeNBC: Quote of the day: \u201cIt would be easy to compare Nunes\u2019s memo to Geraldo Rivera opening Al Capone\u2019s vault. But this would be extr\u2026
p580
aVRT @Comey: That\u2019s it? Dishonest and misleading memo wrecked the House intel committee, destroyed trust with Intelligence Community, damaged\u2026
p581
aVRT @jaketapper: Fewer viewers than the first SOTU\u2019s for Obama in 2010, Bush in 2002, Clinton in 1994.\u000a\u000a\u201cWhich means Trump\u2019s initial SOTU, t\u2026
p582
aVHe is a #fraud https://t.co/juVjJsvUsX
p583
aV@realDonaldTrump @FoxNews You are such a #fraud.
p584
aVRT @JoeNBC: Even after 4 arrests of top Trump officials, Paul Ryan is allowing his party to investigate the investigators instead of Russia\u2026
p585
aVRT @HillaryClinton: I wrote a Facebook post about a decision I made 10 years ago, what\u2019s changed, &amp; on an issue you didn\u2019t hear a single wo\u2026
p586
aVRT @JoeNBC: Paul Ryan will be remembered for allowing the destruction of the independence and credibility of the House Intelligence Committ\u2026
p587
aVRT @clairecmc: Congress voted 517-5 to impose sanctions on Russia. The President decides to ignore that law. Folks that is a constitutional\u2026
p588
aVRT @ava: A friend just said to me: \u201cYesterday was one of the darkest in America\u2019s history.\u201d I had to Google to catch up. My jaw dropped. FB\u2026
p589
aVRT @SethAbramson: PLEASE RT: The nation is on alert for Trump firing Acting AG Rod Rosenstein\u2014a prelude to blocking progress in the Mueller\u2026
p590
aVSomeone please inform Donald Trump that he is a global embarrassment and a #fraud https://t.co/ijUeLwz6SX
p591
aVRT @keithboykin: Somebody please inform Donald Trump that black unemployment was cut in half under President Obama, that Trump lied about i\u2026
p592
aVRT @HillaryClinton: I called her today to tell her how proud I am of her and to make sure she knows what all women should: we deserve to be\u2026
p593
aVRT @jimmykimmel: I am pleased to announce that the very gifted @StormyDaniels will be on #Kimmel Tuesday 1/30 after the #StateOfTheUnion. I\u2026
p594
aVYou are a global embarrassment and a #fraud https://t.co/JgbfW7lmZn
p595
aV@GOP STORMY @realDonaldTrump DANIELS
p596
aVRT @hardball: "Donald Trump broke the record in one year of 93000 jobs being outsourced or lost." Chuck Jones, fmr president of United Stee\u2026
p597
aVRT @SethAbramson: (THREAD) The Attorney General pressuring the FBI to fire Andrew McCabe is *much* bigger news than many think. I explain w\u2026
p598
aVRT @JoeNBC: Mike Pence launching partisan attacks in front of troops overseas is unspeakably bad. That he would do so after Democrats tried\u2026
p599
aVRT @Toure: To repeat: Trump slept with a porn star not long after his wife had her first child. And he bought the porn star\u2019s silence weeks\u2026
p600
aVRT @washingtonpost: Amid Trump's inaugural festivities, members of Russia's elite anticipated a thaw between Moscow and Washington https://\u2026
p601
aVRT @thehill: WATCH: Duckworth torches Trump: I won't be lectured on what our military needs by a "five-deferment draft dodger" https://t.co\u2026
p602
aVSo sad. https://t.co/sZX4rJh818
p603
aVRT @ananavarro: There is no logical reason on the merits, for McConnell to object to guaranteeing military pay and death benefits during sh\u2026
p604
aVRT @JoeNBC: That\u2019s sad that the Republican leader would refuse to let a democratically elected body even vote to give poor kids health care\u2026
p605
aVRT @HillaryClinton: In 2017, the Women\u2019s March was a beacon of hope and defiance. In 2018, it is a testament to the power and resilience of\u2026
p606
aV#TrumpShutdown @GOP @realDonaldTrump #fraud
p607
aVRT @JoeNBC: This is not Chuck Schumer\u2019s shutdown. This is not Mitch McConnell\u2019s shutdown. This is Donald Trump and Stephen Miller\u2019s shutdow\u2026
p608
aVJust received my new supply of my lifesaver @ThriveProbiotic #nevergetsick https://t.co/bONlOSmEVS
p609
aV@GOP how is it possible this is not a big deal to the GOP?? https://t.co/gLLkOgFuaE
p610
aVRT @SenJohnMcCain: Important speech by @JeffFlake today on the importance of a free &amp; independent press to democracy. https://t.co/dKuz9ZMm\u2026
p611
aVRT @JenniferJJacobs: Michael Wolff\u2019s entree into the WH began with Trump himself, who phoned the author in February to compliment him for b\u2026
p612
aVRT @thehill: Steelworkers union president "terribly disappointed" in Trump: "In some cases we're worse off now" than before him https://t.c\u2026
p613
aVRT @ClintonFdn: Through our Day of Action program, volunteers have helped distribute 75,000 pounds of food to families in need. https://t.c\u2026
p614
aVRT @CoryBooker: When ignorance and bigotry are allied with power, it\u2019s a dangerous force in our country.\u000a\u000aTo not stand up to this; to be si\u2026
p615
aVRT @JoeBiden: Dr. King said that change \u201ccomes through continuous struggle.\u201d As we celebrate his legacy today, we\u2019re once again living thro\u2026
p616
aV@realDonaldTrump You are a #fraud and you lie lie lie.
p617
aVRT @ananavarro: If you don\u2019t have what it takes to see Trump\u2019s words against black &amp; brown immigrants as racist, if you don\u2019t have what it\u2026
p618
aVRT @BillKristol: A note to the dissemblers, apologists, and rationalizers:  Trump really isn\u2019t worth it.
p619
aVRT @BarackObama: Dr. King was 26 when the Montgomery bus boycott began. He started small, rallying others who believed their efforts matter\u2026
p620
aVRT @BillClinton: 50 years after Dr. King's last birthday, it's up to all of us to keep his Dream of a Beloved Community alive: don't demean\u2026
p621
aV@realDonaldTrump @GOP https://t.co/FW6yeeQW8c
p622
aV@realDonaldTrump @GOP https://t.co/6I8Albvggb
p623
aVRT @desiderioDC: McCain promotes a @BretStephensNYT column that argues "we have a president even more ignorant of America than he is of the\u2026
p624
aVRT @whoisgarylee: 14. Happy Korean-American Day and MLK weekend. As Dr. King said, "Darkness cannot drive out darkness; only light can do t\u2026
p625
aV@BillClinton Any smart person knows this, Mr. President. Thank you.
p626
aVRT @BillClinton: No Clinton Foundation funds\u2014dedicated to Haiti or otherwise\u2014were used to pay for Chelsea\u2019s wedding. It\u2019s not only untrue,\u2026
p627
aVRT @SenFeinstein: We all need to stop pretending that there are no consequences when the most powerful person in the world espouses racist\u2026
p628
aVRT @Alyssa_Milano: HEY, @GOP! DO YOU HEAR ME?! I AM SCREAMING. \u000a\u000aYOUR SILENCE IN CONDEMNING THE HATEFUL WORDS OF @realDonaldTrump IS DEAFEN\u2026
p629
aVRT @TopherSpiro: "The hottest place in Hell is reserved for those who remain neutral in times of great moral conflict." \u2014 Martin Luther Kin\u2026
p630
aVRT @JeffFlake: The words used by the President, as related to me directly following the meeting by those in attendance, were not \u201ctough,\u201d t\u2026
p631
aVRT @BillClinton: I\u2019ve traveled and worked in Haiti, and across Africa and Central America. The countries the president described with his e\u2026
p632
aV@marcorubio Coward
p633
aVRT @ananavarro: How does anybody who descended from Africa, anybody who is an immigrant or child of immigrants, anybody who belongs to a co\u2026
p634
aVRT @JoeBiden: It\u2019s not how a president should speak. It\u2019s not how a president should behave. Most of all, it\u2019s not what a president should\u2026
p635
aVRT @HillaryClinton: The anniversary of the devastating earthquake 8 years ago is a day to remember the tragedy, honor the resilient people\u2026
p636
aVRT @BillKristol: Two weeks ago a 26-year old soldier raced repeatedly into a burning Bronx apartment building, saving four people before he\u2026
p637
aVRT @charlesbethea: This is Renee, another soon-to-be fmr employee of the Carrier plant in Indianapolis Trump said he\u2019d save. Tomorrow she a\u2026
p638
aV@realDonaldTrump You are a global embarrassment. A #fraud. A #fakepresident
p639
aVRT @VicenteFoxQue: .@realDonaldTrump, your mouth is the foulest shithole in the world. With what authority do you proclaim who\u2019s welcome in\u2026
p640
aV@senorrinhatch stop being a coward and do something about this embarrassment called @realDonaldTrump https://t.co/c5z2U9au1u
p641
aV@GOP @SpeakerRyan @SenJohnMcCain this is not a president.  https://t.co/P6nXGbendu
p642
aVRT @ClintonFdn: Today, we\u2019re proud to be recognized as one of CharityWatch\u2019s Top-Rated Charities, affirming our A rating. https://t.co/opLU\u2026
p643
aVRT @ClintonFdn: Proud to be rated 4 out of 4 stars by @charitynav for our impact, transparency, and the quality of our work: https://t.co/l\u2026
p644
aV@chrislhayes Yes!
p645
aVRT @nytimes: Recy Taylor, who Oprah just mentioned, was gang-raped by 6 white men in 1944, in a case that galvanized the early civil rights\u2026
p646
aVRT @KamalaHarris: "A new day is on the horizon, and when that new day finally dawns, it will be because of a lot of magnificent women and s\u2026
p647
aVRT @JoyAnnReid: Ronald Reagan was afflicted with Alzheimer\u2019s while in office, which only was revealed after his second term ended. The Amer\u2026
p648
aVRT @SethAbramson: Please RETWEET if you want TV networks to stop booking Trump policy advisor Stephen Miller, whose media appearances\u2014as Ja\u2026
p649
aVNew favorite word #obsequious https://t.co/tMqVLwWpa1
p650
aVRT @Pontifex: Let us share the joy of our Christian brothers and sisters of the East who are celebrating Christmas today.
p651
aVRT @lcmoser: 1. See the necklace I'm wearing -- not that big or impressive, right? That's because it needed to be small enough to be smuggl\u2026
p652
aV@realDonaldTrump @GOP @SpeakerRyan https://t.co/yv1Ccnioao
p653
aV@realDonaldTrump  https://t.co/ItdZgYC4dy
p654
aVRT @ClintonFdn: CharityWatch President says @ClintonFdn "would be seen as one of the great humanitarian charities of our generation" https:\u2026
p655
aVRT @SethAbramson: Eric Trump, welcome to the Russia investigation.\u000a\u000aCan't believe Brad threw him under the bus like this yesterday. https:/\u2026
p656
aVRT @ClintonFdn: In 2017, we worked together to expand economic opportunity, improve public health, and inspire civic engagement and service\u2026
p657
aV@realDonaldTrump The entire world is laughing at you. #fraud #FakePresident
p658
aVRT @JoyAnnReid: RTing this because it remains THE big question. They now have their tax cut windfall, so it\u2019s not that. They barely knew Tr\u2026
p659
aVRT @ClintonFdn: This year, we've expanded U.S. work to help:\u000a\u2714 Fight opioid crisis\u000a\u2714 Help hurricane recovery\u000a\u2714 Improve community health\u000a\u2714 M\u2026
p660
aVRT @ClintonFdn: Charity watchdogs agree:\u000a\u2714 @CharityNav\u2192 https://t.co/3jlYKiXBug    \u000a\u2714 @GuideStarUSA\u2192 https://t.co/XaxTBYevjZ    \u000a\u2714 @BBB_US\u2192\u2026
p661
aVRT @ClintonFdn: Thanks to your support we've helped: \u000a\u2714 11.5M people access HIV/AIDS drugs\u000a\u2714 20M kids access healthier lunches\u000a\u2714 150K farme\u2026
p662
aVRT @benjaminwittes: I will be recording a @lawfareblog emergency podcast at 900 pm on the New York Times's latest Trump-Russia story. On th\u2026
p663
aV@GOP  https://t.co/1dXXzmqLC4
p664
aV@PressSec how do you live with yourself continually lying for this White House? Be a role model for your children. Resign.
p665
aVRT @KatyTurNBC: From Fire and Fury, here's Trump on his friends' wives --&gt; https://t.co/9imNBaSqm1
p666
aV@GOP @DNC @SpeakerRyan @SenBobCorker @SenJohnMcCain For the sake of our country, do something. The Republicans\u2019 Fak\u2026 https://t.co/4RaN6Dt85y
p667
aVRT @JoyAnnReid: The fact that an entire political party is willing to stand by and let this dangerous game go on, for no better or more dig\u2026
p668
aVWe #NeedtoImpeach @RealDonaldTrump. Join me and sign on to @TomSteyer\u2019s petition demanding Congress impeach Trump. https://t.co/qFthtZyEDQ
p669
aVWhat is the @GOP going to do about this?? @SpeakerRyan @SenJohnMcCain @SenBobCorker https://t.co/EJoWG2XT8P
p670
aVYou are a #fraud #FakePresident https://t.co/EJoWG2XT8P
p671
aVUh yeah. Why didn\u2019t you say something sooner?! https://t.co/4SsEXYRFkj
p672
aVRT @JeremyDDickey: Looking forward to the video telling @MittRomney to get a new hobby and stop being in political life. https://t.co/gY0fN\u2026
p673
aV@realDonaldTrump You are a #fraud @realDonaldTrump
p674
aVRT @HillaryClinton: Time to bring CHIP to the Senate floor as promised. This alleged extension until March doesn\u2019t cut it as states freeze\u2026
p675
aV@realDonaldTrump @realDonaldTrump you are a global embarrassment and a #fraud.
p676
aV@GOP @SpeakerRyan @SenJohnMcCain  https://t.co/VIZbhFcjzO
p677
aVRT @SethAbramson: A very strong statement by a powerful Democratic Senator:\u000a\u000a1. Serious indictments.\u000a2. Serious convictions.\u000a3. At a level\u2026
p678
aVRT @ananavarro: 5 things that are worse because of Trump:\u000a\u000a1. Twitter\u000a2. Racial tensions\u000a3. Bigotry\u000a4. NYC traffic\u000a5. Presidency of the Uni\u2026
p679
aV@realDonaldTrump @foxandfriends You are a #fraud
p680
aVRT @krassenstein: Chilling Statement of the month:\u000a\u000a\u201cMy assessment is that Trump is actually working directly for the Russians.\u201d\u000a\u000a- Glenn C\u2026
p681
aV@GOP so what will the GOP do to protect our country? @SpeakerRyan @SenJohnMcCain  https://t.co/Ke5I7Z27xi
p682
aVRT @kaplanpicudoc: Convo with my 11 yo son, Sam:\u000aMe: I\u2019m the coolest mom you know right? Who do u know that\u2019s cooler?\u000aSam: Hillary Clinton!\u2026
p683
aVIncoherent, authoritarian, uninformed: Trump\u2019s New York Times interview is a scary read https://t.co/8afBcHiMfE via\u2026 https://t.co/aNcQoOjIeI
p684
aV@realDonaldTrump You are not smart.
p685
aVRT @BarackObama: Ten-year-old Jahkil Jackson is on a mission to help homeless people in Chicago. He created kits full of socks, toiletries,\u2026
p686
aVThank you for your leadership, Mr. President. https://t.co/SgQfW60Tfb
p687
aV@realDonaldTrump you are the one that makes the USA look very bad.  https://t.co/lP7hvnO5o9
p688
aV@realDonaldTrump https://t.co/bsJaELRePe
p689
aVhttps://t.co/LTTd5Oq5xp
p690
aV@realDonaldTrump @GOP  https://t.co/icaCQ5fVbi
p691
aVRT @SethAbramson: (THREAD) 20 Things Guilty People Do That Trump Does Daily\u000a\u000aAs a former criminal defense attorney, I've sat in rooms candi\u2026
p692
aV@VanityFair @VanityFair and so #%^*ing misogynistic.
p693
aV@VanityFair @VanityFair please cancel my subscription. I will no longer read your magazine.
p694
aVRT @chefjoseandres: Your Vanity is failing you, VF! You wish you were as influential as she @HillaryClinton is! In a moment in history that\u2026
p695
aV@realDonaldTrump @foxandfrlends @realDonaldTrump you are a #fraud and a #fakepresident. An embarrassment to the USA
p696
aVThank you Mr. President. https://t.co/TITkA2EXX8
p697
aV@realDonaldTrump @FLOTUS You are a #fraud #nevermypresident
p698
aV@realDonaldTrump You are a #fraud
p699
aV@thehill @GOP investigate
p700
aV@PressSec Gosh you are a hateful person @PressSec Merry Christmas
p701
aVRT @ThePlumLineGS: In 2018, here's what happens:\u000a\u000aBottom quintile gets an average tax cut of $60.\u000a\u000aSecond quintile gets an average tax cut\u2026
p702
aVRT @JuddApatow: People like this asshole?  They think he will help them?  All these hotels were a disaster.  His creditors got screwed.  Li\u2026
p703
aVRT @GavinNewsom: Our President has no soul. https://t.co/Cgr8oA2nGf
p704
aVRT @SethAbramson: (THREAD) From Russian payments to Trump advisors to failing to register as foreign agents working for Putin allies\u2014from p\u2026
p705
aVRT @NBCNews: WATCH: A Trump nominee for district court judge struggles to answer Sen. John Kennedy's questions about matters of law and leg\u2026
p706
aVYou are a #fraud. My tax guy called yesterday to check on pre-paying taxes by the end of year since we\u2019ll be paying\u2026 https://t.co/Tvm001eACH
p707
aVStill with you @HillaryClinton
p708
aVRT @JoyAnnReid: The fact that 63 percent of white Alabama women voted for Roy Moore after all they learned about his predilections is prett\u2026
p709
aV@GOP @realDonaldTrump  https://t.co/OHFNUjBPF7
p710
aVRT @shannonrwatts: President calls woman Senator a \u201clightweight\u201d who would do \u201canything\u201d for donations, implying she\u2019s both vapid and sexua\u2026
p711
aVRT @SenGillibrand: You cannot silence me or the millions of women who have gotten off the sidelines to speak out about the unfitness and sh\u2026
p712
aVMy God, this is not a President. You are a #fraud @GOP do something https://t.co/6prXXPz05m
p713
aVRT @jonfavs: 2016: 196,000 jobs per month \u000a2017: 170,000 jobs per month \u000a\u000aUnemployment rate when Obama left office: 4.5%\u000a\u000a@QuinnipiacPoll,\u2026
p714
aV@realdonaldtrump @GOP Former Fox News anchor says she rebuffed Trump kiss in 2005 - POLITICO https://t.co/0nNGpUtty1
p715
aVThe USA deserves more than Moore and @realdonaldtrump   #sad Shelby: My state of Alabama 'deserves better' than Moo\u2026 https://t.co/czAU4C9yhA
p716
aVRT @JohnWDean: Trump has bamboozled his base to make the rich richer and hammer the Blue States and Democrats. GOP next going after childre\u2026
p717
aVRT @CBSNews: NEW: Donald Trump Jr. received an email in September 2016 offering access to hacked Democratic party data. The email offered a\u2026
p718
aVMy message is #LockHimUp https://t.co/HUoaE5XaQP
p719
aVRT @CNN: Exclusive: Donald Trump, Trump Jr. and others in the Trump Organization got an email in September 2016 offering a decryption key a\u2026
p720
aVRT @SethAbramson: BREAKING (this evening): https://t.co/RnnZTGF7gm
p721
aV@realDonaldTrump @GOP LOW  https://t.co/rK1elrlSv9
p722
aV@SenAlFrank resign when @realDonaldTrump resigns and say that today during your announcement.
p723
aVRT @ava: Happy Tuesday. Do you best. https://t.co/UBzaMDkiRB
p724
aV@realdonaldtrump @gop Trump accuser: I feel forgotten @CNNPolitics https://t.co/Xu2R6Z4qdp
p725
aV@realDonaldTrump #LockHimUp #LockHimUp #LockHimUp #LockHimUp #LockHimUp #LockHimUp #LockHimUp
p726
aV@realDonaldTrump @GOP @SenJohnMcCain @SpeakerRyan Donald Trump is a madman - NY Daily News https://t.co/shFOjJ1BNz
p727
aVRT @SethAbramson: Mike Pence lied to America.\u000a\u000aRepeatedly.\u000a\u000aAbout Russia.\u000a\u000aAnd about Mike Flynn committing crimes. Crimes involving Russia.\u2026
p728
aV@realDonaldTrump #LockHimUp #Fraud
p729
aVRT @cbpolis: "I did try &amp; fuck her. She was married. I moved on her like a bitch. She\u2019s now got the big phony tits and everything. I just s\u2026
p730
aVThis is outrageous https://t.co/KO2NHOzWTi
p731
aVTrump is a dangerous president, we #NeedToImpeach him now! Join me by signing the petition: https://t.co/dhhLlXiueS
p732
aV@GOP @realDonaldTrump https://t.co/0cHJsVo1K0
p733
aV@GOP @SenJohnMcCain @SpeakerRyan Do Something. https://t.co/Mg6jI5NXNE
p734
aV@SenJohnMcCain Is it worth a trillion dollars to our debt, Senator?
p735
aVRT @SethAbramson: If NBC maintains financial ties with Trump\u2014if it still owes him royalties or in any way profits from its past association\u2026
p736
aVRT @JoeNBC: Donald Trump is a madman - NY Daily News https://t.co/2YPvJs2wCz
p737
aVRT @ava: You're next. https://t.co/3ua5rBV26N
p738
aVThis is one situation the @GOP and @DNC should work together to get this man out of office for the sake of this cou\u2026 https://t.co/1nEWcjo8AX
p739
aV#WhyNotTrump https://t.co/47AqJAhaaP
p740
aVExactly and a #fraud @realDonaldTrump https://t.co/xzq0EaKa46
p741
aVWhen will the media (besides the LA Times) hold Trump accountable? Will Trump ever have to answer to the women who\u2026 https://t.co/au7cDSfTFV
p742
aV@DanLinden @realDonaldTrump you really are a #fraud and so much worse that I will refrain from saying. You should be ashamed of yourself
p743
aV@SusanSarandon joy is right. https://t.co/BDD09JvECz
p744
aVDitto @SusanSarandon. You are one of the reasons Trump is in the White House. https://t.co/u5SdWt6RQd
p745
aV@realDonaldTrump @FoxNews Seriously shut up #fraud
p746
aVRT @B4IleaveU: I think she and I could be friends. https://t.co/zdLAVTaC6k
p747
aVRT @JuddApatow: Seems like the whole country should watch the Access Hollywood rape a lot this week to see if it is real and to@remind ours\u2026
p748
aV@TIME called me and asked me to be the Person of the Year but, you know, I\u2019m just too busy. Give me a break\u2026 https://t.co/AU1YKre9Ds
p749
aVRT @irishrygirl: We literally have a sitting president that lies about a phone call about the Time person of the year award. This is bat sh\u2026
p750
aVRT @OfficialJLD: .@nytimes just called to say I was PROBABLY going to be named comedienne of the year but I would have to agree to an inter\u2026
p751
aV@realDonaldTrump God you are a joke
p752
aVRT @TIME: The President is incorrect about how we choose Person of the Year. TIME does not comment on our choice until publication, which i\u2026
p753
aV@realDonaldTrump again you are a #fraud  @gop https://t.co/F3Xbv1ncpZ
p754
aV@realDonaldTrump You are a #fraud
p755
aVRT @SethAbramson: NEWSWEEK has picked up my legal and journalistic analyses of the recent NYT article on Flynn. Hope you'll see my pinned t\u2026
p756
aV@realDonaldTrump #LockHimUp @GOP  https://t.co/VGLlnomNHQ
p757
aVRT @Fahrenthold: What we know...\u000a--@realdonaldtrump name taken off hotel in Toronto, apts in NYC, hotel in SoHo.\u000a--19 charities quit Mar-a-\u2026
p758
aVSo are a lot of other patriots @HillaryClinton. We stand with you in your grave concern. https://t.co/olnmgRX10M
p759
aV@realDonaldTrump @GOP #WhyNotTrump @NBCNews @CBSNews @ABC @CNNPolitics https://t.co/1rWL6eG1GS
p760
aV@IngrahamAngle @realDonaldTrump Are you a comedian? This makes no sense.
p761
aVRT @JoeNBC: The Definitive Trump/Russia timeline. Great job by @JRBoh @ascutro and @morningmika.  https://t.co/sG4rBU74S9
p762
aVRT @SethAbramson: If you retweet one video this year, it should be this one.\u000a\u000aThis is the three most powerful Republicans in the House disc\u2026
p763
aV@JoyAnnReid @realDonaldTrump @MooreSenate YES!
p764
aV@ClintonFdn @BillClinton @CarmenYulinCruz This is what a leader looks like @realDonaldTrump @GOP
p765
aV@BillClinton @ClintonFdn Thank you President Clinton.
p766
aVRT @HillaryClinton: It\u2019s been almost 2 months since Congress let the program that provides health care for 9 million children expire. Call\u2026
p767
aV@TheEconomist @realDonaldTrump you are ruining America @GOP
p768
aV@realDonaldTrump God, you are a disgrace to this nation and the people of the United States. #fraud #ImpeachTrump
p769
aV@realDonaldTrump You are such a #fraud. #ImpeachTrumpNow
p770
aV@realDonaldTrump @GOP https://t.co/la1hLVR0NB
p771
aV@realDonaldTrump Fake president. Lost by 3 million votes even though Russians hacked election. You are a #fraud.
p772
aVPerfect response @HillaryClinton https://t.co/nDOn819AEj
p773
aVRT @thehill: Ex-Defense chief: Bill Clinton has "more than paid the price" for Lewinsky scandal https://t.co/lLDUY7sHYS https://t.co/Qrjx83\u2026
p774
aVYou are a #fraud and an embarrassment to the United States. #ImpeachTrump #WhyNotTrump https://t.co/v9ZOSM79YE
p775
aVAgreed! What happened to you @MariaBartiromo ? https://t.co/pUwE8WXfc5
p776
aV@BillClinton @HillaryClinton @JamesCarville I still believe in a place called HOPE. Please give Madam President our best.
p777
aVRT @Aloha711: @Brizzicpa @JoyAnnReid Tell your Mom to hang in there. I used to visit w/ a 102 yr old woman who lived through the holocaust\u2026
p778
aVRT @TheDemCoalition: 15,000+ of you have now sent letters to Congress to impeach @RealDonaldTrump - please retweet our https://t.co/q0A9WAw\u2026
p779
aV@realDonaldTrump You are a #fraud
p780
aV#WhyNotTrump  https://t.co/JTju6p9YPF
p781
aV#WhNotTrump @realDonaldTrump @GOP https://t.co/gnU4qAkF51
p782
aVRT @JoyAnnReid: \u201cI\u2019m automatically attracted to beautiful women \u2014 I just start kissing them, it\u2019s like a magnet. Just kiss. I don\u2019t even wa\u2026
p783
aVRT @SethAbramson: If the Senate probes Franken\u2014and they should, given the allegation made today of his conduct in '06\u2014will they ALSO invest\u2026
p784
aVRT @MeghanMcCain: Immediately sent it on to the campaign manager, secret service and CIA. I would have thought they were attempting espiona\u2026
p785
aVRT @renato_mariotti: This is what the Trump Administration is feeding families that are hungry in Puerto Rico after the devastation of the\u2026
p786
aV@realDonaldTrump God, you are an embarrassment to us all. #fraud. #WhyNotTrump
p787
aV@realDonaldTrump You are such an embarrassment #fraud #WhyNotTrump
p788
aV@MattlauerToday https://t.co/LULsvgvsiS
p789
aVRT @tedlieu: I have seen the classified information on Russian hacking. @realDonaldTrump has received classified briefings. I can tell you\u2026
p790
aVRT @HillaryClinton: Everyone deserves affordable health insurance. Head over to https://t.co/LTQmZQt3jJ and shop for a plan that's right fo\u2026
p791
aVRT @SenJohnMcCain: .@POTUS in #Danang &amp; no mention of human rights - Sad
p792
aVRT @HillaryClinton: I\u2019ve thought a lot about the church massacre last Sunday. What can anyone say equal to the horror &amp; grief? \u000a\u000aWe should\u2026
p793
aVRT @HillaryClinton: Grateful to you and your determined husband. Like I say in my book, I would have worked so hard to help, &amp; had specific\u2026
p794
aV#WhyNotTrump https://t.co/o8uv94ZUe4
p795
aV@seanhannity No it\u2019s sad that you are defending someone accused of having a relationship with a 14 year old.
p796
aVRT @JuddApatow: Everyone must retweet this!  This is what Trump is about\u2014 ignorance and surrounding himself with ignorant people to serve t\u2026
p797
aVIf that is true that is disgusting @seanhannity https://t.co/hGJaSaD2xO
p798
aVRT @BarackObama: This is what happens when the people vote. Congrats @RalphNortham and @PhilMurphyNJ . And congratulations to all the victo\u2026
p799
aVRT @jayrosen_nyu: Good day to RT this thread. From January: Why do TV journalists continue to interview Kellyanne Conway? https://t.co/4ukn\u2026
p800
aV@realDonaldTrump @GOP https://t.co/52pQpdI4ti
p801
aV@realDonaldTrump @GOP  https://t.co/xJxxOAJXjl
p802
aVTrump is a dangerous president, we #NeedToImpeach him now! Join me by signing the petition: https://t.co/dhhLlXA5Ds
p803
aVRT @KaivanShroff: It literally happened again, one year later.\u000aFalse claim about Clinton right before Election.\u000aMedia reports widely.\u000aDispr\u2026
p804
aVRT @SethAbramson: NEVER FORGET: There are over a dozen sexual assault survivors' stories that end with, "And then he became the 45th presid\u2026
p805
aVNo https://t.co/Tok98NtbA2
p806
aVYes!! Let\u2019s #LeadTrumpRightOutofOffice https://t.co/psnXcZPIgs
p807
aVRT @JoeNBC: She also received more votes than any other candidate in US history other than Barack Obama. https://t.co/ksEGW5Y5MP
p808
aV@realDonaldTrump Everybody is asking why you aren\u2019t in jail. #fraud. #ImpeachTrumpNow. Mueller is following the mon\u2026 https://t.co/pfN3HPbb77
p809
aVRT @bobcesca_go: Donna Brazile's Shocking DNC Story Turns Out To Be Nothing Serious, But The Aftermath Is... https://t.co/GqzZVHYI24 via @t\u2026
p810
aVThank you https://t.co/loBYKn0MqQ. @donnabrazile u kind of left this part out to sell your book  https://t.co/JMPqxUIDaU
p811
aV@realDonaldTrump You are the disgrace @realDonaldTrump
p812
aV@atrupar That @IngrahamAngle is one tough interviewer. Woah.
p813
aV@realDonaldTrump no Donnie you are the disgrace. https://t.co/dqUbLTKjnz
p814
aV@ministter @XochitlHinojosa @TheDemocrats @donnabrazile @donnabrazile #Judas. Seems to me the DNC would be bankrupt\u2026 https://t.co/WOjaBszUg2
p815
aV#WhyNotTrump https://t.co/3YOPq19suZ
p816
aVRT @Mikel_Jollett: I think we have a winner, folks.\u000a\u000a#MAGA https://t.co/KAgPz23rug
p817
aV@realDonaldTrump @GOP A recent poll published by the APA finds 59% of Americans think this is the lowest point in t\u2026 https://t.co/KVE4BMk0ow
p818
aVRT @sarahkendzior: Great. You can start with your campaign manager, who was flying around the world laundering money while using three diff\u2026
p819
aVRT @chrislhayes: One of my all-time favorite pieces of sound https://t.co/vV7317rJnd
p820
aVRT @ava: Saying it now. If this lady ends up at any entertainment industry event, awards show, late-night couch - you won't be forgiven. Do\u2026
p821
aVPapadopoulos' guilty  is much bigger problem for Trump than the Manafort indictment @CNNPolitics https://t.co/pjeDeHP3cB @realDonaldTrump
p822
aV@realDonaldTrump Stop lying, Donnie. Now they are coming after you, your money laundering and tax evasion.\u2026 https://t.co/v8SvlbRHKP
p823
aV@NBCNews @GOP @SpeakerRyan is Mueller also going to charge @realDonaldTrump with money laundering and tax evasion? This is just the start.
p824
aVSo @NBCNews when does Mueller charge @realDonaldTrump with money laundering and tax evasion?? https://t.co/B4kpVpSuTw
p825
aVRT @sarahkendzior: August 2016 tweet. Someone should really hit up Hannity and Gingrich for comment today as well \U0001f644 https://t.co/GH9UCBxMpo
p826
aVRT @SethAbramson: (THREAD) As the first indictments in the Russia probe loom, here's an Ask Me Anything with a lawyer\u2014please share this lin\u2026
p827
aV@GOP Is there a ranking less than disastrous??
p828
aVAll you do is lie, Sarah. https://t.co/HpAQEMyoIn
p829
aV@realDonaldTrump @GOP you\u2019re going DOWWWWWNNNNN https://t.co/Diha1wRCJx
p830
aV@GOP I\u2019ll vote for you Mr. Corker. You stood against @realDonaldTrump and have shown true courage. The same cannot\u2026 https://t.co/2ECSvVNDxa
p831
aV@GOP @realDonaldTrump https://t.co/sw0V7fj5qX
p832
aV@realDonaldTrump You are a #farce #fraud #LOSER #ImpeachTrumpNow
p833
aV@realDonaldTrump is a #loser #fraud https://t.co/mfCteDaZqa
p834
aVRT @HillaryClinton: Oh is that today? https://t.co/AYy7CtYRWj
p835
aVRT @chrislhayes: I don\u2019t know if Trump will try to fire Mueller, but if he does I expect the reaction will be absolutely explosive https://\u2026
p836
aVRT @chrislhayes: This is a good summary of just how utterly preposterous this all is https://t.co/Rpy5nyMLJ4
p837
aVRT @ShirleyClowder: @morningmoneyben Facts are important. https://t.co/3pHf7fYBRI
p838
aVRT @JoyAnnReid: Is this what those Texas Border Patrol agents dreamed of doing for a living when they were growing up? Shameful. Utterly sh\u2026
p839
aVI almost feel pity for @SHSanders45 except I don\u2019t bc she knows she\u2019s lying. https://t.co/aGrMRl1s7B
p840
aV@GOP @SpeakerRyan https://t.co/YweeAThMW2
p841
aV@FoxNews No the Clinton campaign was trying to uncover Trump\u2019s ties to Russia and that\u2019s what they did. @realDonaldTrump #fraud
p842
aVRT @RalphNortham: I served 8 years in the Army, took care of sick kids, and am running to build a more inclusive Virginia. Don't talk to me\u2026
p843
aVTrump approval rating dips to new low in Fox News poll - @realDonaldTrump @GOP  https://t.co/aDXKCybc7U
p844
aV@realDonaldTrump @GOP https://t.co/Fdxq1Q6NLI
p845
aV@PressSec let\u2019s start telling the truth, Sarah.  https://t.co/B3mbH5yjvl
p846
aVGood for HRC. Proven that @realDonaldTrump is a fraud and corrupt ... and ... read the dossier. https://t.co/yrBqgzM606
p847
aVRT @SenBobCorker: .@JeffFlake is a true conservative, an outstanding senator and a cherished friend. My statement on his announcement today\u2026
p848
aVRT @SallyQYates: We can\u2019t let POTUS\u2019s complete indifference to truth become ours. Constant barrage may be exhausting, but normalizing it is\u2026
p849
aVRT @SenBobCorker: Same untruths from an utterly untruthful president. #AlertTheDaycareStaff
p850
aVThis pretty much answers this. https://t.co/fYJ4wEWxKY https://t.co/UN0oqPoFAH
p851
aVRT @yashar: New CNN ad.  https://t.co/GMrkQKojcZ
p852
aVRT @AditiJuneja3: Can we lift up the name of #SgtLaDavidTJohnson so Myeshia Johnson knows the American people know his name, even if the Pr\u2026
p853
aVRT @JoyAnnReid: Per the @MiamiHerald this was one of many threats against the congresswoman, and Capitol Police have been made aware of him\u2026
p854
aV@realDonaldTrump #HesNotFit
p855
aVThe great dealmaker? Lawmakers find Trump to be an untrustworthy negotiator. - The Washington Post #hesnotfit  https://t.co/2Qvug1k8K4
p856
aV@realDonaldTrump u r a pig and a #fraud. #WhyNotTrump #ImpeachTrump https://t.co/XI6p4jC3td
p857
aV#WhyNotTrump https://t.co/zUqNoQaBkA
p858
aV@realDonaldTrump #WhyNotTrump
p859
aV#WhyNotTrump https://t.co/D5reEkftJK
p860
aV#WhyNotTrump https://t.co/gs4KfZafLB
p861
aV#WhyNotTrump https://t.co/4rxJKnER9L
p862
aV#WhyNotTrump https://t.co/89CpJmu8Ah
p863
aV@realDonaldTrump #WhyNotTrump  media ruined Weinstein now time to do the same to the #FakePresident
p864
aV\u2018My pain is everyday\u2019: After Weinstein\u2019s fall, Trump accusers wonder: Why not him? - The Wash Post #WhyNotTrump  https://t.co/dTICMrS6ZV
p865
aV@realDonaldTrump You are a #fraud #FakePresident
p866
aVRT @BBCWorld: A black man comes face-to-face with a white supremacist at a protest rally. \u000a\u000aWhat happens next? https://t.co/CbypiCUGgD
p867
aVRT @ClintonFdn: Tonight, all five living former presidents will headline #OneAmericaAppeal concert for hurricane relief. Tune in: https://t\u2026
p868
aVRT @9NEWS: Cub scout 'heartbroken,' kicked out of his den for asking Colorado state senator tough questions https://t.co/6FdAvCnZlG https:/\u2026
p869
aVWe #NeedtoImpeach @RealDonaldTrump. Join me and sign on to @TomSteyer\u2019s petition demanding Congress impeach Trump. https://t.co/qFthtZyEDQ
p870
aV@CNNPolitics @SarahHuckabee How do u continue to lie like this? Are u religious, 9th Commdmt, "Thou shalt not bear\u2026 https://t.co/qt6dnfFw1k
p871
aVAre Harvey Weinstein and Donald Trump the Same Person? \u2013 Variety @realDonaldTrump #fraud #ImpeachTrump  https://t.co/lt7sDK9sRF
p872
aV@realDonaldTrump @realDonaldTrump you are a disgrace to the United States, our military, our flag and everything th\u2026 https://t.co/GYMM9zHDdZ
p873
aVHow Hillary Clinton Still Can, and Should, Become President After the Trump-Russia Investigation. Please God.Please! https://t.co/lEX9F5Cf1F
p874
aV@realDonaldTrump you are #fraud. @GOP https://t.co/Pvws7rglq5
p875
aV@funder @BarackObama @realDonaldTrump is an embarrassment to the USA. This is what a real man, a real President looks like.
p876
aVRT @DeliliaOMalley: .@realDonaldTrump When my brother was killed, Pres Bush listened while I screamed at him &amp; then held me as I sobbed, yo\u2026
p877
aVRT @ChelseaClinton: Some perspective: Not worried about my mom's broken toe. I am worried about people in Puerto Rico not having clean wate\u2026
p878
aVRT @JoyAnnReid: Trump\u2019s turn, coming up... https://t.co/hbN02sTL1S
p879
aVRT @JohnJHarwood: this order will raise health care costs for many older, working-class Americans who helped make Trump president https://t\u2026
p880
aVNow the @GOP needs to kick out @realDonaldTrump https://t.co/PcndU1ff2S
p881
aVRT @JoyAnnReid: Donald Trump is accused of many of the same things as Weinstein and admitted to assault on tape. Should the Clinton Foundat\u2026
p882
aVI wish people were as outraged about getting @realDonaldTrump out of office who is ruining the USA as they r about a useless movie producer
p883
aVRT @SarahKSilverman: Um Jews wrote 100% of ur favorite Xmas songs u racist boob. What do u think we hate about Xmas? The residuals?The bump\u2026
p884
aVRT @JoeNBC: This is objectively not true. https://t.co/UYxlrvUQu2
p885
aV@realDonaldTrump you are an embarrassment to all of us https://t.co/uPDm0AUEmz
p886
aVRT @usatodayDC: Trump's move will lead to higher premiums for middle-class consumers he's vowed to protect https://t.co/rKOf0puZgA
p887
aVWhat is the difference in what Weinstein did and @realDonaldTrump ?? #nothing https://t.co/Slu8mtJEdi
p888
aVRT @ava: You have no soul. Your words echo of the evil that you are. You may abandon these citizens without food, clean water + power, but\u2026
p889
aV'He Couldn\u2019t Remember If He Had Assaulted Me\u2019 \u2013 Variety this is exactly like @realDonaldTrump trump. Exactly. @GOP  https://t.co/ts469HwteX
p890
aV\u201cI Hate Everyone in the White House!\u201d: Trump Seethes as Advisers Fear the President Is \u201cUnraveling\u201d https://t.co/3ZS16Rm4rb #hesnotfit
p891
aVRT @JoyAnnReid: This is incredibly troubling. It sounds like someone who needs to be in treatment, not in charge of the nuclear codes... ht\u2026
p892
aVRT @JoyAnnReid: Remember the formula Christopher: Negative News=Hillary Clinton + her emails x Democrats not stopping the negative thing -\u2026
p893
aVRT @SethAbramson: Trump's actions are those of a would-be neo-fascist despot. Please SHARE these indicators that the president is a clear a\u2026
p894
aVRT @JoyAnnReid: Weinstein is a pig. But what about these allegations? Not just \u201ctalk\u201d \u2014 but alleged groping, unwanted kissing... https://t.\u2026
p895
aVRT @paulfeig: Now that we're fully engaged with harassment &amp; listening to its victims, let's revisit the women who have accused Trump &amp; wer\u2026
p896
aVRT @Eminem: "The Storm" (Freestyle) https://t.co/QLPjtgS5n3
p897
aVRT @BET: The FULL verse that EVERYBODY is talking about! @eminem BODIED THIS! #HipHopAwards https://t.co/zoS0wEwjQF
p898
aV@KellyannePolls Kellyanne. On behalf of everyone in the United States. #ShutUp
p899
aVRT @jbouie: imagine the chutzpah it takes to write this tweet after helping elect, then working for, a man accused of sexual assault by a d\u2026
p900
aV@realDonaldTrump #hesnotfit
p901
aV#hesnotfit https://t.co/fYsxSyfTPa
p902
aV@VP @POTUS You are such a coward.
p903
aVRT @mattmfm: A reminder that Donald Trump, the President, has been accused of sexual assault and harassment by at least fifteen women since\u2026
p904
aV@VP How about having courage and standing on your own two feet. #coward.
p905
aV@realDonaldTrump @SpeakerRyan @GOP @DNC @HillaryClinton @BarackObama @BillClinton https://t.co/3rtEFMzn6p
p906
aV@SenBobCorker Thank you for your courage, Senator Corker.
p907
aVWrong Joe. https://t.co/WhBzJ7RhyW
p908
aV@JoeNBC That's not what presidents should be worrying about. Big fan, Joe.
p909
aVWhy are HRC/past two dem pres to blame for Weinstein and why should they comment on a Hlywd flm prdcr. https://t.co/UzQgpnK9XC
p910
aV@SpeakerRyan #coward https://t.co/th7yTNSrQ8
p911
aV@realDonaldTrump @GOP https://t.co/3SJZOAOpoZ
p912
aVGood question https://t.co/a73vabBhpV
p913
aV@DonaldJTrumpJr Seriously #shutthefuckup. Your Dad is a serial abuser. It's on tape for Gods sake.
p914
aVRT @nowthisnews: Watch this. https://t.co/LxdSAI2kvf
p915
aVRT @SenFranken: It\u2019s 2017. It shouldn\u2019t be up for debate that women deserve to make their own health care decisions for themselves and fami\u2026
p916
aV@realDonaldTrump More and more people are suggesting you are an idiot and unfit for office. @GOP #hesnotfit
p917
aV@realDonaldTrump @GOP @DNC #ImpeachTrumpNow https://t.co/pFZCAax9rs
p918
aVRT @jimmykimmel: @realDonaldTrump Excellent point Mr. President!  You should quit that boring job - I'll let you have my show ALL to yourse\u2026
p919
aV#hesnotfit https://t.co/ESiyD4QI5R
p920
aVRT @JoyAnnReid: What Harvey Weinstein did is awful, full stop. But please spare me the outrage of GOPers who to this day support &amp; curtsey\u2026
p921
aVRT @MikeDelMoro: ABC News: Robert Mueller's team met behind closed doors today w an unknown group of attorneys &amp; chief judge of US District\u2026
p922
aV@realDonaldTrump #hesnotfit
p923
aVRT @JoyAnnReid: Amazing.  https://t.co/bums7Y5wia
p924
aVTensions escalate after Tillerson calls Trump 'moron' - CNN @realDonaldTrump #moron  https://t.co/pj66VryoF9
p925
aV@realDonaldTrump #hesnotfit
p926
aVRT @CNNPolitics: BREAKING: Russian-linked Facebook ads targeted Wisconsin and Michigan during last year's election https://t.co/0TCVqB07Ec\u2026
p927
aV@realDonaldTrump #hesnotfit and #hesanidiot https://t.co/QUJcg3uqiW
p928
aV#leadership https://t.co/rsASDT36A9
p929
aVRT @RealRonHoward: Today we mourn for Las Vegas, tomorrow we fight for them.\u000aJoin the movement to end gun violence: Text ACT to 64433. http\u2026
p930
aVRT @HillaryClinton: Our grief isn't enough. We can and must put politics aside, stand up to the NRA, and work together to try to stop this\u2026
p931
aVTrump's whiplash weekend heightens questions over leadership - CNN @realDonaldTrump #hesnotfit  https://t.co/7zSZnALtzA
p932
aV@realDonaldTrump You are a miserable horrible fucking person. #hesnotfit #ImpeachTrumpNow #resign
p933
aVRT @alt_kellyanne_: @realDonaldTrump #Resign #Resign #Resign #Resign #Resign #Resign #Resign #Resign #Resign #Resign #Resign #Resign #Resig\u2026
p934
aV#hesnotfit https://t.co/jfJvyecOjE
p935
aVRT @morningmika: Given everything. As I have said for a year. There is no question. @realDonaldTrump not fit to be President of the United\u2026
p936
aVRT @OfficialJLD: .@HillaryClinton Thanks, Madame Secretary. I'm so honored to hear from you. Let's fight for universal healthcare! https://\u2026
p937
aV#hesnotfit https://t.co/DZ1ZtKIRSn
p938
aV@realDonaldTrump The Jews don't need your thoughts. #fraud #hesnotfit
p939
aV@Sethrogen #hesnotfit
p940
aV#hesnotfit https://t.co/9Z9HC1CoDx
p941
aV@realDonaldTrump PR is suffering. You are such a fraud. #ImpeachTrumpNow
p942
aVRT @JoeNBC: Poor leadership would be hiding at a country club golfing while fellow Americans are suffering and dying. She's not doing that.\u2026
p943
aVRT @HillaryClinton: You can tell a lot about a society by how we treat the most vulnerable. What does it say when kids' health takes a back\u2026
p944
aVRT @JoeNBC: My Latest--&gt; Do I even know you anymore? https://t.co/riG9PeKgTG
p945
aVRT @CNNPolitics: San Juan's mayor slams acting DHS Secretary Duke's comments about Puerto Rico: "Where is the good news?" https://t.co/tEhS\u2026
p946
aVRT @JoyAnnReid: This is called *leadership. Trump could learn a thing or two from this Lt. General. https://t.co/W2QM4w4aOs
p947
aVMy favorite paragraph so far @HillaryClinton ... you are bound to try. https://t.co/LZ6ObV8s5O
p948
aV#Whatisintheirheads?  Good question, Coach. https://t.co/hz416MbZ51
p949
aVRT @SethAbramson: (THREAD) This is a thread about Donald Trump. If what it says conforms with how you feel, I hope you'll consider sharing\u2026
p950
aV@realDonaldTrump God, you are pathetic.
p951
aV@FoxNews @realDonaldTrump Please impeach and remove the title "President" from this fraud.
p952
aV@realDonaldTrump It WAS a great honor until you were allowed to move in
p953
aV@realDonaldTrump You are such a wimp and embarrassment #ImpeachTrumpNow
p954
aVRT @nowthisnews: President Trump blocked a woman with stage 4 cancer on Twitter. \u000a\u000aHere\u2019s her response: https://t.co/JNJ39xoUM5
p955
aVRT @SenJohnMcCain: I cannot in good conscience vote for Graham-Cassidy. A bill impacting so many lives deserves a bipartisan approach. http\u2026
p956
aVThank you @SenJohnMcCain https://t.co/iYJegf4nVX
p957
aVRT @ASlavitt: BREAKING: The bipartisan Medicaid Directors from all 50 states just issued this negative statement about Graham-Cassidy.\u000a\u000aBig\u2026
p958
aV@CNNPolitics https://t.co/jMGPsayXHX @realDonaldTrump is going to start a nuclear war to distract us from focusing on Russia. @GOP
p959
aV@NBCNightlyNews @realDonaldTrump you are a global embarrassment including to the entire @GOP
p960
aVRT @SethAbramson: 62/ And don't be shocked if the shake-up leads to Trump learning the truth of his situation and starting to threaten Muel\u2026
p961
aV@CNNPolitics https://t.co/2spsOSd3aK join me in supporting @HillaryClinton @DNC fighting that she won this election!!
p962
aVClinton on election legitimacy @HillaryClinton @DNC Bring the illegitimacy of this election on, HRC!! https://t.co/IjUs7qfNns
p963
aV@CNN @realDonaldTrump @GOP #ImpeachTrumpNow
p964
aV@realDonaldTrump God you are a pathetic human being. #NotMyPresident #ImpeachTrumpNow https://t.co/KWmCTLQQ2D
p965
aVRT @jacquieresists: @Stonekettle This is the best sentence in the history of ever: https://t.co/cEjT3dry0k
p966
aV@jemelehill thank you for speaking the truth!
p967
aVRT @JoyAnnReid: There is no memory hole. https://t.co/ujKUbwi5he
p968
aV@RefuseFascismCH @ChiDefender So sad a few of these girls were allowed to walk on the field last night for senior n\u2026 https://t.co/5SdqhdOcm5
p969
aV@realDonaldTrump #ImpeachTrumpNow
p970
aV@JuddApatow BOKA
p971
aVRT @SethAbramson: Undisclosed Russia contacts so far:\u000a\u000aCohen\u000aFlynn\u000aGordon\u000aKushner\u000aManafort\u000aPage\u000aPapadopoulos\u000aPhares\u000aPOTUS\u000aPrince\u000aSater\u000aSess\u2026
p972
aVRT @bannerite: Hillary Clinton, the First Woman to Win a Major-Party Presidential Nomination, Can Talk About It If She Wants To https://t.c\u2026
p973
aV@thehill How about Bernie time to exit the stage? Trump time to exit the stage. #misogynyatitsbest.
p974
aVRT @jaketapper: This ignorant woman is infuriating. I hope wherever she is someone who cares about her is showing her how awful she looks h\u2026
p975
aVRT @JoyAnnReid: We hear a lot about Trump voters and Sanders voters and their angst. We should listen more to Clinton voters. Here's a grea\u2026
p976
aV@GothamGirlBlue Very well written @GothamGirlBlue. Misogyny is alive and thriving in the USA. People want Hillary t\u2026 https://t.co/b2kwOtlEzY
p977
aV@GOP @realDonaldTrump https://t.co/VkBmCPw5x3
p978
aVRT @TIME: .@HillaryClinton is the first woman to win a major party's nomination for President of the U.S. #SheIsTheFirst https://t.co/BpzRZ\u2026
p979
aV@brianstelter @danmericaCNN @Kevinliptakcnn #ImStillWithHer
p980
aVRT @AdamSchiffCA: .@HouseGOP JUST blocked my amendment to prevent @POTUS from profiting off of Presidency through Secret Service payments t\u2026
p981
aVThanks @BernieSanders Sanders and the Mainstream Media Helped Put Trump in the White House https://t.co/lKz3cWpeap via @verrit
p982
aVRT @SethAbramson: This is the MOST IMPORTANT Trump-Russia link I've ever tweeted. Please read and share it widely. It's GAME-CHANGING. http\u2026
p983
aVHillary Clinton is right about Bernie Sanders @CNN https://t.co/ZrNVbtKUxu
p984
aVRT @SenJohnMcCain: .@POTUS's decision on #DACA is wrong approach at a time when both sides need to compromise on #immigration reform https:\u2026
p985
aVRT @JoeBiden: Brought by parents, these children had no choice in coming here. Now they'll be sent to countries they've never known. Cruel.\u2026
p986
aVRT @BarackObama: To target hopeful young strivers who grew up here is wrong, because they\u2019ve done nothing wrong. My statement: https://t.co\u2026
p987
aVRT @shreec: Y'all have NO idea how woke the next generation is. They are better than us. And they will bend the arc further than we can ima\u2026
p988
aVRT @nytimes: Opinion: "How can a liar negotiate treaties or navigate international disputes?" https://t.co/4jKMKhScld
p989
aVRT @tonyschwartz: What no one wants to say: Trump's remaining support is grounded in deep,willful ignorance about who he is &amp; what he's doi\u2026
p990
aVRT @jorgeramosnews: O.K.#DREAMERS this is the weekend when you'll try to change Trump's mind.Tell @realDonaldTrump what will happen to you\u2026
p991
aVRT @HillaryClinton: No time to waste - we've got to fight with everything we've got to #DefendDACA. Thanks, @jorgeramosnews, for sharing th\u2026
p992
aVRT @HillaryClinton: I'm excited to sign up for @Verrit, a media platform for the 65.8 million! Will you join me and sign up too? https://t.\u2026
p993
aVIntroducing Verrit: Media for the 65.8 Million https://t.co/gUKObqpfww via @verrit
p994
aVRT @JuddApatow: This is the funniest most revealing Trump clip of all.  So terrifying and hysterical.  Pass it on. https://t.co/mf11J4etHf
p995
aVSuch a fucking moron. https://t.co/36WjMRQHtt
p996
aVRT @GlennThrush: "Have a good time everybody!" Trump says to reporters touring Houston shelter housing people who have lost houses, cars, l\u2026
p997
aV@Oprah @OWNTV u should consider @SandraBernhard for a part in new series. Her nw Sirius she is fantastic. She would be great for a dramedy.
p998
aV@AnnCoulter God you are a horrible person. Why? Go to Church. A synagogue. A mosque. Pray.
p999
aVRT @Impeach_D_Trump: Stop saying Trump gave $1 million to Harvey victims, because he hasn't.  He simply said he would.  He also said he wou\u2026
p1000
aV@GOP your guy is out of his fricking mind. https://t.co/bMn8QbvbAY
p1001
aVRT @SethAbramson: (THREAD) Trump Tower Moscow sits at the heart the Trump-Russia scandal. This thread reveals the REAL story behind it. Ple\u2026
p1002
aV@GOP @realDonaldTrump https://t.co/XEjfL5DwAp
p1003
aVRT @ShaunKing: SHAME on the Salt Lake City Police Department for arresting and assaulting this nurse. She was following policy to protect h\u2026
p1004
aVDon't go back. No one wants you there plus the "crowds" might not be big enough for you. https://t.co/JyGCJHDl8z
p1005
aVWe need to do the same in the USA. @HillaryClinton @DNC https://t.co/dKgOAewo1V
p1006
aVRT @rosemcgowan: She's right. https://t.co/tckocjeOPU
p1007
aVRT @CBSNews: Rep. Joaquin Castro says he's "tuning out" Pres. Trump as Texans look to recover from flooding https://t.co/Nr6JsWrOpH https:/\u2026
p1008
aV@realDonaldTrump Everyone is wondering when you will go to jail. I think sooner than later now that Mueller is colluding with the IRS.
p1009
aVRT @Lawrence: Now Mueller has the best IRS agents working for him. Now Trump might really be audited. @TheLastWord 10pm
p1010
aVMueller teams up with IRS in Russia probe: report https://t.co/qksjCfzIjg @realDonaldTrump @gop #LockHimUp #LockHimUp #LockHimUp
p1011
aVWhat does he actually get about what makes the US great? Not paying his workers/contractors? Filling his hotels wit\u2026 https://t.co/XeKt8wMxO7
p1012
aVRT @SenKamalaHarris: Health care is a right. RT if you agree.
p1013
aVHe should still be impeached. #ImpeachTrump https://t.co/za9dIld3PV
p1014
aVRT @jonathanweisman: Trump just said quarterly GDP growth under Obama never reached 3%. It was 4.5% Q2 2014, over 5% in Q3 2014. Over 3% in\u2026
p1015
aVRT @AndrewBeatty: I traveled with the President yesterday. Personally, I would not claim to have seen Harvey's horror and devastation first\u2026
p1016
aVRT @Mikel_Jollett: There is literally a hurricane happening right now. People are dying. Some losing everything they have.\u000a\u000aAnd Trump feels\u2026
p1017
aV@realDonaldTrump God you are pathetic. People are dying. The world doesn't revolve around you. What is the @GOP @SpeakerRyan going to do.
p1018
aVRT @2020fight: Didn't. Meet. With. Any. Victims. https://t.co/ZHVy4oZBS8
p1019
aVRT @kathygriffin: Gee, guess who activated the bots to try to cancel my Kathy Griffin Laugh Your Head Off World Tour? Don't worry, actual h\u2026
p1020
aV@realDonaldTrump no one wants you back in Texas on Saturday. No one.
p1021
aVRT @michaelianblack: This could be the biggest story in American electoral history. https://t.co/j8LIcwcZ4V
p1022
aVRT @jdelreal: \U0001f525\U0001f525\U0001f525 from @jdawsey1 https://t.co/Jqf7LKNUry https://t.co/FMi6SaA5Dt
p1023
aVRT @MrDane1982: If you're still bashing Hillary Clinton after all America has been through in the last 7 months..... go fuck yourself.
p1024
aVWay to go @GOP this guy made a complete ass out of himself today. https://t.co/JusEmQEReW
p1025
aVRT @JoyAnnReid: Well done, Electoral College. Well done. https://t.co/ivlbrgZ1FX
p1026
aVRT @SarahKSilverman: This is not a mentally stable person https://t.co/FoHtyNbs1z
p1027
aVRT @TheRickyDavila: Kathy Griffin Isn\u2019t Apologizing Anymore. Nor should she. People should focus more on trump's destruction of America.\u000aht\u2026
p1028
aV@GOP https://t.co/XXUeh4Vmn3
p1029
aVRT @JoeBiden: We are living through a battle for the soul of this nation.\u000ahttps://t.co/2XtpeyhVex
p1030
aVRT @BarackObama: Thank you to all the first responders and people helping each other out. That's what we do as Americans. Here's one way yo\u2026
p1031
aV@realDonaldTrump @realDonaldTrump God you are pathetic.
p1032
aVRT @Stonekettle: If you're sitting on a roof in Texas right now, please take comfort in knowing your president won Missouri. By a lot. http\u2026
p1033
aVRT @JuddApatow: Yes but it is a book by a dangerous madman... https://t.co/sZy03x1BwZ
p1034
aVRT @kathygriffin: The "Laugh Your Head Off" World Tour. Tickets &amp; Pre-Sale Info at https://t.co/zey0LOSPgE https://t.co/Pcol9HKJzH
p1035
aVRT @HillaryClinton: As we keep everyone affected by Hurricane Harvey in our thoughts, here\u2019s how you can help:\u000ahttps://t.co/RVReG1lRAd
p1036
aVRT @SenJohnMcCain: .@POTUS's pardon of Joe Arpaio, who illegally profiled Latinos, undermines his claim for the respect of rule of law http\u2026
p1037
aV@SandraBernhard hi. Would you recommend the Dennis Severs House in London? Going for Christmas with the family. Thank you. Love your show.
p1038
aVRT @Lawrence: Both Arizona Republican senators oppose the pardon of their local ex-sheriff. https://t.co/V8wc4lZ6sP
p1039
aVRT @ChelseaClinton: Thread for anyone who cares about justice, civil rights, human rights, law &amp; order, our country: https://t.co/VOZJUHiMjx
p1040
aVRT @JoyAnnReid: Anyone who stands with Donald Trump now is sending a message, whether they intend to or not. No one can pretend to be unawa\u2026
p1041
aVRT @NancyPelosi: .@POTUS pardon of fellow birther Arpaio makes mockery of rule of law, &amp; says communities of color can be targeted &amp; abused\u2026
p1042
aVYou are a fucking coward. https://t.co/aIcX4lK0dA
p1043
aVRT @mitchellreports: A "law and order" president pays tribute to a man who broke the law expressed no remorse and before any DOJ recommenda\u2026
p1044
aVNo https://t.co/3CuvKqHWJM
p1045
aV@HillaryClinton So did mine and I was there with my 14 year old daughter. https://t.co/EfvzEyurCq
p1046
aVRT @CoryBooker: "I can't believe what you say, because I see what you do."\u000aJames Baldwin
p1047
aV@realDonaldTrump is Making no sense with that wacko crowd behind him at this stupid rally. They want a reality show. They got it.
p1048
aVRT @brianstelter: Hey, @FoxNews says I'm a "star." First time for everything I guess. https://t.co/RJspRM9jcO
p1049
aV@realDonaldTrump u r a #fraud https://t.co/kMdmGS3Idz
p1050
aVRT @Acosta: Why is the president holding a "campaign" rally in Phoenix tonight? There is no campaign.
p1051
aV#DumbAss https://t.co/LI0aTxMIjd
p1052
aVRT @HillaryClinton: Thinking of those who put their lives on the line to defend America. Let's keep these missing sailors in our thoughts &amp;\u2026
p1053
aVRT @kylegriffin1: LA Times Editorial Board: "The man in the White House is reckless and unmanageable, a danger to the Constitution." https:\u2026
p1054
aVEnough is enough. It\u2019s time for Republicans to show some spine and stand up to Trump - LA Times @GOP @SpeakerRyan  https://t.co/DDLCW5nk79
p1055
aVRT @SHABOOTY: @realDonaldTrump  https://t.co/ydSsDwccBc
p1056
aVMentally unfit and not competent to be our President. https://t.co/rPDlTgdibL
p1057
aVCarl Bernstein: This is the Trump story reporters need to cover https://t.co/knkwpblx4i
p1058
aVRT @Mikel_Jollett: Can someone please publish a story like:\u000a\u000aI Didn't Vote for Trump Because he Sucks and It Was Fucking Obvious From Day O\u2026
p1059
aVRT @AnneFrankCenter: "The biggest mistake during the Holocaust was, people didn't speak up," says this survivor. WE MUST ALL SPEAK UP.  htt\u2026
p1060
aVThis is @realDonaldTrump. Listen @GOP https://t.co/UPvH9sa0ju
p1061
aVRT @JoyAnnReid: Your rabbi condemned your father for excusing bigotry and anti-Semitism. Any comment? https://t.co/uCSl5r0gXa
p1062
aV@realDonaldTrump Hillary Clinton is presidential. Something you will never be. NEVER. #fraud. #ImpeachTrumpNow
p1063
aVRT @ava: #KlanPresident https://t.co/8ZH9h6PGta
p1064
aV@realDonaldTrump #KlanPresident
p1065
aVRT @JoyAnnReid: Talking the politics of hate - RT if you're with me! #pmjoy
p1066
aV@realDonaldTrump You are seriously pathetic. #fraud. #ImpeachTrumpNow
p1067
aVRT @Mikel_Jollett: The hate speech rally in Boston has about 100 white supremacists and TWENTY THOUSAND peaceful protestors...\u000a\u000ahttps://t.c\u2026
p1068
aVRT @ShaunKing: Dear @cobbpolice1,\u000a\u000aThis man lives in Marietta. You should arrest him immediately. \u000a\u000aHis name is Michael Alex Ramos.\u000a\u000aThis i\u2026
p1069
aV@realDonaldTrump you are the cause of this. @GOP https://t.co/GNjuRRsoqc
p1070
aVRT @ChuckWendig: LOOK AT ALL THESE PAID PROTESTORS\u000a\u000aMAN, GEORGE SOROS MUST BE BROKE FUNDING THIS https://t.co/LmdbCd9uCZ
p1071
aVRT @GNiice_: This deserves endless retweets but I doubt it will . https://t.co/nNFUsdV12S
p1072
aVRT @JoyAnnReid: Trump has finally lost one (and so far just one) member of his Evangelical advisory council: Brooklyn megachurch pastor @AR\u2026
p1073
aVRT @TerryMcAuliffe: There's no place in Virginia for hatred &amp; bigotry. People who've come to VA today to hurt others are not patriots, they\u2026
p1074
aVRT @HillaryClinton: This is an important step, thanks to @ColorofChange for helping to make it happen. https://t.co/CeAsHbbzF9
p1075
aVRT @thehill: JUST IN: Dem calls for Trump to undergo mental health exam to determine his fitness for office https://t.co/P0bhrc9DPH https:/\u2026
p1076
aVRT @ErickFernandez: Whoosh, @AliVelshi &amp; @SRuhle completely dunked on this Trump dude Brad Thomas. \U0001f602\U0001f602\U0001f602\u000ahttps://t.co/NDK5vE6Yfo
p1077
aV@GOP @SpeakerRyan https://t.co/VDrsiFnToi
p1078
aVRT @SteveSchmidtSES: Why is The Speaker of the House silent on the question of Donald Trumps immoral equivalencies about Nazis. ?  What is\u2026
p1079
aV@GOP @SpeakerRyan https://t.co/zKZED2XcSX
p1080
aVRT @kalpenn: Dear @realDonaldTrump, attached is our letter of resignation from the President's Committee on the Arts &amp; the Humanities @PCAH\u2026
p1081
aVRT @MSNBC: Just In: Nancy Pelosi introduces first resolution to censure President Trump for his Charlottesville remarks. https://t.co/4iMMs\u2026
p1082
aV@realDonaldTrump @GOP @SpeakerRyan https://t.co/EzyTIhDoX2
p1083
aV@brunelldonald gosh your parents must be ashamed of you.  https://t.co/pRZuB3PajU
p1084
aVRT @ChelseaClinton: Hi John! No American is a citizen only on Election Day. Every day is the right day to stand against bigotry &amp; for equal\u2026
p1085
aVRT @JoeNBC: This. Again. Repeat. https://t.co/Uc5DJsWMsE
p1086
aVRT @JoyAnnReid: Sadly this has to be asked: what happens if Trump incites racial violence in Phoenix? What if neo-Nazis/white supremacists\u2026
p1087
aVRT @ChelseaClinton: Thank you Wesly for the correction, I had missed them clearly &amp; will look when next in each. Still, do any church statu\u2026
p1088
aVRT @thehill: American Cancer Society cancels gala at Mar-a-Lago https://t.co/GnMPQDGEhE https://t.co/pByoGX6eav
p1089
aV@realDonaldTrump @realDonaldTrump this is not true. Stop lying. #fraud. #ImpeachTrumpNow
p1090
aVRT @ChrisMurphyCT: This is a lie. Total fiction. It didn't happen. It's made up. Top to bottom. https://t.co/7oaJyxfroh
p1091
aV@GloriaEstefan @llcoolj R u next? Take a stand. https://t.co/uuuPVYsslv
p1092
aVSay his name @realDonaldTrump. Say his name Paul Ryan. https://t.co/uVP3LewWEL
p1093
aVRT @funder: GOP US Sen: Trump hasn't demonstrated the stability or competence to be successful\u000a\u000a#25thAmendmentNow #ImpeachTrump\u000ahttps://t.c\u2026
p1094
aVRT @TheRickyDavila: She warned us all.\u000aShe warned us all.\u000aShe warned us all.\u000ahttps://t.co/r8wCibe2Ra
p1095
aVRT @RepMarkTakano: RT if you wish the Speaker of the House had the same moral courage as the CEO of a soup company.
p1096
aV@realDonaldTrump #ImpeachTrumpNow https://t.co/gfkZFxMC3c
p1097
aV@SenBobCorker thank you for being a single GOP leader. I hope the rest of the @GOP follows your lead bc DJT is not competent to hold office
p1098
aV@realDonaldTrump @GOP @SpeakerRyan come on folks. Time to get this guy out of office.
p1099
aVRT @JoyAnnReid: This: https://t.co/QJn9iHldxa
p1100
aVRT @JoyAnnReid: Let's never forget that it was Kenneth Frazier, CEO of Merck, who was the business leader who stood up to Trump first, and\u2026
p1101
aV@HillaryClinton please Secretary Clinton speak today about the USA coming together in peace, love and unity. We need you.
p1102
aVRT @JamesMartinSJ: Dear "Christian" white supremacists: Your Savior is a dark-skinned Jewish man from the Middle East who spoke Aramaic. Hi\u2026
p1103
aVRT @BarackObama: "...For love comes more naturally to the human heart than its opposite." - Nelson Mandela
p1104
aVRT @BarackObama: "People must learn to hate, and if they can learn to hate, they can be taught to love..."
p1105
aVRT @BarackObama: "No one is born hating another person because of the color of his skin or his background or his religion..." https://t.co/\u2026
p1106
aVRT @repdavetrott: I think America needs more unity and less divisiveness...meaning @realDonaldTrump should focus more on golf &amp; have less p\u2026
p1107
aVRT @DrGW0: As American's go to sleep, we in the UK need to watch and keep #ImpeachTrump trending, for the sake of our shared history agains\u2026
p1108
aVRT @jaketapper: Searching for the "very fine people" in this march. https://t.co/iwb9F9tSng
p1109
aVRT @HillaryClinton: Now is the time for leaders to be strong in their words &amp; deliberate in their actions.
p1110
aVRT @HillaryClinton: We will not step backward. If this is not who we are as Americans, let's prove it.
p1111
aVRT @rolandscahill: Elderly woman of the East Side shouting 'fuck you' just now to the Presidential motorcade is inspiring https://t.co/Nwpo\u2026
p1112
aVGod @realDonaldTrump you are a loser. #fraud. https://t.co/rX7AXwMiWg
p1113
aV@realDonaldTrump #ImpeachTrump
p1114
aVRT @Aubs89: Always be a travesty that a woman; probably more qualified than any man to run for President, was treated like shit for this Kl\u2026
p1115
aV@HillaryClinton please Secretary Clinton. Fight for us. Sue the government and overturn this election. You won. #Collusion
p1116
aVRT @davidmaraniss: The living former presidents -  Bushes, Carter, Clinton &amp; Obama- should make a joint statement calling on the racist Tru\u2026
p1117
aVRT @SenSanders: .@realDonaldTrump, you are embarrassing our country and the millions of Americans who fought and died to defeat Nazism.
p1118
aV@NBCNews This is what a coward looks like.
p1119
aV@MichaelCohen212 @POTUS @realDonaldTrump Actually it does.
p1120
aVRT @TheRaDR: I'm a rabbi. \u000aI believe words have power. \u000aI try to choose mine carefully. \u000a\u000aFuck you, Trump.
p1121
aVRT @JoyAnnReid: Ahem... https://t.co/7ft6nIme48
p1122
aVRT @clayaiken: Remember all those times I defended @realDonaldTrump and believed he was not actually racist? Well... I am a f*****g dumbass\u2026
p1123
aVRT @CoryBooker: There is no question who he is. The critical moral question is: who are we? We can not surrender America to Trump. We must\u2026
p1124
aVStop referring to him as president. https://t.co/sKsN0iQEjF
p1125
aVRT @morningmika: Is it time? \u000a#25thamendment  #GodBlessAmerica
p1126
aV@LionelRichie He definitely should!! #TakeAStand https://t.co/Rgll4Ag07q
p1127
aVRT @JoyAnnReid: This is eerily spot on: re-watch @HillaryClinton's warnings about @realDonaldTrump and white nationalists: https://t.co/GgU\u2026
p1128
aV@realDonaldTrump #fakenews. #fraud. https://t.co/9FpBt6C4Ol
p1129
aVRT @JoyAnnReid: White nationalists who attacked people during the Charlottesville melee now facing Twitter Nazi hunters. Ah, the modern age\u2026
p1130
aV@DrDavidDuke https://t.co/9FpBt6C4Ol
p1131
aVRT @CoryBooker: "The hottest places in hell are reserved for those who, in times of great moral crisis, maintain their neutrality."
p1132
aVRT @gabrielsherman: When I asked senior WH official why Trump didn't condemn Cville Nazis, he said: "What about the leftist mob. Just as vi\u2026
p1133
aVThis is Trump's America. Read. Listen. Will you stand up against this? https://t.co/Jh6GA83zPv
p1134
aVRT @RyanLizza: Today is by far the most disgraceful day of Donald Trump's presidency.
p1135
aV@GOP When is your party going to throw this man out of office. #Charlottesviille
p1136
aVRT @ananavarro: I've been embarrassed about having Trump as President, many times. But no time, worse than today. I'm beyond embarrassed. I\u2026
p1137
aVRT @morningmika: Trump was happy to pander to Neo-Nazis &amp; KKK members who support him. These anti-American hate groups are certainly happy\u2026
p1138
aVRT @JoeNBC: "On Saturday, President Trump failed his country." \u000a~Dallas Morning News\u000a@dallasnews  https://t.co/qHRFDWOlly
p1139
aVRT @CoryBooker: Trump demonstrated a hateful hypocrisy in failing to name the white supremacist hate for what it is. My statement: https://\u2026
p1140
aV@realDonaldTrump God you are pathetic. #fraud. #ImpeachTrumpNow https://t.co/EOGfwaUZkD
p1141
aVRT @JuddApatow: What a fucking idiot you are.  The worst of humanity.   You will be remembered as a dangerous fool and a failure. https://t\u2026
p1142
aVRT @billclinton: Even as we protect free speech and assembly, we must condemn hatred, violence and white supremacy. #Charlottesville
p1143
aVRT @mattmfm: These are the faces of white supremacy, and they should be shared. It's a public protest. If they wanted privacy should've wor\u2026
p1144
aVRT @StephenKing: Donald Trump is unfit for office. Needs to be removed.
p1145
aVRT @CoryBooker: Having courage doesn't mean you don't know fear or stress or worry or even shame and regret. It just means, despite it all,\u2026
p1146
aV@realDonaldTrump this is happening because of ONE person. YOU. https://t.co/uhytuIortt
p1147
aV@chelseahandler Everyone wants him out of office. Even republicans are embarrassed and now getting scared of this idiot. #fraud.
p1148
aVRT @chelseahandler: To all the generals surrounding our idiot-in-chief...the longer U wait to remove him, the longer UR name will appear ne\u2026
p1149
aVHow does one look at @realDonaldTrump and say, "he's a great leader, a real stand up man." Who doesn't believe he is totally incompetent?
p1150
aVRT @KeithOlbermann: This mentally unstable man must be removed. NOW. 25th Amendment. Impeachment. Any legal means to stop him. https://t.co\u2026
p1151
aVThe email Hillary Clinton's pastor sent her the day after she lost the election @CNNPolitics https://t.co/pJBZzmlKUB @realDonaldTrump
p1152
aV@JoeNBC Resign.
p1153
aV@realDonaldTrump you are a #fraud and America knows it. https://t.co/HeCem8QvJf
p1154
aV@realDonaldTrump https://t.co/0GyIWsx0z9
p1155
aV@realDonaldTrump https://t.co/o1inqD7dbe
p1156
aVHow low can they go. https://t.co/fOoZqbMWnp
p1157
aV@kayleighmcenany @kayleighmcenany you are a racist idiot.
p1158
aVRT @JohnJHarwood: --average job growth in the 9 months since your dad's election: 179K\u000a\u000a--average job growth in the 9 months before your da\u2026
p1159
aVRT @JoyAnnReid: This is a powerful, gut wrenching ad. What a shame it's still needed in 2017.  #TheTalk https://t.co/6HkcHMyda9
p1160
aVRT @KamalaHarris: I promise I will stand up and fight back for California\u2019s Dreamers. The government made a promise to them \u2014 we can\u2019t brea\u2026
p1161
aVRT @WajahatAli: A Minnesota mosque was bombed. That's terrorism. You won't see it on the headline news. It's not trending. Wonder why.
p1162
aVRT @JoyAnnReid: Stand-out @QuinnipiacPoll stat: by 54-26% Americans say they are embarrassed, not proud, to have Trump as president. https:\u2026
p1163
aVRT @CoryBooker: https://t.co/rnGBled4ku
p1164
aVRT @HillaryClinton: America's workers need #paidleave so we can all provide and receive critical care.\u000ahttps://t.co/Db4R4SZZaA \u000a#TimeToCare\u2026
p1165
aVRT @JohnJHarwood: average monthly job growth in 9 months since Trump's election: 179K\u000a\u000aaverage monthly job growth in 9 months before Trump'\u2026
p1166
aVRT @JoyAnnReid: I was lucky enough to attend the Kennedy Center Honors last year. Super emotional night. And I can tell you people were DRE\u2026
p1167
aVRT @JohnJHarwood: average monthly job growth in 9 months since Trump's election: 179K\u000a\u000aaverage monthly job growth in 9 months before Trump'\u2026
p1168
aV@RealJamesWoods Pathological is a great wrd to describe Trump. Lies are all the WH spew pls salary doesn't cover hi\u2026 https://t.co/GprMQX0Tup
p1169
aV@realDonaldTrump the world laughs at you. #fraud https://t.co/9uKFtDCA2Y
p1170
aVRT @Reuters: BREAKING: Grand jury subpoenas have been issued related to June 2016 meeting between Donald Trump Jr., Russian lawyers and oth\u2026
p1171
aV@GOP @realDonaldTrump I would rather have someone pull out my toenails than watch this #fraud.
p1172
aVRT @TrumpDotDotDot: @GOP @realDonaldTrump RT if you'd be MORE excited if @realDonaldTrump were in Sing Sing tonight! https://t.co/4QYtPlp7DT
p1173
aV@realDonaldTrump @realDonaldTrump u r a #fraud
p1174
aVPoll: Trump hits new low at 33 percent approval | TheHill @realDonaldTrump  https://t.co/ckg2a9k8Z2
p1175
aV@GOP @POTUS Give me a break. This is just silly.
p1176
aV@davidfolkenflik @realDonaldTrump God you are a #fraud
p1177
aVOh give him just a few more minutes. https://t.co/KJ8MH6s33a
p1178
aV@realDonaldTrump the world laughs at you. https://t.co/l3WgOGkt9H
p1179
aV@Scaramucci congrats on being #fired idiot https://t.co/BNF2mXZ5FI
p1180
aVRT @laurenduca: At the end of the day, Donald Trump is a messy bitch who lives for the drama https://t.co/Uzi7w4rTh9
p1181
aVRT @TheAtlantic: Read the full text of Bill Browder's testimony to the Senate Judiciary Committee about Russian operatives here: https://t.\u2026
p1182
aVRT @RawStory: While Trump and \u2018Mooch\u2019 were creating diversions \u2014 lawmakers heard explosive testimony in Russia probe https://t.co/unAYvwpATy
p1183
aVRT @Billbrowder: Here's the explosive Russia testimony you missed whilst distracted by 'The Mooch' https://t.co/U5clrfr4hR # via @HuffPostUK
p1184
aVBye bye @realDonaldTrump #fraud #ImpeachTrump https://t.co/bXhECrXxcv
p1185
aVTo #fraud @realDonaldTrump watch this. https://t.co/kfxtRpzluw
p1186
aVRT @AdamParkhomenko: grab a fan, a glass of water, and sit back and enjoy @NancyPelosi drag Trump with the truth https://t.co/sj19BtxcCT
p1187
aV@realDonaldTrump @realDonaldTrump #alwaysfailing #fraud. No one is on your. Everyone wants you out of DC. Out of Am\u2026 https://t.co/DWnpU3L83p
p1188
aV@TheEconomist @realDonaldTrump this is how the world views you.
p1189
aV@realDonaldTrump You are so incompetent it is laughable. #ImpeachTrumpNow
p1190
aV@realDonaldTrump You are a #fraud
p1191
aVA complete failure of Trump's leadership - CNN @realDonaldTrump #ImpeachTrumpNow  https://t.co/OMcklxeGuQ
p1192
aV@SenJohnMcCain this is what a #hero looks like @realDonaldTrump. Thank you for your leadership Sen McCain.
p1193
aVRT @JoeNBC: "The president\u2019s problem is that he is weak and sniveling, whiny, weepy and self-pitying. He\u2019s a drama queen." https://t.co/T1B\u2026
p1194
aV@boyscouts as a former scout I'm very ashamed you allowed Donald Trump's speech yesterday. You owe all of us an apology.
p1195
aV@realDonaldTrump @POTUS @FLOTUS Make America great again and get your ass out of the White House. #Fraud.
p1196
aV@boyscouts You should apologize to every Scout for allowing that speech today. #BeAshamed.
p1197
aVRT @tonyposnanski: To every Boy Scout in WV who didn't boo Hillary/Obama...\u000a\u000aThank you for respecting the Boy Scout Oath.
p1198
aV@realDonaldTrump God you are pathetic. https://t.co/Y41HFfIK7G
p1199
aVRT @billmaher: #WhinyLittleBitch https://t.co/zS6WuEN9HF
p1200
aVDon't you understand. You are not their president. #ImpeachNow https://t.co/QGcyMoZ4ec
p1201
aV@DrJillStein No you ruined the entire election and got Trump elected. All for nothing. Blame yourselves and the idiots that voted for you.
p1202
aVRT @CoryBooker: How to look guilty: don't demand we expose all involved with Russian election interference instead attack those investigati\u2026
p1203
aVRT @SarahKSilverman: This can't help but put yesterday's multiple declarations of love &amp; loyalty in a new perspective .. https://t.co/qcZB6\u2026
p1204
aV@Khanoisseur @realDonaldTrump u r a hack. Scaramucci was right.
p1205
aVRT @JasonKander: Innocent people frequently claim the power to pardon themselves, their associates, and their family members. I learned tha\u2026
p1206
aVRT @AdamParkhomenko: I can't stop watching this https://t.co/oRNbixkhd1
p1207
aVUnfortunately no one can teach this man anything. https://t.co/2j4PWQnMF1
p1208
aV@realDonaldTrump God you are a sad pathetic human being #ImpeachNow #Notmypresident
p1209
aV@realDonaldTrump oh Donnie. You are so sad, pathetic. https://t.co/J36xdolWsF
p1210
aVRT @JoyAnnReid: So... yeah... https://t.co/mzL0lgrl5x
p1211
aVRT @hardball: JUST IN:  Sessions discussed Trump campaign matters with Russian ambassador, US intel intercepts show. (Via WaPo) https://t.c\u2026
p1212
aVRT @NewYorker: Donald Trump\u2019s addled and ominous interview with the @nytimes. https://t.co/e7JJvwk6vb
p1213
aVRT @SarahKSilverman: Racist piece of shit runs for mayor of St. Petersburg FL https://t.co/qyl6RGDm1X
p1214
aVRT @hardball: .@DanRather: "Trump has something to hide. There's something he's afraid that's going to get out." WATCH: https://t.co/4MxVT8\u2026
p1215
aVWho can read this and say to themselves or anyone "Gosh, this is a president?" WHO???! https://t.co/HUuifbJyv5
p1216
aVRT @kylegriffin1: I've been thinking about this John McCain moment from the 2008 campaign a lot lately. Even more so tonight. https://t.co/\u2026
p1217
aVThis literally brought a tear to my eye. This is a leader. https://t.co/4VCLCIHtGy
p1218
aVCompletely incoherent https://t.co/nrcJxp0lvG
p1219
aVRT @SallyQYates: POTUS attack on Russia recusal reveals yet again his violation of the essential independence of DOJ, a bedrock principle o\u2026
p1220
aV@realDonaldTrump you are a pathetic person. Senator McCain doesn't need your pandering. #ImpeachNow https://t.co/C8HGXgz4fh
p1221
aVRT @billclinton: As he\u2019s shown his entire life, don\u2019t bet against John McCain. Best wishes to him for a swift recovery.
p1222
aV@SenJohnMcCain praying for you, Senator McCain. Thank you for being an American Hero and for your service to our country #trueleader
p1223
aVPathetic https://t.co/KcE0FZsFM3
p1224
aVRT @BarackObama: John McCain is an American hero &amp; one of the bravest fighters I've ever known. Cancer doesn't know what it's up against. G\u2026
p1225
aVRT @HillaryClinton: John McCain is as tough as they come.  Thinking of John, Cindy, their wonderful children, &amp; their whole family tonight.
p1226
aVThis is how a leader acts. Thank you @HillaryClinton https://t.co/UDmyiXjhSg
p1227
aVRT @MeghanMcCain: .@DianaOrrock - you are a godless, horrible monster who should be nowhere near GOP politics - let alone society in genera\u2026
p1228
aVRT @BDugard: Suddenly Chicago is jealous of Toronto. https://t.co/6z1fLgqLoa
p1229
aVRT @JoeNBC: What does it mean when a US president fears other Americans being in the room for a meeting with Putin? It means we all have mu\u2026
p1230
aVRT @CoryBooker: I will take you up on that. How much you want to put up. Loser gives it to charity of winners choice. #PutUpOrShutUp (if Se\u2026
p1231
aV@POTUS You are pathetic. #ImpeachNow
p1232
aVRT @CoryBooker: Make no mistake - the failure of #Trumpcare is because so many of you spoke out against this cruel bill: https://t.co/mEsHm\u2026
p1233
aV@realDonaldTrump https://t.co/Pg7gL8z1WZ
p1234
aV@thehill @realDonaldTrump people just despise you. #NotMyPresident
p1235
aVRT @thehill: Poll: Trump has lowest approval rating of any president in 70 years https://t.co/yfQbxTNjyt https://t.co/yBw4SYzH8o
p1236
aV@realDonaldTrump @realDonaldTrump is a #globalembarrassment #ImpeachNow
p1237
aVRT @TacostaTyler: @nathaanmoe Everyone rt and spread the word about this post of what happened with some girls at barrington high school. #\u2026
p1238
aVRT @billclinton: Can't keep a good man down!  Welcome back, #39. https://t.co/axnBBMihHX
p1239
aV@realDonaldTrump you are a joke. #impeachnow https://t.co/2RnWnA0qso
p1240
aVRT @shannonrwatts: If Trump isn't a legitimate president, then Pence isn't a legitimate Vice President. And this isn't a legitimate adminis\u2026
p1241
aV@realDonaldTrump effect on America's youth. #pathetic https://t.co/iePcGRqHF7
p1242
aVRT @jbouie: I think Pence's brazen dishonesty is one of the most astonishing things in politics. https://t.co/nucZH8LKuw
p1243
aVRT @ChelseaClinton: No, she wouldn't. I've never doubted &amp; always known I was the most important part of her life. Now as a mom I'm even mo\u2026
p1244
aVRT @thehill: Watergate prosecutor on Trump-Russia links: We've "gone beyond the smoking gun" https://t.co/HBEbw5SJu6 https://t.co/zJYh9yz2Qd
p1245
aVRT @ananavarro: Amount of changing stories, selective memory loss, omissions &amp; blatant lies around just 1 meeting b/w Trump-world &amp; Russian\u2026
p1246
aV@realDonaldTrump @POTUS @EmmanuelMacron @realDonaldTrump you are an embarrassment to the USA. France and\u2026 https://t.co/VS23TW6h4f
p1247
aVRT @JoyAnnReid: .@mtomasky: Hillary Clinton is "the most royally screwed-over person in the history of American politics." https://t.co/vkq\u2026
p1248
aVRT @JoeNBC: "The Trump defense \u2014collusion as a desperate Democratic fiction to explain a lost election \u2014is now officially dead." https://t.\u2026
p1249
aVThis is seriously outrageous. https://t.co/vhMUtxfmWU
p1250
aVRT @WaladShami: These white girls from Barrington High School captioned their photo "KKK" and their school says they did nothing wrong http\u2026
p1251
aVThis is just repulsive. https://t.co/iePcGRqHF7
p1252
aVRT @JoyAnnReid: That moment when you realize you racially profiled a state attorney... https://t.co/go94VgS2lO
p1253
aVRT @JoyAnnReid: The Republican Party has wrapped itself around collusion with a foreign power to win an election. Or at least declared it e\u2026
p1254
aVRT @JoyAnnReid: It's all connected. Trump isn't in this alone, and the conspiracy to install him in the White House involved more than Russ\u2026
p1255
aVRT @SarahKSilverman: And yet there seems to be no bottom to hit. This administration is straight bottomless https://t.co/e53PfZV9uE
p1256
aVRT @JoeNBC: "The Russian investigation isn\u2019t a witch hunt anymore, if it ever was. It\u2019s a national necessity." ~@DavidAFrench  https://t.co\u2026
p1257
aV@RobbyMook @HillaryClinton this is one of those times Dems need to be tough. Come on, let's say it #constitutionalcrisis #trumpisafraud
p1258
aVRT @thehill: GOP strategist on Trump Jr.: "My God, this kid was dropped on his head as a child!" https://t.co/m9UkQzo7NY https://t.co/B9ZMT\u2026
p1259
aVRT @kylegriffin1: Flashback: Watch Manafort, Don Jr., Conway, Pres. Trump, Priebus, and Lewandowski all denying Trump campaign contact with\u2026
p1260
aV@nathaanmoe Disgusting.
p1261
aVDavid Letterman: 'Figure out a way' to remove Trump from office - Fox News https://t.co/NOEGamKEma
p1262
aVRT @kurteichenwald: Never in history has a US president worked so hard to fight against the intel findings of every US ally to prove the in\u2026
p1263
aVRT @matthewjdowd: Umm, Jr, i have worked on over 100 campaigns and it is first time i have heard of someone meeting w/ foreign adversary to\u2026
p1264
aV@speechboy71 @GlobeOpinion Time for @HillaryClinton to lawyer up. Collusion is collusion. Treason is treason. HRC needs to be our president.
p1265
aVRT @thehill: Ex-Bush ethics lawyer on Trump Jr. Russia meeting: "This borders on treason" https://t.co/i9J9na4Bk5 https://t.co/QN2kJbEUM2
p1266
aVRT @JoyAnnReid: This will go down as the moment Russia's influence campaign yielded the ultimate result: an American president all but invi\u2026
p1267
aVRT @CoryBooker: Thanks Paul for your passionate input. May we both give the respect we hope to receive &amp; whenever possible, be kind (it's a\u2026
p1268
aVRT @JoeNBC: House Republicans that cave to Donald Trump by not passing a similar Russian sanctions bill are selling out America to Vladimir\u2026
p1269
aVRT @JoyAnnReid: At minimum, we now have a pattern: Trump campaign associates (and family members) seeking a Russian election assist via dir\u2026
p1270
aVDon't fall for the 'fake Trump' - CNN @realDonaldTrump #fraud  https://t.co/1ke5Kso6V8
p1271
aVPutin set a trap and Trump fell into it @CNN https://t.co/baQX9GtHKm @realDonaldTrump #fraud
p1272
aVRT @TheRickyDavila: Dear Robert Mueller,\u000a\u000aThanks to trump, America is in Putin's grasp. Treason infests the WH. Please hurry.\u000a\u000a-America &amp; T\u2026
p1273
aV@realDonaldTrump #globalembarrassment https://t.co/8Ivj6lpgKW
p1274
aVRT @kylegriffin1: Worth a watch: The full @maddow piece on how an ostensible top secret NSA doc submitted to the show is likely fake. https\u2026
p1275
aVRT @benjaminwittes: .@maddow has done a real public service with this piece--not merely not racing to publish but the public forensics. htt\u2026
p1276
aV@realDonaldTrump @POTUS @realDonaldTrump she was clearly disgusted by you.
p1277
aVRT @thehill: Outgoing ethics director: I don't have anything good to say about Trump's ethics program https://t.co/7CecP1OOEP https://t.co/\u2026
p1278
aVRT @SarahKSilverman: When the heads of the most powerful countries in the world see zero value in talking to the POTUS https://t.co/OMOxf7e\u2026
p1279
aVRT @thehill: Podesta: Trump should "have the backbone" to confront Russia for election meddling https://t.co/0FsdhsWa0n https://t.co/WPIQL2\u2026
p1280
aV@realDonaldTrump @POTUS Oh @realDonaldTrump they are all laughing at you.
p1281
aVRT @TheDweck: I can't believe the President of the United States met for over two hours with Donald Trump
p1282
aVRT @JoyAnnReid: Is president.\u000aGoes to foreign soil.\u000aLies about Americans and US intel community.\u000aSays "everyone is talking" about the fanta\u2026
p1283
aV@realDonaldTrump No @realDonaldTrump they are talking about what a joke you are. #fraud
p1284
aVRT @JoyAnnReid: How Ex-Spies Think Putin Will Sucker \u2018Sociopathic Narcissist\u2019 Trump https://t.co/CT9vufUGST via @thedailybeast
p1285
aVRT @JoyAnnReid: Another great point made on @TheLastWord: the head of the gov't ethics office resigned today because he believes the presid\u2026
p1286
aVRT @RonaldKlain: I agree with @realDonaldTrump .  Someone else may have been working with Russia in 2016.  LIKE THE TRUMP CAMPAIGN! https:/\u2026
p1287
aVRT @votevets: Remember outcry at @dixiechicks for criticizing US on foreign soil? This AM @potus attacked Obama, @CNN, &amp; intel community fr\u2026
p1288
aV@Morning_Joe When can his actions be considered treason??!!
p1289
aV@JoyAnnReid I don't think so ... @JoyAnnReid
p1290
aV@JuddLegum Where can we buy this?
p1291
aVRT @HillaryClinton: Right here. Includes radical provisions like how not to kick 23 mil ppl off their coverage. Feel free to run w/it.\u000ahttp\u2026
p1292
aV@realDonaldTrump lol. You are a real hero to us all. #ImpeachTrumpNow https://t.co/5pvF1CG1O0
p1293
aV@HillaryClinton Happy 4th of July to #ThePeoplesPresident
p1294
aVRT @billmaher: This is a tough 4th. Can I say for sure the country I love will survive the leader I hate? I cannot. OK, enuf gloom, go blow\u2026
p1295
aVTrump has dragged America into a permanent state of crisis - CNN #ImpeachTrumpNow @realDonaldTrump  https://t.co/mcoxk1YKYd
p1296
aVRT @andylassner: There's nothing less patriotic or Christian than still supporting this president. \u000a\u000a#25thAmendmentNow
p1297
aV@realDonaldTrump #GlobalEmbarrassment. https://t.co/NOVhp06MaN
p1298
aVRT @JoyAnnReid: The founders' ghosts must be wondering why they bothered writing the emoluments clause, and how a mad king still managed to\u2026
p1299
aV@realDonaldTrump @realDonaldTrump gosh you are a fraud and an embarrassment to the USA.
p1300
aVRT @OwenJones84: Donald Trump is planning to sneak into Britain to avoid protests. RT if you're willing to commit to protesting this bigot\u2026
p1301
aVRT @votevets: The journalists you attack, @realDonaldTrump, have stood beside us in combat, telling our stories. Many died doing their job.\u2026
p1302
aVRT @JoyAnnReid: Sorry but if you voted for this, or "protest voted" or you're covering for him in cowardly fashion in congress, you own it.\u2026
p1303
aV@realDonaldTrump you are truly pathetic #ImpeachTrumpNow https://t.co/eYgYZMNcKD
p1304
aV@SHSanders45 you and your Dad should be ashamed of yourselves. As Christian ppl and Americans @realDonaldTrump is a\u2026 https://t.co/2zxauPiAmz
p1305
aV@WhiteHouse @POTUS #ImpeachNow. @realDonaldTrump
p1306
aVThis is really sick and shows @realDonaldTrump is a warped human being. #ImpeachNow https://t.co/cgIR0KWSRx
p1307
aVRT @TheRealDratch: Every time someone says the president is a child or a toddler all I can think of is I've never met a child who's this mu\u2026
p1308
aV@realDonaldTrump @Morning_Joe @realDonaldTrump you are an embarrassment. A total embarrassment to the USA, republic\u2026 https://t.co/4mfzK8ZQMF
p1309
aVRT @JoeNBC: Yet another lie. I have texts from your top aides and phone records. Also, those records show I haven't spoken with you in many\u2026
p1310
aVRT @Rosie: - @realDonaldTrump - all ur wives and grown kids have had face work - i assumed u would be used to it - u deranged bitter orange\u2026
p1311
aVRT @morningmika: https://t.co/8YhzcCUwM1
p1312
aVRT @johnlegend: America elected a very shitty person to be President
p1313
aVRT @chrislhayes: Again, ten women came forward to say the president had grabbed/groped/assaulted them. The GOP shrugged and chanted "Lock h\u2026
p1314
aVRT @CoryBooker: This is cruel and unbecoming of a 10 year old, not to mention the President of our nation. Enough! Demonstrate dignity or l\u2026
p1315
aVRT @JebBush: Inappropriate. Undignified. Unpresidential. https://t.co/6iZFIfA5Hn
p1316
aVRT @brianstelter: For the record, this is a picture of @MorningMika at Mar-a-Lago at the time Trump is claiming she was "bleeding badly." h\u2026
p1317
aVRT @secupp: The President might not be alright. Happy, healthy people do not behave like this.
p1318
aV@HillaryClinton @HillaryClinton please keep fighting for us. Still praying for a constitutional crisis and you will\u2026 https://t.co/mFWNWIBV7i
p1319
aVRT @rolandscahill: Kathy Griffin lost her career over a bad joke- so should Donald Trump
p1320
aVRT @JoyAnnReid: We are being stripped, daily, of our national dignity, by a man who won't even defend our sovereignty against a foreign pow\u2026
p1321
aVRT @BeschlossDC: George Washington wrote John Adams in 1789 that a President of the United States must "maintain the dignity of Office."
p1322
aVRT @JoyAnnReid: But you're still gonna protect him by trying to scuttle the FBI investigation into Russiagate, yeah? https://t.co/m4DXq5bKNr
p1323
aV@LindseyGrahamSC @LindseyGrahamSC then stop being a coward and impeach him.
p1324
aV@realDonaldTrump @Morning_Joe @realDonaldTrump you are just pathetic. Pathetic.
p1325
aVRT @JoyAnnReid: The mind that produced this gem now advises the U.S. president... who is also her dad and a reality TV star. Giant comet, w\u2026
p1326
aVRT @RWPUSA: I just received an email from POTUS calling CNN the "Fake News Network". I have never seen a president behave this way. Somethi\u2026
p1327
aVRT @JoyAnnReid: This should not be legal. The end. https://t.co/2jRyONVqkR
p1328
aVRT @JoyAnnReid: Now following @BrianKarem - who was every political reporter today. https://t.co/yJC2IXDKi4
p1329
aVRT @KamalaHarris: This is because of you, but our fight is far from over. Keep up the pressure. Keep up the calls: (202) 224-3121. Health c\u2026
p1330
aVRT @JoyAnnReid: .@realDonaldTrump is despised the world over. He is hurting America's global image, @pewresearch finds: https://t.co/RmYZEe\u2026
p1331
aV@SarahKSilverman Please do not refer to him as "President"
p1332
aVRT @ClintonFdn: For 15+ years, we\u2019ve empowered people to build better futures for themselves, their families &amp; their communities \u2192 https://\u2026
p1333
aVRT @JoyAnnReid: More... https://t.co/TBHHQfO1G3
p1334
aV@JoyAnnReid I love your tweets!! https://t.co/GlKgfx3iny
p1335
aVRT @soledadobrien: America is pretty great already. Though I have serious concerns about the racists and bigots that for some reason seem e\u2026
p1336
aV@realDonaldTrump please go away. Seriously just go far far away. https://t.co/AGiEoKsr6S
p1337
aVRT @SallyQYates: My first tweet as a private citizen. Read my op-ed responding to AG Sessions on the need for criminal justice reform https\u2026
p1338
aVRT @JoyAnnReid: Sweetie I'm busy. I don't have time to play with you. Maybe one of the Murdoch kids has time (you still work for NewsCorp?)\u2026
p1339
aVRT @HillaryClinton: Forget death panels. If Republicans pass this bill, they're the death party. https://t.co/jCStfOaBjy
p1340
aVRT @thehill: WATCH: Former Bush aide calls Trump a "cyberbully" who destroyed the GOP https://t.co/yMTuJoVhXR https://t.co/U72JKhzfvN
p1341
aVRT @JoyAnnReid: Trump's clown show is the cover; the disastrous distraction. But it's Ryan, McConnell &amp;the billionaire Mercers, Kochs etc d\u2026
p1342
aVRT @JoeNBC: The GOP bills raise deductibles, cuts coverage and slashes Medicaid. Trump promised repeatedly to voters he would do none of th\u2026
p1343
aVRT @DebraMessing: Maddow Drops Election Bombshell: FBI Official at Center of Debunked Clinton Email Scandal was Paid By Michael Flynn -http\u2026
p1344
aV@kathygriffin keep moving. Keep going. This too shall pass. Jimmy Fallon wants you on his show. On @HowardStern thi\u2026 https://t.co/vu6zZoXFJL
p1345
aVRT @KamalaHarris: Even when times get tough, we must continue to have courage \u2014 as we speak truth and fight for what we know is right.
p1346
aV@realDonaldTrump https://t.co/mcvzDUKTvT
p1347
aVRT @Impeach_D_Trump: NEW AP POLL - Trump's Disapproval Now at a Staggering 64%\u000a\u000aRETWEET to @realDonaldTrump
p1348
aV#LockHimUp @realDonaldTrump #LockHimUp. You'll be stripped of the title president forever by the time this is throu\u2026 https://t.co/ufxfgFQMHf
p1349
aVRT @JohnDingell: The President of the United States of America is under criminal investigation.
p1350
aV@realDonaldTrump #LockHimUp @realDonaldTrump #LockHimUp
p1351
aV@realDonaldTrump Because her dealings with Russia, if there were any, were not illegal. #LockHimUp.
p1352
aV@realDonaldTrump #LockHimUp #LockHimUp #LockHimUp #LockHimUp
p1353
aVRT @HillaryClinton: 2 sides take the field tomorrow, but we're all ultimately on one team.\u000a\u000aMy thoughts are with the members of Congress, s\u2026
p1354
aVRT @JoyAnnReid: Another tweet that hasn't aged well. And remember all the anti-Obama rallies with AR-15s and "blood of tyrants" signs? Our\u2026
p1355
aVRT @RVAwonk: JUST IN --&gt; Russian cyberattack on US electoral systems "far more widespread than has been publicly revealed." https://t.co/Cu\u2026
p1356
aVRT @KamalaHarris: While everyone's focused on Russia, we can't forget the GOP is trying to pass a healthcare bill that would take away insu\u2026
p1357
aVRT @KamalaHarris: \u201cI don\u2019t know.\u201d \u000a\u201cI don\u2019t recall.\u201d \u000a\u201cI don\u2019t remember.\u201d \u000aDid you refresh your memory with any written documents? #Session\u2026
p1358
aVRT @KamalaHarris: It was a simple question. Can Sessions point to the policy, in writing, that allows him to not answer a whole host of our\u2026
p1359
aVRT @HillaryClinton: Americans deserve to know what's in the GOP health care plan.\u000aHold hearings &amp; be accountable to your constituents.\u000aThat\u2026
p1360
aVGod you are an embarrassment @realDonaldTrump https://t.co/5XJi50H7gZ
p1361
aVRT @KamalaHarris: RT if you agree: the Senate GOP's decision to hide their health care plan is undemocratic, dangerous, and just plain wron\u2026
p1362
aVRep. Gutirrez calls Trump a con artist - CNN @realDonaldTrump #Trumptheconartist  https://t.co/RYnSxNGZp4
p1363
aV@realDonaldTrump @realDonaldTrump you are the coward
p1364
aVRT @RealRonHoward: can we imagine what the outcry would've been if this was any of previous 4 or 5 administrations? Would #PrezRegan have a\u2026
p1365
aVRT @JoyAnnReid: Heh... https://t.co/zDG7n39Ghn
p1366
aVRT @JoyAnnReid: Trump: "I'm committing us to Article V" ... um, dude, we're a NATO signatory. We're already committed to it. You didn't do\u2026
p1367
aV@realDonaldTrump https://t.co/0KvJhFFFYj
p1368
aV@realDonaldTrump @realDonaldTrump @POTUS #LockHimUp #LockHimUp #LockHimUp #LockHimUp
p1369
aV@SpeakerRyan "he's new at this" think of your kids when making statements like this and supporting Trump. Have a backbone.
p1370
aV#LockHimUp @realDonaldTrump
p1371
aVRT @JoeNBC: Trump asks the nation\u2019s top intelligence official to kill the FBI's Trump-Russia investigation.  https://t.co/EAUowNELuD
p1372
aVhttps://t.co/bWKjz0PPYA
p1373
aV@realDonaldTrump horribly ashamed and embarrassed. https://t.co/XgT4PvzlQo
p1374
aVNever @HillaryClinton #constitutionalcrisis #presidenthillary https://t.co/ul5a5X8Flb
p1375
aVRT @HillaryClinton: After acts of unspeakable cruelty &amp; cowardice, the people of London &amp; the UK choose resolve over fear. Your friends in\u2026
p1376
aVCNN host calls President Trump 'a piece of s---' https://t.co/K6UrQ7qzXL
p1377
aVRT @BenedictTown: As a proud Londoner I would invite you to absolutely go fuck yourself for attempting to capitalise on our tragedy for you\u2026
p1378
aV@MaxineWaters #getreadyforimpeachment
p1379
aVRT @MaxineWaters: Trump can unleash the full force of Fox, fringe, &amp; fake news media on me all he wants. I'm not going anywhere! #getreadyf\u2026
p1380
aVRT @tonyposnanski: The left was outraged with Kathy Griffin...\u000a\u000aI just wish the right was outraged with Ted Nugent.
p1381
aVRT @JoeNBC: President Bannon and his obsequious aide sit at 39%. How long will the Bannon WH stupidly play to just its base? https://t.co/J\u2026
p1382
aVRT @JuddApatow: Kathy Griffin is a great person who made an error in comedic judgment. She is not a climate denier trying to take away peop\u2026
p1383
aVRT @jaketapper: Indecent behavior should be condemned -- including not just faux presidential beheadings but, say, mocking the disabled or\u2026
p1384
aVRT @brianbeutler: Sasha Obama was nine years old when you commandeered the racist birther conspiracy theory. https://t.co/6z3LyGjOlz
p1385
aVRT @HillaryClinton: People in covfefe houses shouldn't throw covfefe. https://t.co/M7oK5Z6qwF
p1386
aV@realDonaldTrump You are a fraud.
p1387
aV#thepeoplespresident @HillaryClinton https://t.co/ffehhkHuHQ
p1388
aVRT @JoeNBC: Germany was our indispensable ally throughout the Cold War. They remain so today. Someone should tell the president. https://t.\u2026
p1389
aVMake a Donation https://t.co/0JhKOetMaS
p1390
aVToday and always @HillaryClinton #thepeoplespresident. Keep fighting.
p1391
aVThank you @ChelseaClinton. I just donated. https://t.co/GM4wITStN2
p1392
aV#indicttrump @realDonaldTrump A Constitutional Puzzle: Can the President Be Indicted? - The New York Times https://t.co/XFp9j5wbws
p1393
aVGO @ChelseaClinton. Keep fighting ... for your Mom and for all of us. U don't receive more than 3mil more votes&amp; lo\u2026 https://t.co/ZFX9zL6eOC
p1394
aVRT @JoeNBC: Donald Trump's trip was the most damaging for American interests abroad since JFK's disastrous 1961 Vienna summit with Khrushch\u2026
p1395
aVRT @thehill: Fomer Bush ethics lawyer tweets link to federal prison suggesting it as Trump's new "Winter White House" https://t.co/gpcYFbkc\u2026
p1396
aV@realDonaldTrump @IvankaTrump who will you stand by Ivanka? Your crooked dad or your husband who was put into this\u2026 https://t.co/vyzkKOpgts
p1397
aVThese leaders were laughing at you Donald bc u r a fraud. https://t.co/aMH9Ud1gFR
p1398
aVYou are a fraud. https://t.co/YtUrB83FTA
p1399
aV@justanavywife @realDonaldTrump @MELANIATRUMP @IvankaTrump @DonaldJTrumpJr @EricTrump @TiffanyATrump\u2026 https://t.co/j38f8YFnkW
p1400
aV@realDonaldTrump Fraud.
p1401
aV@realDonaldTrump Comey's father is right! https://t.co/sEJqmqce2v
p1402
aV@realDonaldTrump you are never protecting our interests. You are protecting your own. https://t.co/gkfwbqbrte
p1403
aVRT @MsShannonFisher: "This was a counter-intelligence investigation. It is now a criminal investigation."~ Senator Lindsey Graham after mee\u2026
p1404
aV@JoeLieberman you should be ashamed of yourself for considering to serve Trump instead you should be fighting to get him out of office.
p1405
aVRT @JasonKander: Born rich, dodged the draft, inherited the family business, and he tells graduates at a military academy about how tough h\u2026
p1406
aV@GovMikeHuckabee You are a sad man. How about stand up for republicans and democrats and get Trump out of office.
p1407
aVRT @JoyAnnReid: At what point does the public have the right to at least inquire as to the stability of the president? Seems a fair questio\u2026
p1408
aV@realDonaldTrump you are so desperate. #impeachnow https://t.co/Cjw2MyqIuD
p1409
aVRT @maddow: Hm!\u000a\u000ahttps://t.co/K4NPs8PKFX https://t.co/E8wRXRrIep
p1410
aVRT @JoeNBC: "Comey\u2019s firing has shaken me very deeply. No aspect has shaken me more than the apparent corruption of Rosenstein." https://t.\u2026
p1411
aV@realDonaldTrump Children will listen #fraud. https://t.co/pUhM3WntXd
p1412
aV@SenFeinstein please ask Clapper and Yates if they feel the Trump campaign colluded with the Russians to win the US election.
p1413
aVRT @CNNPolitics: Here's a (partial) list of all the pre-existing conditions the GOP bill may not cover https://t.co/drqWCXelqD https://t.co\u2026
p1414
aV@realDonaldTrump https://t.co/jEpbaP8Jvu
p1415
aVIs this real? https://t.co/ik4zBCM0qA
p1416
aV@realDonaldTrump you are so pathetic. https://t.co/9gWICWIekj
p1417
aVI just donated to 2017 Your Next Step is the Cure SF! The Bonnie J. Addario Lung Cancer Foundation today! https://t.co/XxNKR3ovbT
p1418
aV@elizabethforma Senator Warren please continue to be focused on uncovering the collusion between the Trump Campaign\u2026 https://t.co/ig4yBtarAd
p1419
aVRT @thehill: First three months of Trump's presidency saw weakest economic growth in three years: https://t.co/etg6WLaApn https://t.co/68q8\u2026
p1420
aV@realDonaldTrump and so it begins. Trump voter: 'Make America great' is a myth @CNNPolitics https://t.co/vnZXLtkQiL
p1421
aVKeep on lying big, I mean, little guy. @realDonaldTrump https://t.co/IJnPUIf0Xj
p1422
aVThis is what a president looks like. https://t.co/R2t96caZum
p1423
aV@realDonaldTrump. Trump businesses. https://t.co/kAsFUT7jui
p1424
aVOpinion | Stanley McChrystal: Save PBS. It Makes Us Safer. - The New York Times https://t.co/y87ZEGyU3D
p1425
aVRT @JoeNBC: Trump Support Plunges to 34%  https://t.co/Jqq0HZ3fPT
p1426
aV@realDonaldTrump  https://t.co/7nb71Ys8sU
p1427
aVRT @ava: He's lost and scared. The fear and desperation is palpable. People who are afraid make dangerous, limited decisions. https://t.co/\u2026
p1428
aVRT @JoeNBC: My love for this man grows by the day. \u000a\u000a\u201cThat was some weird shit.\u201d \u000a~Bush 43 on Trump's inaugural address https://t.co/b1FezZ\u2026
p1429
aVRT @rolandscahill: Trump has made Richard Nixon look ethical, George W Bush look like a scholar, and William Howard Taft look skinny
p1430
aV@HillaryClinton keep fighting. #thepeoplespresident. https://t.co/5oWDIbdWOf
p1431
aVRT @HillaryClinton: These are more than statistics, they\u2019re American lives at risk because this administration willfully ignores the scienc\u2026
p1432
aV@realDonaldTrump you are a fraud and your supporters are slowly coming around to realize it. You will be out of off\u2026 https://t.co/Z2mLB21Yq3
p1433
aV@realDonaldTrump you are a joke. https://t.co/7gX9a3YFo0
p1434
aV@realDonaldTrump another failure in your short presidency.
p1435
aV@SpeakerRyan you are supporting a man that won't be president in 24 months. Have a back bone for goodness sakes. https://t.co/P3ktToyKpg
p1436
aV@TheEllenShow I love you, Ellen but joking about Russia affecting our election is not funny. https://t.co/BRegiZQgyj
p1437
aV@realDonaldTrump you are a fraud. https://t.co/MzwfJuCRyz
p1438
aV@realDonaldTrump YOU GOT SWAMPED. https://t.co/24bChc7NAM
p1439
aVRT @AdamParkhomenko: This is a video my son sang and sent to Hillary. Too soon! Some will say. But the next generation carries on by our si\u2026
p1440
aV@realDonaldTrump https://t.co/TPEE0kYzH9
p1441
aVRT @JoeNBC: I had said Friday was the worst day of Donald Trump's presidency. I was wrong. It is today.
p1442
aVRT @SarahLerner: I feel like we don't talk enough about how Hillary Clinton wouldn't have any foreign agents or Nazis in her motherfucking\u2026
p1443
aV@realDonaldTrump https://t.co/4BycViLTJl
p1444
aV@realDonaldTrump https://t.co/JwPbwSvwhO
p1445
aV@realDonaldTrump And most old voters too. https://t.co/WveEiXeAzQ
p1446
aVRT @JoeNBC: He made a fool of himself. https://t.co/wepwvYUd7N
p1447
aV@HillaryClinton you are #thepeoplespresident. https://t.co/IqpiU621Qd
p1448
aV@realDonaldTrump you do not represent the USA and will never be accepted by the world or more than half of the USA.\u2026 https://t.co/u8XrqORYxL
p1449
aVRT @thehill: McDonald's tweets to Trump: 'You are actually a disgusting excuse of a President' https://t.co/iM50foEe21 https://t.co/RKMTISc\u2026
p1450
aV@TODAYshow Shame on you for allowing this fraud @KellyannePolls on your show. https://t.co/mixvT3hzDu
p1451
aV@tedcruz you should be ashamed of yourself Lying Ted. This man shouldn't be allowed 5 feet from your daughters.
p1452
aV@tedcruz https://t.co/NctGmKyL06
p1453
aV@ https://t.co/OcBi3N7nqj
p1454
aVRT @BernieSanders: Let\u2019s call Trump's travel ban what it is: A racist and anti-Islamic attempt to divide us up.
p1455
aVRT @JoeNBC: His tweets this weekend suggest the president is not crazy like a fox. \u000aJust crazy.
p1456
aV@ https://t.co/RYOafOnbgr
p1457
aVRT @jaketapper: POTUS makes wild accusation w/zero evidence\u000aWH searches for evidence &amp; cant find any\u000aWH tells Congress to find evidence/no\u2026
p1458
aVRT @JoeNBC: Did Trump trash the 44th President and slime American democracy based on a conspiracy theory pushed on talk radio and website?\u2026
p1459
aVRT @JoeNBC: When a reality TV star pushes that conspiracy, it's disgusting. When a sitting president behaves the way he has this weekend, i\u2026
p1460
aVWhat r electd ldrs 2 do about a prez that is delusional and always lying. Time for all to be together to get this crzy man out of the WH.
p1461
aV@realDonaldTrump this is not true but there should have been a wire tap of your phones to unveil your ties to Russia. You are delusional.
p1462
aVRT @brianklaas: Trump returns to Mar-a-Lago today, the 4th self-enriching trip of last 6 weekends. Each visit costs taxpayers $3m. Hypocris\u2026
p1463
aVRT @JuddApatow: How many jobs could you create with three million a weekend? How many kids could you educate?  How many homeless people cou\u2026
p1464
aV@realDonaldTrump you are making Russia great. Collusion is illegal. https://t.co/3vs0mmRYIi
p1465
aVRT @HillaryClinton: Thanks to Pres Johnson &amp; the entire Wellesley community. And congrats to Wellesley's first NCAA crew champions, thanks\u2026
p1466
aV@realDonaldTrump it is so shameful that all you do is lie.
p1467
aV@realDonaldTrump you are lying.
p1468
aVRT @kurteichenwald: Now Jared Kushner met with the Russians? At what point do trump supporters finally say "wait. This is weird. Particular\u2026
p1469
aVRT @JoeNBC: Obama Administration Rushed to Spread Info on Trump Aides, via @nytimes https://t.co/lzJXj1WvZj
p1470
aVRT @nytmike: British and Dutch provided US w/ intel showing Trump associates met w/ Russian govt officials in European cities https://t.co/\u2026
p1471
aVRT @HillaryClinton: With threats &amp; hate crimes on rise, we shouldn't have to tell @POTUS to do his part. He must step up &amp; speak out.\u000ahttps\u2026
p1472
aVRT @HillaryClinton: Trump's own @DHSgov confirmed this weekend that the ban doesn't enhance security.\u000aBut it foments fear &amp; resentment.\u000ahtt\u2026
p1473
aV@realDonaldTrump The Truth is Hard. Trump Lashes Out at New York Times Ad Set to Air on the Oscars Tonight https://t.co/SV8v3OOcUF
p1474
aVRT @thehill: Sanders trolls Trump for claiming his rallies would be 'the biggest' https://t.co/41juUhMz0i https://t.co/H7oEJKTtt7
p1475
aVRT @ChelseaClinton: This makes me feel sick. Horrified that this is America in 2017. https://t.co/xZ1Ekb47u7
p1476
aV@HillaryClinton Now that is a President. Thank you. #thepeoplepresident https://t.co/IM7sCTqtR4
p1477
aVRT @kylegriffin1: Reminder\u2014 Clinton camp put out a 6 minute vid detailing Trump's alleged Russian ties a month before the election. https:/\u2026
p1478
aVRT @ChelseaClinton: &lt;2 months into 2017: JCC bomb threats, synagogue defamed, subway swastikas, Jewish cemetery desecrated. NOW will Trump\u2026
p1479
aVRT @HillaryClinton: JCC threats, cemetery desecration &amp; online attacks are so troubling &amp; they need to be stopped. Everyone must speak out,\u2026
p1480
aVRT @ava: So, we shouldn't trust the press. And he wants to talk to Americans directly. Gotcha. Let's listen to his own words. https://t.co/\u2026
p1481
aVRT @ava: Live footage of a certain "critic" being schooled by both Black Twitter + Film Twitter. Love to the Moonlight crew. https://t.co/8\u2026
p1482
aVLeave Chelsea Clinton alone. She didn't do anything to you. https://t.co/chRtjkK8LS
p1483
aVPresident Trump, White House Apprentice https://t.co/Vcp8OGh2cz @HillaryClinton please help us. #thepeoplespresident
p1484
aV@realDonaldTrump. Come on. Resign already.  https://t.co/D0iGsmJgXT
p1485
aVU.S. inquiries into Russian election hacking include three FBI probes - Reuters. Just the beginning folks.  https://t.co/nZPxPwewRX
p1486
aVRT @HillaryClinton: If you're studying global health, or just want to feed your inner wonk, check out my wonderful daughter &amp; @devisridhar'\u2026
p1487
aVHypocrite. @realDonaldTrump https://t.co/MyqVMBbmb4
p1488
aVRT @thehill: Russian tabloid: You need to be drunk to understand Trump https://t.co/athvP9DMfB https://t.co/rL3eg0VUG0
p1489
aVRT @JoeNBC: Conservatives, feel free to speak up for the Constitution anytime the mood strikes. It is time. https://t.co/0mfHUQ03yO
p1490
aVRT @JoeNBC: FWIW, Republicans on the Hill were panicked behind the scenes by Trump's performance today.
p1491
aVGOP senator suggests Trump consult therapist in text to CNN https://t.co/iG3rBz9hUb @realDonaldTrump complete insanity.
p1492
aVRT @ChelseaClinton: One would think he would have thought of an answer since yesterday. Here's one: There's no place for any bigotry, ever,\u2026
p1493
aVRT @laurenduca: Please read Dan Rathers's post on the Russia scandal, then send it to every last Trump supporter you know. \u000a\u000aThis is not a\u2026
p1494
aV'Telephone terrorism' rattles 48 Jewish centers @CNN https://t.co/UJKS1n41M1.
p1495
aV@ChelseaClinton @HillaryClinton the world stands in solidarity with you. @HillaryClinton #thepeoplepresident. https://t.co/GuXkwiecmU
p1496
aVRT @NewYorker: .@BorowitzReport: Trump Says He Has Been Treated Very Unfairly by People Who Wrote Constitution https://t.co/ZmTostL1u0
p1497
aVIs this a joke? What has happened tothe United States of America. https://t.co/vacZN38VCX
p1498
aVRT @thehill: Poll: Trump's historically low approval rating continues to drop https://t.co/syZ9iYoGbH https://t.co/iPe6txbHOV
p1499
aVRT @ConanOBrien: Remember when the President of the United States was smarter and more even-tempered than you?
p1500
aVAndrew Sullivan says journalists should be talking about Trump's mental health  - CNNMoney https://t.co/VI0E5YLk9e
p1501
aV@realDonaldTrump just stop already. You are an embarrassment to the USA. Focus on the serious issues at hand.
p1502
aV@realDonaldTrump like now. https://t.co/FgVEbNIRV4
p1503
aVRT @JuddApatow: And we love @SenWarren and we are on to you because you are a racist and a criminal who will face justice before your days\u2026
p1504
aVRT @paulfeig: Let's let this sink in for a few terrible hours. #SaveTheNEA https://t.co/COqdNxwlmM
p1505
aVRT @ava: This. https://t.co/OzfOChqoRt
p1506
aVRT @thehill: Sanders shreds Trump over attacks on judiciary: Trump "does not understand" the Constitution https://t.co/RdVHbWQPjT https://t\u2026
p1507
aVRT @jk_rowling: .@piersmorgan If only you'd read Harry Potter, you'd know the downside of sucking up to the biggest bully in school is gett\u2026
p1508
aVRT @JuddApatow: Trump knew.  He did it on Trump's instructions.Trump knew. He did it on Trump's instructions. Trump knew.  He did it on Tru\u2026
p1509
aVRT @CoryBooker: Sad state of affairs that our President @realDonaldTrump has expressed more displeasure with @Nordstrom than he has with Pu\u2026
p1510
aV@realDonaldTrump for God's sake grow up and be a leader. https://t.co/LHt97sgoCq
p1511
aVRT @HillaryClinton: "She was warned. She was given an explanation. Nevertheless, she persisted."\u000a\u000aSo must we all.\u000a\u000ahttps://t.co/JXROGHPNkH
p1512
aVIt is called lying @realDonaldTrump https://t.co/fcSriobjs4
p1513
aVRT @JuddApatow: Retweet this! Watch this! https://t.co/pYv1F3JUDV
p1514
aVRT @danagould: https://t.co/6PQDErIO7I
p1515
aVRT @kurteichenwald: Trump has either repeatedly committed perjury or he lives in a fantasy world. There is no third choice.  https://t.co/l\u2026
p1516
aVRT @RepAdamSchiff: This "so-called" judge was nominated by a "so-called" President &amp; was confirmed by the "so-called" Senate. Read the "so-\u2026
p1517
aV@KellyannePolls it wasn't an honest mistake. You lied and thought you could get away with it. Resign already.
p1518
aV@KellyannePolls @ChelseaClinton has more intelligence and class in her little finger than you do in your entire, sad being. Stop lying.
p1519
aVRT @Evan_McMullin: Retweet if you'd trade @realDonaldTrump for a refugee any day of the week. \U0001f1fa\U0001f1f8 https://t.co/3JVHrHqzJV
p1520
aVSeriously. https://t.co/CQ2lRaqEZj
p1521
aVCongratulations to all of you that voted for Jill Stein snd Gary Johnson. Hope you are happy with who you elected.
p1522
aVThank you @HillaryClinton. #ThePeoplesPresident. https://t.co/wR8lUWIlPJ
p1523
aVRT @thehill: Rob Reiner: Trump "out of his f---ing mind" https://t.co/g6l6zvwa7a https://t.co/fUPh9hXXsR
p1524
aVAgree @JuddApatow @cnn https://t.co/co5bnaCFS7
p1525
aVRT @GhostPanther: And the fact that they did it on Holocaust Memorial Day...\u000athe most vile thing I've seen in a long, long time.\u000a\u000a#MuslimBan
p1526
aV@POTUS https://t.co/ZSDtvLYuRb
p1527
aVRT @ChelseaClinton: Yes, it is. Thank you Jake for your leadership. https://t.co/Hztzze2BBh
p1528
aVRT @Pontifex: The Kingdom of God is already in our midst like a hidden seed. Anyone with pure eyes can see it blossom.
p1529
aV@realDonaldTrump @POTUS you are doing this in response to Chicago's mayor being critical of you. Your ego can't bring down a strong city.
p1530
aVSeriously. Stop lying. And people actually believe this guy. https://t.co/BSngvh5WC1
p1531
aVConway: Trump White House offered 'alternative facts' on crowd size @CNNPolitics https://t.co/WRj91suEf3. Alternative facts = lies @POTUS
p1532
aV@POTUS stop LYING to the American public. Your crowds were not good. Face the facts. https://t.co/fE0l4IW4ke
p1533
aVRT @JoeNBC: A president who speaks from hallowed ground at Langley about crowd size and press coverage may soon see his ratings drop into t\u2026
p1534
aV@POTUS it will also be known as the day a man lost the popular vote by 2.9 mil votes. @HillaryClinton #ThePeoplesPresident.
p1535
aVRT @HillaryClinton: I stand w/ Nora Harren, a 17-year  from Boise, ID, &amp; every person marching for our values today. Onward! \u270a\u270a\U0001f3fe\u270a\U0001f3fd\u2728 #Womens\u2026
p1536
aV@HillaryClinton #ThePeoplesPresident. Thank you. @womensmarch
p1537
aVRT @HillaryClinton: Thanks for standing, speaking &amp; marching for our values @womensmarch. Important as ever. I truly believe we're always S\u2026
p1538
aV@jasoninthehouse you are the problem with the USA and our government and should be ashamed of yourself.
p1539
aVNo doubt, the wrong person took the oath of office today. HRC won. Period. One day it will be proven. Wish him success though for the USA.
p1540
aVhttps://t.co/iSKcuRlkuz
p1541
aVRT @JuddApatow: Melody-- you are about to be one of millions who discover you got conned and this President's policies are about to hurt yo\u2026
p1542
aVNeed hotel recommendations for Lagos, Portugal. Please.
p1543
aVRT @repjohnlewis: Even though I was arrested, I smiled bc I was on the right side of history. Find a way to get in the way #goodtrouble htt\u2026
p1544
aVRT @thehill: Number of Democratic lawmakers boycotting Trump's inauguration grows: https://t.co/vExCqW78lc https://t.co/mms1gOJXY2
p1545
aV#ThePeople'sPresident https://t.co/lPFWuA9NKP
p1546
a.